[    0.000000] Linux version 6.4.0-next-20230629-rgilles_torvalds (root@rgilles) (gcc (GCC) 12.2.0, GNU ld (GNU Binutils) 2.39) #1 SMP PREEMPT_DYNAMIC Thu Jun 29 16:47:44 CEST 2023
[    0.000000] Command line: BOOT_IMAGE=/vmlinuz-6.4.0-next-20230629-rgilles_torvalds root=PARTUUID=242f11bc-02 ro nomodeset vga=789
[    0.000000] KERNEL supported cpus:
[    0.000000]   Intel GenuineIntel
[    0.000000]   AMD AuthenticAMD
[    0.000000]   Hygon HygonGenuine
[    0.000000]   Centaur CentaurHauls
[    0.000000]   zhaoxin   Shanghai  
[    0.000000] BIOS-provided physical RAM map:
[    0.000000] BIOS-e820: [mem 0x0000000000000000-0x000000000009fbff] usable
[    0.000000] BIOS-e820: [mem 0x000000000009fc00-0x000000000009ffff] reserved
[    0.000000] BIOS-e820: [mem 0x00000000000f0000-0x00000000000fffff] reserved
[    0.000000] BIOS-e820: [mem 0x0000000000100000-0x000000007ffddfff] usable
[    0.000000] BIOS-e820: [mem 0x000000007ffde000-0x000000007fffffff] reserved
[    0.000000] BIOS-e820: [mem 0x00000000b0000000-0x00000000bfffffff] reserved
[    0.000000] BIOS-e820: [mem 0x00000000fed1c000-0x00000000fed1ffff] reserved
[    0.000000] BIOS-e820: [mem 0x00000000feffc000-0x00000000feffffff] reserved
[    0.000000] BIOS-e820: [mem 0x00000000fffc0000-0x00000000ffffffff] reserved
[    0.000000] BIOS-e820: [mem 0x0000000100000000-0x000000017fffffff] usable
[    0.000000] NX (Execute Disable) protection: active
[    0.000000] SMBIOS 2.8 present.
[    0.000000] DMI: QEMU Standard PC (Q35 + ICH9, 2009), BIOS 1.15.0-1 04/01/2014
[    0.000000] Hypervisor detected: KVM
[    0.000000] kvm-clock: Using msrs 4b564d01 and 4b564d00
[    0.000000] kvm-clock: using sched offset of 5821443719146 cycles
[    0.000002] clocksource: kvm-clock: mask: 0xffffffffffffffff max_cycles: 0x1cd42e4dffb, max_idle_ns: 881590591483 ns
[    0.000003] tsc: Detected 2419.200 MHz processor
[    0.000476] e820: update [mem 0x00000000-0x00000fff] usable ==> reserved
[    0.000478] e820: remove [mem 0x000a0000-0x000fffff] usable
[    0.000482] last_pfn = 0x180000 max_arch_pfn = 0x400000000
[    0.000520] MTRR map: 4 entries (3 fixed + 1 variable; max 19), built from 8 variable MTRRs
[    0.000523] x86/PAT: Configuration [0-7]: WB  WC  UC- UC  WB  WP  UC- WT  
[    0.000573] last_pfn = 0x7ffde max_arch_pfn = 0x400000000
[    0.005174] found SMP MP-table at [mem 0x000f5b70-0x000f5b7f]
[    0.005210] Using GB pages for direct mapping
[    0.005312] ACPI: Early table checksum verification disabled
[    0.005316] ACPI: RSDP 0x00000000000F59A0 000014 (v00 BOCHS )
[    0.005322] ACPI: RSDT 0x000000007FFE2404 000038 (v01 BOCHS  BXPC     00000001 BXPC 00000001)
[    0.005326] ACPI: FACP 0x000000007FFE21E4 0000F4 (v03 BOCHS  BXPC     00000001 BXPC 00000001)
[    0.005331] ACPI: DSDT 0x000000007FFE0040 0021A4 (v01 BOCHS  BXPC     00000001 BXPC 00000001)
[    0.005333] ACPI: FACS 0x000000007FFE0000 000040
[    0.005335] ACPI: APIC 0x000000007FFE22D8 000090 (v01 BOCHS  BXPC     00000001 BXPC 00000001)
[    0.005337] ACPI: HPET 0x000000007FFE2368 000038 (v01 BOCHS  BXPC     00000001 BXPC 00000001)
[    0.005339] ACPI: MCFG 0x000000007FFE23A0 00003C (v01 BOCHS  BXPC     00000001 BXPC 00000001)
[    0.005340] ACPI: WAET 0x000000007FFE23DC 000028 (v01 BOCHS  BXPC     00000001 BXPC 00000001)
[    0.005342] ACPI: Reserving FACP table memory at [mem 0x7ffe21e4-0x7ffe22d7]
[    0.005343] ACPI: Reserving DSDT table memory at [mem 0x7ffe0040-0x7ffe21e3]
[    0.005343] ACPI: Reserving FACS table memory at [mem 0x7ffe0000-0x7ffe003f]
[    0.005344] ACPI: Reserving APIC table memory at [mem 0x7ffe22d8-0x7ffe2367]
[    0.005344] ACPI: Reserving HPET table memory at [mem 0x7ffe2368-0x7ffe239f]
[    0.005345] ACPI: Reserving MCFG table memory at [mem 0x7ffe23a0-0x7ffe23db]
[    0.005345] ACPI: Reserving WAET table memory at [mem 0x7ffe23dc-0x7ffe2403]
[    0.005557] No NUMA configuration found
[    0.005558] Faking a node at [mem 0x0000000000000000-0x000000017fffffff]
[    0.005560] NODE_DATA(0) allocated [mem 0x17fffa000-0x17fffdfff]
[    0.005626] Zone ranges:
[    0.005626]   DMA      [mem 0x0000000000001000-0x0000000000ffffff]
[    0.005627]   DMA32    [mem 0x0000000001000000-0x00000000ffffffff]
[    0.005628]   Normal   [mem 0x0000000100000000-0x000000017fffffff]
[    0.005629] Movable zone start for each node
[    0.005630] Early memory node ranges
[    0.005630]   node   0: [mem 0x0000000000001000-0x000000000009efff]
[    0.005631]   node   0: [mem 0x0000000000100000-0x000000007ffddfff]
[    0.005632]   node   0: [mem 0x0000000100000000-0x000000017fffffff]
[    0.005633] Initmem setup node 0 [mem 0x0000000000001000-0x000000017fffffff]
[    0.005637] On node 0, zone DMA: 1 pages in unavailable ranges
[    0.005657] On node 0, zone DMA: 97 pages in unavailable ranges
[    0.013170] On node 0, zone Normal: 34 pages in unavailable ranges
[    0.013887] ACPI: PM-Timer IO Port: 0x608
[    0.013903] ACPI: LAPIC_NMI (acpi_id[0xff] dfl dfl lint[0x1])
[    0.013950] IOAPIC[0]: apic_id 0, version 17, address 0xfec00000, GSI 0-23
[    0.013953] ACPI: INT_SRC_OVR (bus 0 bus_irq 0 global_irq 2 dfl dfl)
[    0.013954] ACPI: INT_SRC_OVR (bus 0 bus_irq 5 global_irq 5 high level)
[    0.013955] ACPI: INT_SRC_OVR (bus 0 bus_irq 9 global_irq 9 high level)
[    0.013956] ACPI: INT_SRC_OVR (bus 0 bus_irq 10 global_irq 10 high level)
[    0.013957] ACPI: INT_SRC_OVR (bus 0 bus_irq 11 global_irq 11 high level)
[    0.013960] ACPI: Using ACPI (MADT) for SMP configuration information
[    0.013961] ACPI: HPET id: 0x8086a201 base: 0xfed00000
[    0.013964] TSC deadline timer available
[    0.013966] smpboot: Allowing 4 CPUs, 0 hotplug CPUs
[    0.013988] kvm-guest: KVM setup pv remote TLB flush
[    0.013992] kvm-guest: setup PV sched yield
[    0.014003] PM: hibernation: Registered nosave memory: [mem 0x00000000-0x00000fff]
[    0.014005] PM: hibernation: Registered nosave memory: [mem 0x0009f000-0x0009ffff]
[    0.014005] PM: hibernation: Registered nosave memory: [mem 0x000a0000-0x000effff]
[    0.014006] PM: hibernation: Registered nosave memory: [mem 0x000f0000-0x000fffff]
[    0.014007] PM: hibernation: Registered nosave memory: [mem 0x7ffde000-0x7fffffff]
[    0.014007] PM: hibernation: Registered nosave memory: [mem 0x80000000-0xafffffff]
[    0.014008] PM: hibernation: Registered nosave memory: [mem 0xb0000000-0xbfffffff]
[    0.014008] PM: hibernation: Registered nosave memory: [mem 0xc0000000-0xfed1bfff]
[    0.014009] PM: hibernation: Registered nosave memory: [mem 0xfed1c000-0xfed1ffff]
[    0.014009] PM: hibernation: Registered nosave memory: [mem 0xfed20000-0xfeffbfff]
[    0.014010] PM: hibernation: Registered nosave memory: [mem 0xfeffc000-0xfeffffff]
[    0.014010] PM: hibernation: Registered nosave memory: [mem 0xff000000-0xfffbffff]
[    0.014011] PM: hibernation: Registered nosave memory: [mem 0xfffc0000-0xffffffff]
[    0.014012] [mem 0xc0000000-0xfed1bfff] available for PCI devices
[    0.014013] Booting paravirtualized kernel on KVM
[    0.014015] clocksource: refined-jiffies: mask: 0xffffffff max_cycles: 0xffffffff, max_idle_ns: 1910969940391419 ns
[    0.018488] setup_percpu: NR_CPUS:64 nr_cpumask_bits:4 nr_cpu_ids:4 nr_node_ids:1
[    0.019753] percpu: Embedded 54 pages/cpu s182568 r8192 d30424 u524288
[    0.019759] pcpu-alloc: s182568 r8192 d30424 u524288 alloc=1*2097152
[    0.019761] pcpu-alloc: [0] 0 1 2 3 
[    0.019791] kvm-guest: PV spinlocks enabled
[    0.019792] PV qspinlock hash table entries: 256 (order: 0, 4096 bytes, linear)
[    0.019795] Kernel command line: BOOT_IMAGE=/vmlinuz-6.4.0-next-20230629-rgilles_torvalds root=PARTUUID=242f11bc-02 ro nomodeset vga=789
[    0.019816] Booted with the nomodeset parameter. Only the system framebuffer will be available
[    0.019822] Unknown kernel command line parameters "BOOT_IMAGE=/vmlinuz-6.4.0-next-20230629-rgilles_torvalds vga=789", will be passed to user space.
[    0.019870] random: crng init done
[    0.020207] Dentry cache hash table entries: 524288 (order: 10, 4194304 bytes, linear)
[    0.020423] Inode-cache hash table entries: 262144 (order: 9, 2097152 bytes, linear)
[    0.020525] Fallback order for Node 0: 0 
[    0.020529] Built 1 zonelists, mobility grouping on.  Total pages: 1031902
[    0.020530] Policy zone: Normal
[    0.020535] mem auto-init: stack:all(zero), heap alloc:off, heap free:off
[    0.020538] software IO TLB: area num 4.
[    0.105947] Memory: 4019048K/4193776K available (16384K kernel code, 2731K rwdata, 5520K rodata, 2620K init, 2104K bss, 174468K reserved, 0K cma-reserved)
[    0.105995] SLUB: HWalign=64, Order=0-3, MinObjects=0, CPUs=4, Nodes=1
[    0.107030] Dynamic Preempt: voluntary
[    0.107063] rcu: Preemptible hierarchical RCU implementation.
[    0.107063] rcu: 	RCU event tracing is enabled.
[    0.107064] rcu: 	RCU restricting CPUs from NR_CPUS=64 to nr_cpu_ids=4.
[    0.107065] 	Trampoline variant of Tasks RCU enabled.
[    0.107066] rcu: RCU calculated value of scheduler-enlistment delay is 100 jiffies.
[    0.107066] rcu: Adjusting geometry for rcu_fanout_leaf=16, nr_cpu_ids=4
[    0.108169] NR_IRQS: 4352, nr_irqs: 456, preallocated irqs: 16
[    0.108360] rcu: srcu_init: Setting srcu_struct sizes based on contention.
[    0.108425] Console: colour dummy device 80x25
[    0.108427] printk: console [tty0] enabled
[    0.108558] ACPI: Core revision 20230331
[    0.108665] clocksource: hpet: mask: 0xffffffff max_cycles: 0xffffffff, max_idle_ns: 19112604467 ns
[    0.108744] APIC: Switch to symmetric I/O mode setup
[    0.108921] x2apic enabled
[    0.109106] Switched APIC routing to physical x2apic.
[    0.109109] kvm-guest: setup PV IPIs
[    0.110045] ..TIMER: vector=0x30 apic1=0 pin1=2 apic2=-1 pin2=-1
[    0.110067] clocksource: tsc-early: mask: 0xffffffffffffffff max_cycles: 0x22df1149949, max_idle_ns: 440795312789 ns
[    0.110074] Calibrating delay loop (skipped) preset value.. 4838.40 BogoMIPS (lpj=2419200)
[    0.110441] x86/cpu: User Mode Instruction Prevention (UMIP) activated
[    0.111263] Last level iTLB entries: 4KB 0, 2MB 0, 4MB 0
[    0.111273] Last level dTLB entries: 4KB 0, 2MB 0, 4MB 0, 1GB 0
[    0.111283] Spectre V1 : Mitigation: usercopy/swapgs barriers and __user pointer sanitization
[    0.111288] Spectre V2 : Mitigation: Enhanced / Automatic IBRS
[    0.111291] Spectre V2 : Spectre v2 / SpectreRSB mitigation: Filling RSB on context switch
[    0.111294] Spectre V2 : Spectre v2 / PBRSB-eIBRS: Retire a single CALL on VMEXIT
[    0.111298] Spectre V2 : mitigation: Enabling conditional Indirect Branch Prediction Barrier
[    0.111303] Speculative Store Bypass: Mitigation: Speculative Store Bypass disabled via prctl
[    0.111338] x86/fpu: Supporting XSAVE feature 0x001: 'x87 floating point registers'
[    0.111342] x86/fpu: Supporting XSAVE feature 0x002: 'SSE registers'
[    0.111345] x86/fpu: Supporting XSAVE feature 0x004: 'AVX registers'
[    0.111348] x86/fpu: Supporting XSAVE feature 0x020: 'AVX-512 opmask'
[    0.111351] x86/fpu: Supporting XSAVE feature 0x040: 'AVX-512 Hi256'
[    0.111353] x86/fpu: Supporting XSAVE feature 0x080: 'AVX-512 ZMM_Hi256'
[    0.111357] x86/fpu: Supporting XSAVE feature 0x200: 'Protection Keys User registers'
[    0.111360] x86/fpu: xstate_offset[2]:  576, xstate_sizes[2]:  256
[    0.111363] x86/fpu: xstate_offset[5]:  832, xstate_sizes[5]:   64
[    0.111366] x86/fpu: xstate_offset[6]:  896, xstate_sizes[6]:  512
[    0.111369] x86/fpu: xstate_offset[7]: 1408, xstate_sizes[7]: 1024
[    0.111371] x86/fpu: xstate_offset[9]: 2432, xstate_sizes[9]:    8
[    0.111374] x86/fpu: Enabled xstate features 0x2e7, context size is 2440 bytes, using 'compacted' format.
[    0.126562] Freeing SMP alternatives memory: 44K
[    0.126568] pid_max: default: 32768 minimum: 301
[    0.126599] LSM: initializing lsm=capability,integrity
[    0.126670] Mount-cache hash table entries: 8192 (order: 4, 65536 bytes, linear)
[    0.126695] Mountpoint-cache hash table entries: 8192 (order: 4, 65536 bytes, linear)
[    0.127032] smpboot: CPU0: 11th Gen Intel(R) Core(TM) i5-1135G7 @ 2.40GHz (family: 0x6, model: 0x8c, stepping: 0x1)
[    0.127070] RCU Tasks: Setting shift to 2 and lim to 1 rcu_task_cb_adjust=1.
[    0.127070] Performance Events: Icelake events, full-width counters, Intel PMU driver.
[    0.127070] ... version:                2
[    0.127070] ... bit width:              48
[    0.127070] ... generic registers:      8
[    0.127070] ... value mask:             0000ffffffffffff
[    0.127070] ... max period:             00007fffffffffff
[    0.127070] ... fixed-purpose events:   3
[    0.127070] ... event mask:             00000007000000ff
[    0.127070] signal: max sigframe size: 3632
[    0.127070] rcu: Hierarchical SRCU implementation.
[    0.127070] rcu: 	Max phase no-delay instances is 400.
[    0.127070] smp: Bringing up secondary CPUs ...
[    0.127070] smpboot: x86: Booting SMP configuration:
[    0.127070] .... node  #0, CPUs:      #1 #2 #3
[    0.128110] smp: Brought up 1 node, 4 CPUs
[    0.128117] smpboot: Max logical packages: 1
[    0.128118] smpboot: Total of 4 processors activated (19353.60 BogoMIPS)
[    0.129419] devtmpfs: initialized
[    0.129419] clocksource: jiffies: mask: 0xffffffff max_cycles: 0xffffffff, max_idle_ns: 1911260446275000 ns
[    0.129419] futex hash table entries: 1024 (order: 4, 65536 bytes, linear)
[    0.129419] PM: RTC time: 14:56:19, date: 2023-06-29
[    0.129419] NET: Registered PF_NETLINK/PF_ROUTE protocol family
[    0.130158] thermal_sys: Registered thermal governor 'step_wise'
[    0.130159] thermal_sys: Registered thermal governor 'user_space'
[    0.130171] cpuidle: using governor menu
[    0.130323] PCI: MMCONFIG for domain 0000 [bus 00-ff] at [mem 0xb0000000-0xbfffffff] (base 0xb0000000)
[    0.130328] PCI: MMCONFIG at [mem 0xb0000000-0xbfffffff] reserved as E820 entry
[    0.130336] PCI: Using configuration type 1 for base access
[    0.130505] kprobes: kprobe jump-optimization is enabled. All kprobes are optimized if possible.
[    0.130545] HugeTLB: registered 2.00 MiB page size, pre-allocated 0 pages
[    0.130545] HugeTLB: 28 KiB vmemmap can be freed for a 2.00 MiB page
[    0.130545] ACPI: Added _OSI(Module Device)
[    0.130545] ACPI: Added _OSI(Processor Device)
[    0.130545] ACPI: Added _OSI(3.0 _SCP Extensions)
[    0.130545] ACPI: Added _OSI(Processor Aggregator Device)
[    0.131416] ACPI: 1 ACPI AML tables successfully acquired and loaded
[    0.131768] ACPI: Interpreter enabled
[    0.131776] ACPI: PM: (supports S0 S3 S4 S5)
[    0.131778] ACPI: Using IOAPIC for interrupt routing
[    0.131788] PCI: Using host bridge windows from ACPI; if necessary, use "pci=nocrs" and report a bug
[    0.131790] PCI: Using E820 reservations for host bridge windows
[    0.131837] ACPI: Enabled 2 GPEs in block 00 to 3F
[    0.132886] ACPI: PCI Root Bridge [PCI0] (domain 0000 [bus 00-ff])
[    0.132891] acpi PNP0A08:00: _OSC: OS supports [ExtendedConfig ASPM ClockPM Segments MSI HPX-Type3]
[    0.132914] acpi PNP0A08:00: _OSC: platform does not support [LTR]
[    0.132943] acpi PNP0A08:00: _OSC: OS now controls [PME PCIeCapability]
[    0.132979] PCI host bridge to bus 0000:00
[    0.132980] pci_bus 0000:00: root bus resource [io  0x0000-0x0cf7 window]
[    0.132983] pci_bus 0000:00: root bus resource [io  0x0d00-0xffff window]
[    0.132984] pci_bus 0000:00: root bus resource [mem 0x000a0000-0x000bffff window]
[    0.132986] pci_bus 0000:00: root bus resource [mem 0x80000000-0xafffffff window]
[    0.132988] pci_bus 0000:00: root bus resource [mem 0xc0000000-0xfebfffff window]
[    0.132990] pci_bus 0000:00: root bus resource [mem 0x180000000-0x97fffffff window]
[    0.132992] pci_bus 0000:00: root bus resource [bus 00-ff]
[    0.133025] pci 0000:00:00.0: [8086:29c0] type 00 class 0x060000
[    0.133666] pci 0000:00:01.0: [1234:1111] type 00 class 0x030000
[    0.135081] pci 0000:00:01.0: reg 0x10: [mem 0xfd000000-0xfdffffff pref]
[    0.140096] pci 0000:00:01.0: reg 0x18: [mem 0xfeb90000-0xfeb90fff]
[    0.149080] pci 0000:00:01.0: reg 0x30: [mem 0xfeb80000-0xfeb8ffff pref]
[    0.149148] pci 0000:00:01.0: Video device with shadowed ROM at [mem 0x000c0000-0x000dffff]
[    0.149364] pci 0000:00:02.0: [8086:2922] type 00 class 0x010601
[    0.152476] pci 0000:00:02.0: reg 0x20: [io  0xc040-0xc05f]
[    0.153353] pci 0000:00:02.0: reg 0x24: [mem 0xfeb91000-0xfeb91fff]
[    0.154341] pci 0000:00:03.0: [1af4:1000] type 00 class 0x020000
[    0.155010] pci 0000:00:03.0: reg 0x10: [io  0xc060-0xc07f]
[    0.155418] pci 0000:00:03.0: reg 0x14: [mem 0xfeb92000-0xfeb92fff]
[    0.157446] pci 0000:00:03.0: reg 0x20: [mem 0xfe000000-0xfe003fff 64bit pref]
[    0.158073] pci 0000:00:03.0: reg 0x30: [mem 0xfeb00000-0xfeb7ffff pref]
[    0.158432] pci 0000:00:04.0: [1af4:1005] type 00 class 0x00ff00
[    0.158971] pci 0000:00:04.0: reg 0x10: [io  0xc080-0xc09f]
[    0.160988] pci 0000:00:04.0: reg 0x20: [mem 0xfe004000-0xfe007fff 64bit pref]
[    0.161767] pci 0000:00:1d.0: [8086:2934] type 00 class 0x0c0300
[    0.163030] pci 0000:00:1d.0: reg 0x20: [io  0xc0a0-0xc0bf]
[    0.163511] pci 0000:00:1d.1: [8086:2935] type 00 class 0x0c0300
[    0.164904] pci 0000:00:1d.1: reg 0x20: [io  0xc0c0-0xc0df]
[    0.165370] pci 0000:00:1d.2: [8086:2936] type 00 class 0x0c0300
[    0.166265] pci 0000:00:1d.2: reg 0x20: [io  0xc0e0-0xc0ff]
[    0.166808] pci 0000:00:1d.7: [8086:293a] type 00 class 0x0c0320
[    0.167040] pci 0000:00:1d.7: reg 0x10: [mem 0xfeb93000-0xfeb93fff]
[    0.168104] pci 0000:00:1f.0: [8086:2918] type 00 class 0x060100
[    0.168336] pci 0000:00:1f.0: quirk: [io  0x0600-0x067f] claimed by ICH6 ACPI/GPIO/TCO
[    0.168516] pci 0000:00:1f.2: [8086:2922] type 00 class 0x010601
[    0.170368] pci 0000:00:1f.2: reg 0x20: [io  0xc100-0xc11f]
[    0.170954] pci 0000:00:1f.2: reg 0x24: [mem 0xfeb94000-0xfeb94fff]
[    0.172336] pci 0000:00:1f.3: [8086:2930] type 00 class 0x0c0500
[    0.173344] pci 0000:00:1f.3: reg 0x20: [io  0x0700-0x073f]
[    0.173983] ACPI: PCI: Interrupt link LNKA configured for IRQ 10
[    0.174019] ACPI: PCI: Interrupt link LNKB configured for IRQ 10
[    0.174052] ACPI: PCI: Interrupt link LNKC configured for IRQ 11
[    0.174086] ACPI: PCI: Interrupt link LNKD configured for IRQ 11
[    0.174118] ACPI: PCI: Interrupt link LNKE configured for IRQ 10
[    0.174149] ACPI: PCI: Interrupt link LNKF configured for IRQ 10
[    0.174179] ACPI: PCI: Interrupt link LNKG configured for IRQ 11
[    0.174210] ACPI: PCI: Interrupt link LNKH configured for IRQ 11
[    0.174224] ACPI: PCI: Interrupt link GSIA configured for IRQ 16
[    0.174230] ACPI: PCI: Interrupt link GSIB configured for IRQ 17
[    0.174234] ACPI: PCI: Interrupt link GSIC configured for IRQ 18
[    0.174239] ACPI: PCI: Interrupt link GSID configured for IRQ 19
[    0.174243] ACPI: PCI: Interrupt link GSIE configured for IRQ 20
[    0.174266] ACPI: PCI: Interrupt link GSIF configured for IRQ 21
[    0.174271] ACPI: PCI: Interrupt link GSIG configured for IRQ 22
[    0.174276] ACPI: PCI: Interrupt link GSIH configured for IRQ 23
[    0.174467] iommu: Default domain type: Translated
[    0.174469] iommu: DMA domain TLB invalidation policy: lazy mode
[    0.174527] SCSI subsystem initialized
[    0.174542] libata version 3.00 loaded.
[    0.174542] ACPI: bus type USB registered
[    0.174542] usbcore: registered new interface driver usbfs
[    0.174542] usbcore: registered new interface driver hub
[    0.174542] usbcore: registered new device driver usb
[    0.174542] pps_core: LinuxPPS API ver. 1 registered
[    0.174542] pps_core: Software ver. 5.3.6 - Copyright 2005-2007 Rodolfo Giometti <giometti@linux.it>
[    0.174542] Advanced Linux Sound Architecture Driver Initialized.
[    0.175249] Bluetooth: Core ver 2.22
[    0.175270] NET: Registered PF_BLUETOOTH protocol family
[    0.175271] Bluetooth: HCI device and connection manager initialized
[    0.175273] Bluetooth: HCI socket layer initialized
[    0.175274] Bluetooth: L2CAP socket layer initialized
[    0.175277] Bluetooth: SCO socket layer initialized
[    0.175283] NetLabel: Initializing
[    0.175284] NetLabel:  domain hash size = 128
[    0.175285] NetLabel:  protocols = UNLABELED CIPSOv4 CALIPSO
[    0.175297] NetLabel:  unlabeled traffic allowed by default
[    0.175312] PCI: Using ACPI for IRQ routing
[    0.208382] PCI: pci_cache_line_size set to 64 bytes
[    0.208482] e820: reserve RAM buffer [mem 0x0009fc00-0x0009ffff]
[    0.208485] e820: reserve RAM buffer [mem 0x7ffde000-0x7fffffff]
[    0.208554] pci 0000:00:01.0: vgaarb: setting as boot VGA device
[    0.208554] pci 0000:00:01.0: vgaarb: bridge control possible
[    0.208554] pci 0000:00:01.0: vgaarb: VGA device added: decodes=io+mem,owns=io+mem,locks=none
[    0.208554] vgaarb: loaded
[    0.208554] hpet0: at MMIO 0xfed00000, IRQs 2, 8, 0
[    0.208554] hpet0: 3 comparators, 64-bit 100.000000 MHz counter
[    0.210159] clocksource: Switched to clocksource kvm-clock
[    0.210359] pnp: PnP ACPI init
[    0.210486] system 00:05: [mem 0xb0000000-0xbfffffff window] has been reserved
[    0.210675] pnp: PnP ACPI: found 6 devices
[    0.216797] clocksource: acpi_pm: mask: 0xffffff max_cycles: 0xffffff, max_idle_ns: 2085701024 ns
[    0.216821] NET: Registered PF_INET protocol family
[    0.217339] IP idents hash table entries: 65536 (order: 7, 524288 bytes, linear)
[    0.217894] tcp_listen_portaddr_hash hash table entries: 2048 (order: 3, 32768 bytes, linear)
[    0.217915] Table-perturb hash table entries: 65536 (order: 6, 262144 bytes, linear)
[    0.217920] TCP established hash table entries: 32768 (order: 6, 262144 bytes, linear)
[    0.218281] TCP bind hash table entries: 32768 (order: 8, 1048576 bytes, linear)
[    0.218737] TCP: Hash tables configured (established 32768 bind 32768)
[    0.218853] UDP hash table entries: 2048 (order: 4, 65536 bytes, linear)
[    0.218913] UDP-Lite hash table entries: 2048 (order: 4, 65536 bytes, linear)
[    0.218997] NET: Registered PF_UNIX/PF_LOCAL protocol family
[    0.219299] RPC: Registered named UNIX socket transport module.
[    0.219301] RPC: Registered udp transport module.
[    0.219302] RPC: Registered tcp transport module.
[    0.219303] RPC: Registered tcp-with-tls transport module.
[    0.219304] RPC: Registered tcp NFSv4.1 backchannel transport module.
[    0.219549] pci_bus 0000:00: resource 4 [io  0x0000-0x0cf7 window]
[    0.219553] pci_bus 0000:00: resource 5 [io  0x0d00-0xffff window]
[    0.219554] pci_bus 0000:00: resource 6 [mem 0x000a0000-0x000bffff window]
[    0.219556] pci_bus 0000:00: resource 7 [mem 0x80000000-0xafffffff window]
[    0.219558] pci_bus 0000:00: resource 8 [mem 0xc0000000-0xfebfffff window]
[    0.219559] pci_bus 0000:00: resource 9 [mem 0x180000000-0x97fffffff window]
[    0.219801] ACPI: \_SB_.GSIA: Enabled at IRQ 16
[    0.220326] ACPI: \_SB_.GSIB: Enabled at IRQ 17
[    0.220782] ACPI: \_SB_.GSIC: Enabled at IRQ 18
[    0.221223] ACPI: \_SB_.GSID: Enabled at IRQ 19
[    0.221517] PCI: CLS 0 bytes, default 64
[    0.221526] PCI-DMA: Using software bounce buffering for IO (SWIOTLB)
[    0.221527] software IO TLB: mapped [mem 0x000000007bfde000-0x000000007ffde000] (64MB)
[    0.221754] RAPL PMU: API unit is 2^-32 Joules, 0 fixed counters, 10737418240 ms ovfl timer
[    0.221763] clocksource: tsc: mask: 0xffffffffffffffff max_cycles: 0x22df1149949, max_idle_ns: 440795312789 ns
[    0.222416] Initialise system trusted keyrings
[    0.222487] workingset: timestamp_bits=40 max_order=20 bucket_order=0
[    0.222650] NFS: Registering the id_resolver key type
[    0.222654] Key type id_resolver registered
[    0.222655] Key type id_legacy registered
[    0.222678] 9p: Installing v9fs 9p2000 file system support
[    0.227995] NET: Registered PF_ALG protocol family
[    0.228001] Key type asymmetric registered
[    0.228003] Asymmetric key parser 'x509' registered
[    0.228030] Block layer SCSI generic (bsg) driver version 0.4 loaded (major 252)
[    0.228043] io scheduler mq-deadline registered
[    0.228057] io scheduler kyber registered
[    0.228318] vesafb: mode is 800x600x24, linelength=2400, pages=0
[    0.228322] vesafb: scrolling: redraw
[    0.228324] vesafb: Truecolor: size=0:8:8:8, shift=0:16:8:0
[    0.228338] vesafb: framebuffer at 0xfd000000, mapped to 0x0000000054d0ad80, using 1408k, total 1408k
[    0.229636] Console: switching to colour frame buffer device 100x37
[    0.230287] fb0: VESA VGA frame buffer device
[    0.230370] input: Power Button as /devices/LNXSYSTM:00/LNXPWRBN:00/input/input0
[    0.230441] ACPI: button: Power Button [PWRF]
[    0.230849] Serial: 8250/16550 driver, 4 ports, IRQ sharing enabled
[    0.230963] 00:03: ttyS0 at I/O 0x3f8 (irq = 4, base_baud = 115200) is a 16550A
[    0.231277] Non-volatile memory driver v1.3
[    0.231288] Linux agpgart interface v0.103
[    0.234289] loop: module loaded
[    0.234955] ahci 0000:00:02.0: version 3.0
[    0.235107] ACPI: \_SB_.GSIG: Enabled at IRQ 22
[    0.235813] ahci 0000:00:02.0: AHCI 0001.0000 32 slots 6 ports 1.5 Gbps 0x3f impl SATA mode
[    0.236120] ahci 0000:00:02.0: flags: 64bit ncq only 
[    0.237667] scsi host0: ahci
[    0.238294] scsi host1: ahci
[    0.239067] scsi host2: ahci
[    0.239513] scsi host3: ahci
[    0.240019] scsi host4: ahci
[    0.240446] scsi host5: ahci
[    0.240756] ata1: SATA max UDMA/133 abar m4096@0xfeb91000 port 0xfeb91100 irq 24
[    0.241030] ata2: SATA max UDMA/133 abar m4096@0xfeb91000 port 0xfeb91180 irq 24
[    0.241289] ata3: SATA max UDMA/133 abar m4096@0xfeb91000 port 0xfeb91200 irq 24
[    0.244445] ata4: SATA max UDMA/133 abar m4096@0xfeb91000 port 0xfeb91280 irq 24
[    0.245229] ata5: SATA max UDMA/133 abar m4096@0xfeb91000 port 0xfeb91300 irq 24
[    0.245718] ata6: SATA max UDMA/133 abar m4096@0xfeb91000 port 0xfeb91380 irq 24
[    0.247237] ahci 0000:00:1f.2: AHCI 0001.0000 32 slots 6 ports 1.5 Gbps 0x3f impl SATA mode
[    0.247589] ahci 0000:00:1f.2: flags: 64bit ncq only 
[    0.249244] scsi host6: ahci
[    0.249831] scsi host7: ahci
[    0.250438] scsi host8: ahci
[    0.250904] scsi host9: ahci
[    0.251468] scsi host10: ahci
[    0.251984] scsi host11: ahci
[    0.252235] ata7: SATA max UDMA/133 abar m4096@0xfeb94000 port 0xfeb94100 irq 25
[    0.252429] ata8: SATA max UDMA/133 abar m4096@0xfeb94000 port 0xfeb94180 irq 25
[    0.252628] ata9: SATA max UDMA/133 abar m4096@0xfeb94000 port 0xfeb94200 irq 25
[    0.252854] ata10: SATA max UDMA/133 abar m4096@0xfeb94000 port 0xfeb94280 irq 25
[    0.253052] ata11: SATA max UDMA/133 abar m4096@0xfeb94000 port 0xfeb94300 irq 25
[    0.253235] ata12: SATA max UDMA/133 abar m4096@0xfeb94000 port 0xfeb94380 irq 25
[    0.253555] e100: Intel(R) PRO/100 Network Driver
[    0.253871] e100: Copyright(c) 1999-2006 Intel Corporation
[    0.254282] e1000: Intel(R) PRO/1000 Network Driver
[    0.254501] e1000: Copyright (c) 1999-2006 Intel Corporation.
[    0.254681] sky2: driver version 1.30
[    0.255504] uhci_hcd 0000:00:1d.0: UHCI Host Controller
[    0.255988] uhci_hcd 0000:00:1d.0: new USB bus registered, assigned bus number 1
[    0.256228] uhci_hcd 0000:00:1d.0: irq 16, io port 0x0000c0a0
[    0.256447] usb usb1: New USB device found, idVendor=1d6b, idProduct=0001, bcdDevice= 6.04
[    0.256630] usb usb1: New USB device strings: Mfr=3, Product=2, SerialNumber=1
[    0.256852] usb usb1: Product: UHCI Host Controller
[    0.257045] usb usb1: Manufacturer: Linux 6.4.0-next-20230629-rgilles_torvalds uhci_hcd
[    0.257244] usb usb1: SerialNumber: 0000:00:1d.0
[    0.257529] hub 1-0:1.0: USB hub found
[    0.257781] hub 1-0:1.0: 2 ports detected
[    0.258187] ehci-pci 0000:00:1d.7: EHCI Host Controller
[    0.258697] ehci-pci 0000:00:1d.7: new USB bus registered, assigned bus number 2
[    0.261479] ehci-pci 0000:00:1d.7: irq 19, io mem 0xfeb93000
[    0.268900] ehci-pci 0000:00:1d.7: USB 2.0 started, EHCI 1.00
[    0.269188] usb usb2: New USB device found, idVendor=1d6b, idProduct=0002, bcdDevice= 6.04
[    0.269415] usb usb2: New USB device strings: Mfr=3, Product=2, SerialNumber=1
[    0.269648] usb usb2: Product: EHCI Host Controller
[    0.269931] usb usb2: Manufacturer: Linux 6.4.0-next-20230629-rgilles_torvalds ehci_hcd
[    0.270220] usb usb2: SerialNumber: 0000:00:1d.7
[    0.270968] hub 2-0:1.0: USB hub found
[    0.271290] hub 2-0:1.0: 6 ports detected
[    0.293837] hub 1-0:1.0: USB hub found
[    0.294228] hub 1-0:1.0: 2 ports detected
[    0.294629] uhci_hcd 0000:00:1d.1: UHCI Host Controller
[    0.295261] uhci_hcd 0000:00:1d.1: new USB bus registered, assigned bus number 3
[    0.295973] uhci_hcd 0000:00:1d.1: irq 17, io port 0x0000c0c0
[    0.296415] usb usb3: New USB device found, idVendor=1d6b, idProduct=0001, bcdDevice= 6.04
[    0.296776] usb usb3: New USB device strings: Mfr=3, Product=2, SerialNumber=1
[    0.297081] usb usb3: Product: UHCI Host Controller
[    0.297381] usb usb3: Manufacturer: Linux 6.4.0-next-20230629-rgilles_torvalds uhci_hcd
[    0.297693] usb usb3: SerialNumber: 0000:00:1d.1
[    0.298201] hub 3-0:1.0: USB hub found
[    0.298529] hub 3-0:1.0: 2 ports detected
[    0.299379] uhci_hcd 0000:00:1d.2: UHCI Host Controller
[    0.299790] uhci_hcd 0000:00:1d.2: new USB bus registered, assigned bus number 4
[    0.300426] uhci_hcd 0000:00:1d.2: irq 18, io port 0x0000c0e0
[    0.300805] usb usb4: New USB device found, idVendor=1d6b, idProduct=0001, bcdDevice= 6.04
[    0.301122] usb usb4: New USB device strings: Mfr=3, Product=2, SerialNumber=1
[    0.301422] usb usb4: Product: UHCI Host Controller
[    0.301736] usb usb4: Manufacturer: Linux 6.4.0-next-20230629-rgilles_torvalds uhci_hcd
[    0.302056] usb usb4: SerialNumber: 0000:00:1d.2
[    0.302559] hub 4-0:1.0: USB hub found
[    0.302938] hub 4-0:1.0: 2 ports detected
[    0.303383] usbcore: registered new interface driver usblp
[    0.303757] usbcore: registered new interface driver usb-storage
[    0.304108] i8042: PNP: PS/2 Controller [PNP0303:KBD,PNP0f13:MOU] at 0x60,0x64 irq 1,12
[    0.304952] serio: i8042 KBD port at 0x60,0x64 irq 1
[    0.305229] serio: i8042 AUX port at 0x60,0x64 irq 12
[    0.305580] mousedev: PS/2 mouse device common for all mice
[    0.306148] input: AT Translated Set 2 keyboard as /devices/platform/i8042/serio0/input/input1
[    0.306499] usbcore: registered new interface driver appletouch
[    0.306939] usbcore: registered new interface driver synaptics_usb
[    0.307420] rtc_cmos 00:04: RTC can wake from S4
[    0.308158] input: VirtualPS/2 VMware VMMouse as /devices/platform/i8042/serio1/input/input4
[    0.310883] input: VirtualPS/2 VMware VMMouse as /devices/platform/i8042/serio1/input/input3
[    0.311482] rtc_cmos 00:04: registered as rtc0
[    0.311962] rtc_cmos 00:04: alarms up to one day, y3k, 242 bytes nvram, hpet irqs
[    0.312305] i2c_dev: i2c /dev entries driver
[    0.312699] device-mapper: ioctl: 4.48.0-ioctl (2023-03-01) initialised: dm-devel@redhat.com
[    0.313141] intel_pstate: CPU model not supported
[    0.313520] hid: raw HID events driver (C) Jiri Kosina
[    0.314013] usbcore: registered new interface driver usbhid
[    0.314386] usbhid: USB HID core driver
[    0.315738] Initializing XFRM netlink socket
[    0.316097] NET: Registered PF_INET6 protocol family
[    0.316819] Segment Routing with IPv6
[    0.317154] In-situ OAM (IOAM) with IPv6
[    0.317491] sit: IPv6, IPv4 and MPLS over IPv4 tunneling driver
[    0.317912] NET: Registered PF_PACKET protocol family
[    0.318396] Bluetooth: RFCOMM TTY layer initialized
[    0.318684] Bluetooth: RFCOMM socket layer initialized
[    0.319042] Bluetooth: RFCOMM ver 1.11
[    0.319312] Bluetooth: BNEP (Ethernet Emulation) ver 1.3
[    0.319584] Bluetooth: BNEP filters: protocol multicast
[    0.319891] Bluetooth: BNEP socket layer initialized
[    0.320157] Bluetooth: HIDP (Human Interface Emulation) ver 1.2
[    0.320433] Bluetooth: HIDP socket layer initialized
[    0.320747] 9pnet: Installing 9P2000 support
[    0.321014] Key type dns_resolver registered
[    0.321670] IPI shorthand broadcast: enabled
[    0.323082] sched_clock: Marking stable (322001360, 704324)->(374463939, -51758255)
[    0.323629] registered taskstats version 1
[    0.324017] Loading compiled-in X.509 certificates
[    0.326032] PM:   Magic number: 11:555:941
[    0.326771] printk: console [netcon0] enabled
[    0.327175] netconsole: network logging started
[    0.327548] cfg80211: Loading compiled-in X.509 certificates for regulatory database
[    0.328312] kworker/u8:12 (96) used greatest stack depth: 14752 bytes left
[    0.328848] Loaded X.509 cert 'sforshee: 00b28ddf47aef9cea7'
[    0.329158] platform regulatory.0: Direct firmware load for regulatory.db failed with error -2
[    0.329456] cfg80211: failed to load regulatory.db
[    0.329748] ALSA device list:
[    0.330071]   No soundcards found.
[    0.556116] ata6: SATA link down (SStatus 0 SControl 300)
[    0.556571] ata4: SATA link down (SStatus 0 SControl 300)
[    0.557119] ata1: SATA link up 1.5 Gbps (SStatus 113 SControl 300)
[    0.557541] ata1.00: ATA-7: QEMU HARDDISK, 2.5+, max UDMA/100
[    0.557983] ata1.00: 104857600 sectors, multi 16: LBA48 NCQ (depth 32)
[    0.558648] ata1.00: applying bridge limits
[    0.559204] ata1.00: configured for UDMA/100
[    0.559915] ata3: SATA link down (SStatus 0 SControl 300)
[    0.559946] scsi 0:0:0:0: Direct-Access     ATA      QEMU HARDDISK    2.5+ PQ: 0 ANSI: 5
[    0.560358] ata2: SATA link down (SStatus 0 SControl 300)
[    0.561495] ata5: SATA link down (SStatus 0 SControl 300)
[    0.561698] sd 0:0:0:0: [sda] 104857600 512-byte logical blocks: (53.7 GB/50.0 GiB)
[    0.562346] sd 0:0:0:0: [sda] Write Protect is off
[    0.562657] sd 0:0:0:0: [sda] Mode Sense: 00 3a 00 00
[    0.562668] sd 0:0:0:0: [sda] Write cache: enabled, read cache: enabled, doesn't support DPO or FUA
[    0.563428] sd 0:0:0:0: [sda] Preferred minimum I/O size 512 bytes
[    0.564269]  sda: sda1 sda2 sda3 sda4
[    0.564726] sd 0:0:0:0: [sda] Attached SCSI disk
[    0.565428] ata10: SATA link down (SStatus 0 SControl 300)
[    0.565836] ata12: SATA link down (SStatus 0 SControl 300)
[    0.566240] ata8: SATA link down (SStatus 0 SControl 300)
[    0.568298] ata7: SATA link down (SStatus 0 SControl 300)
[    0.568852] ata9: SATA link down (SStatus 0 SControl 300)
[    0.569342] ata11: SATA link down (SStatus 0 SControl 300)
[    0.569742] md: Waiting for all devices to be available before autodetect
[    0.570066] md: If you don't use raid, use raid=noautodetect
[    0.570357] md: Autodetecting RAID arrays.
[    0.570639] md: autorun ...
[    0.570962] md: ... autorun DONE.
[    0.572849] EXT4-fs (sda2): mounted filesystem 9a96d539-a0a1-43a4-9d69-6279b585dcee ro with ordered data mode. Quota mode: disabled.
[    0.573454] VFS: Mounted root (ext4 filesystem) readonly on device 8:2.
[    0.574113] devtmpfs: mounted
[    0.574836] Freeing unused kernel image (initmem) memory: 2620K
[    0.580837] Write protecting the kernel read-only data: 22528k
[    0.581568] Freeing unused kernel image (rodata/data gap) memory: 624K
[    0.581947] Run /sbin/init as init process
[    0.582273]   with arguments:
[    0.582273]     /sbin/init
[    0.582274]   with environment:
[    0.582275]     HOME=/
[    0.582275]     TERM=linux
[    0.582275]     BOOT_IMAGE=/vmlinuz-6.4.0-next-20230629-rgilles_torvalds
[    0.582276]     vga=789
[    0.961909] systemd[1]: systemd 251 running in system mode (+PAM -AUDIT -SELINUX -APPARMOR +IMA +SMACK -SECCOMP -GCRYPT +GNUTLS +OPENSSL +ACL +BLKID +CURL -ELFUTILS -FIDO2 -IDN2 -IDN -IPTC +KMOD -LIBCRYPTSETUP +LIBFDISK -PCRE2 -PWQUALITY +P11KIT -QRENCODE -TPM2 +BZIP2 -LZ4 +XZ +ZLIB +ZSTD -BPF_FRAMEWORK -XKBCOMMON +UTMP +SYSVINIT default-hierarchy=unified)
[    0.963553] systemd[1]: Detected virtualization kvm.
[    0.963983] systemd[1]: Detected architecture x86-64.
[    0.969260] systemd[1]: Hostname set to <rgilles>.
[    1.026866] systemd-getty-g (106) used greatest stack depth: 13304 bytes left
[    1.236777] systemd[1]: /usr/lib/systemd/system/cups.socket:6: ListenStream= references a path below legacy directory /var/run/, updating /var/run/cups/cups.sock â†’ /run/cups/cups.sock; please update the unit file accordingly.
[    1.287610] systemd[1]: Queued start job for default target Graphical Interface.
[    1.298174] systemd[1]: Created slice Slice /system/getty.
[    1.299410] systemd[1]: Created slice Slice /system/modprobe.
[    1.300409] systemd[1]: Created slice Slice /system/systemd-fsck.
[    1.301320] systemd[1]: Created slice User and Session Slice.
[    1.302141] systemd[1]: Started Dispatch Password Requests to Console Directory Watch.
[    1.302981] systemd[1]: Started Forward Password Requests to Wall Directory Watch.
[    1.303881] systemd[1]: Set up automount Arbitrary Executable File Formats File System Automount Point.
[    1.305310] systemd[1]: Reached target User and Group Name Lookups.
[    1.306877] systemd[1]: Reached target Remote File Systems.
[    1.307961] systemd[1]: Reached target Slice Units.
[    1.308788] systemd[1]: Reached target System Time Set.
[    1.317618] systemd[1]: Listening on Process Core Dump Socket.
[    1.318647] systemd[1]: Listening on initctl Compatibility Named Pipe.
[    1.327415] modprobe (114) used greatest stack depth: 12968 bytes left
[    1.327509] systemd[1]: Journal Audit Socket was skipped because of a failed condition check (ConditionSecurity=audit).
[    1.329576] systemd[1]: Listening on Journal Socket (/dev/log).
[    1.330838] systemd[1]: Listening on Journal Socket.
[    1.331862] systemd[1]: Listening on Network Service Netlink Socket.
[    1.332809] systemd[1]: Listening on Userspace Out-Of-Memory (OOM) Killer Socket.
[    1.334990] systemd[1]: Listening on udev Control Socket.
[    1.335956] systemd[1]: Listening on udev Kernel Socket.
[    1.347854] systemd[1]: Mounting Huge Pages File System...
[    1.349437] systemd[1]: Mounting POSIX Message Queue File System...
[    1.350862] systemd[1]: Mounting Kernel Debug File System...
[    1.352161] systemd[1]: Mounting Kernel Trace File System...
[    1.353640] systemd[1]: Starting Create List of Static Device Nodes...
[    1.355478] systemd[1]: Starting Load Kernel Module configfs...
[    1.357455] systemd[1]: Starting Load Kernel Module drm...
[    1.359737] systemd[1]: Starting Load Kernel Module fuse...
[    1.361407] systemd[1]: Starting File System Check on Root Device...
[    1.362620] systemd[1]: systemd-journald.service: unit configures an IP firewall, but the local system does not support BPF/cgroup firewalling.
[    1.363645] systemd[1]: (This warning is only shown for the first unit using IP firewalling.)
[    1.364875] fuse: init (API version 7.38)
[    1.365202] systemd[1]: Starting Journal Service...
[    1.366213] ACPI: bus type drm_connector registered
[    1.379245] systemd[1]: Load Kernel Modules was skipped because all trigger condition checks failed.
[    1.388939] systemd[1]: Starting Generate network units from Kernel command line...
[    1.390895] systemd[1]: Repartition Root Disk was skipped because all trigger condition checks failed.
[    1.393625] systemd[1]: Starting Apply Kernel Variables...
[    1.396368] systemd[1]: Starting Coldplug All udev Devices...
[    1.399759] systemd[1]: Mounted Huge Pages File System.
[    1.401422] systemd[1]: Mounted POSIX Message Queue File System.
[    1.403421] systemd[1]: Mounted Kernel Debug File System.
[    1.405437] systemd[1]: Started Journal Service.
[    1.472645] EXT4-fs (sda2): re-mounted 9a96d539-a0a1-43a4-9d69-6279b585dcee r/w. Quota mode: disabled.
[    1.510946] systemd-journald[124]: Received client request to flush runtime journal.
[    1.907162] ACPI: \_SB_.GSIH: Enabled at IRQ 23
[    1.913084] ACPI: \_SB_.GSIE: Enabled at IRQ 20
[    1.944900] virtio_net virtio0 enp0s3: renamed from eth0
[    2.001398] lpc_ich 0000:00:1f.0: I/O space for GPIO uninitialized
[    2.002221] i801_smbus 0000:00:1f.3: SMBus using PCI interrupt
[    2.004595] i2c i2c-0: 1/1 memory slots populated (from DMI)
[    2.005215] i2c i2c-0: Memory type 0x07 not supported yet, not instantiating SPD
[    2.167973] Adding 4194300k swap on /dev/sda4.  Priority:1 extents:1 across:4194300k 
[    2.287035] EXT4-fs (sda1): mounted filesystem e10690b9-d798-45ee-b464-2a0b3375d38e r/w with ordered data mode. Quota mode: disabled.
[    2.310371] EXT4-fs (sda3): mounted filesystem 542587c5-56bd-4ef5-b9cd-8b23fcb4885f r/w with ordered data mode. Quota mode: disabled.
[   11.213416] systemd-udevd (151) used greatest stack depth: 11920 bytes left
