[    0.000000] Linux version 6.4.0-next-20230630-rgilles (root@rgilles) (gcc (GCC) 12.2.0, GNU ld (GNU Binutils) 2.39) #1 SMP PREEMPT_DYNAMIC Sat Jul  1 14:49:48 CEST 2023
[    0.000000] Command line: BOOT_IMAGE=/vmlinuz-6.4.0-next-20230630-rgilles root=PARTUUID=242f11bc-02 ro nomodeset vga=789
[    0.000000] KERNEL supported cpus:
[    0.000000]   Intel GenuineIntel
[    0.000000]   AMD AuthenticAMD
[    0.000000]   Hygon HygonGenuine
[    0.000000]   Centaur CentaurHauls
[    0.000000]   zhaoxin   Shanghai  
[    0.000000] BIOS-provided physical RAM map:
[    0.000000] BIOS-e820: [mem 0x0000000000000000-0x000000000009fbff] usable
[    0.000000] BIOS-e820: [mem 0x000000000009fc00-0x000000000009ffff] reserved
[    0.000000] BIOS-e820: [mem 0x00000000000f0000-0x00000000000fffff] reserved
[    0.000000] BIOS-e820: [mem 0x0000000000100000-0x000000007ffddfff] usable
[    0.000000] BIOS-e820: [mem 0x000000007ffde000-0x000000007fffffff] reserved
[    0.000000] BIOS-e820: [mem 0x00000000b0000000-0x00000000bfffffff] reserved
[    0.000000] BIOS-e820: [mem 0x00000000fed1c000-0x00000000fed1ffff] reserved
[    0.000000] BIOS-e820: [mem 0x00000000feffc000-0x00000000feffffff] reserved
[    0.000000] BIOS-e820: [mem 0x00000000fffc0000-0x00000000ffffffff] reserved
[    0.000000] BIOS-e820: [mem 0x0000000100000000-0x000000017fffffff] usable
[    0.000000] NX (Execute Disable) protection: active
[    0.000000] SMBIOS 2.8 present.
[    0.000000] DMI: QEMU Standard PC (Q35 + ICH9, 2009), BIOS 1.15.0-1 04/01/2014
[    0.000000] Hypervisor detected: KVM
[    0.000000] kvm-clock: Using msrs 4b564d01 and 4b564d00
[    0.000001] kvm-clock: using sched offset of 9295433458896 cycles
[    0.000003] clocksource: kvm-clock: mask: 0xffffffffffffffff max_cycles: 0x1cd42e4dffb, max_idle_ns: 881590591483 ns
[    0.000006] tsc: Detected 2112.000 MHz processor
[    0.000408] e820: update [mem 0x00000000-0x00000fff] usable ==> reserved
[    0.000410] e820: remove [mem 0x000a0000-0x000fffff] usable
[    0.000413] last_pfn = 0x180000 max_arch_pfn = 0x400000000
[    0.000431] MTRR map: 4 entries (3 fixed + 1 variable; max 19), built from 8 variable MTRRs
[    0.000436] x86/PAT: Configuration [0-7]: WB  WC  UC- UC  WB  WP  UC- WT  
[    0.000460] last_pfn = 0x7ffde max_arch_pfn = 0x400000000
[    0.004533] found SMP MP-table at [mem 0x000f5b70-0x000f5b7f]
[    0.004618] Using GB pages for direct mapping
[    0.004641] Incomplete global flushes, disabling PCID
[    0.004778] ACPI: Early table checksum verification disabled
[    0.004790] ACPI: RSDP 0x00000000000F59A0 000014 (v00 BOCHS )
[    0.004801] ACPI: RSDT 0x000000007FFE2404 000038 (v01 BOCHS  BXPC     00000001 BXPC 00000001)
[    0.004805] ACPI: FACP 0x000000007FFE21E4 0000F4 (v03 BOCHS  BXPC     00000001 BXPC 00000001)
[    0.004811] ACPI: DSDT 0x000000007FFE0040 0021A4 (v01 BOCHS  BXPC     00000001 BXPC 00000001)
[    0.004813] ACPI: FACS 0x000000007FFE0000 000040
[    0.004815] ACPI: APIC 0x000000007FFE22D8 000090 (v01 BOCHS  BXPC     00000001 BXPC 00000001)
[    0.004816] ACPI: HPET 0x000000007FFE2368 000038 (v01 BOCHS  BXPC     00000001 BXPC 00000001)
[    0.004818] ACPI: MCFG 0x000000007FFE23A0 00003C (v01 BOCHS  BXPC     00000001 BXPC 00000001)
[    0.004819] ACPI: WAET 0x000000007FFE23DC 000028 (v01 BOCHS  BXPC     00000001 BXPC 00000001)
[    0.004821] ACPI: Reserving FACP table memory at [mem 0x7ffe21e4-0x7ffe22d7]
[    0.004822] ACPI: Reserving DSDT table memory at [mem 0x7ffe0040-0x7ffe21e3]
[    0.004822] ACPI: Reserving FACS table memory at [mem 0x7ffe0000-0x7ffe003f]
[    0.004822] ACPI: Reserving APIC table memory at [mem 0x7ffe22d8-0x7ffe2367]
[    0.004823] ACPI: Reserving HPET table memory at [mem 0x7ffe2368-0x7ffe239f]
[    0.004823] ACPI: Reserving MCFG table memory at [mem 0x7ffe23a0-0x7ffe23db]
[    0.004824] ACPI: Reserving WAET table memory at [mem 0x7ffe23dc-0x7ffe2403]
[    0.004969] No NUMA configuration found
[    0.004971] Faking a node at [mem 0x0000000000000000-0x000000017fffffff]
[    0.004972] NODE_DATA(0) allocated [mem 0x17fffc000-0x17fffffff]
[    0.005028] Zone ranges:
[    0.005031]   DMA      [mem 0x0000000000001000-0x0000000000ffffff]
[    0.005033]   DMA32    [mem 0x0000000001000000-0x00000000ffffffff]
[    0.005035]   Normal   [mem 0x0000000100000000-0x000000017fffffff]
[    0.005035] Movable zone start for each node
[    0.005036] Early memory node ranges
[    0.005036]   node   0: [mem 0x0000000000001000-0x000000000009efff]
[    0.005037]   node   0: [mem 0x0000000000100000-0x000000007ffddfff]
[    0.005037]   node   0: [mem 0x0000000100000000-0x000000017fffffff]
[    0.005038] Initmem setup node 0 [mem 0x0000000000001000-0x000000017fffffff]
[    0.005042] On node 0, zone DMA: 1 pages in unavailable ranges
[    0.005063] On node 0, zone DMA: 97 pages in unavailable ranges
[    0.014389] On node 0, zone Normal: 34 pages in unavailable ranges
[    0.014617] ACPI: PM-Timer IO Port: 0x608
[    0.014626] ACPI: LAPIC_NMI (acpi_id[0xff] dfl dfl lint[0x1])
[    0.014652] IOAPIC[0]: apic_id 0, version 17, address 0xfec00000, GSI 0-23
[    0.014656] ACPI: INT_SRC_OVR (bus 0 bus_irq 0 global_irq 2 dfl dfl)
[    0.014657] ACPI: INT_SRC_OVR (bus 0 bus_irq 5 global_irq 5 high level)
[    0.014660] ACPI: INT_SRC_OVR (bus 0 bus_irq 9 global_irq 9 high level)
[    0.014662] ACPI: INT_SRC_OVR (bus 0 bus_irq 10 global_irq 10 high level)
[    0.014663] ACPI: INT_SRC_OVR (bus 0 bus_irq 11 global_irq 11 high level)
[    0.014666] ACPI: Using ACPI (MADT) for SMP configuration information
[    0.014668] ACPI: HPET id: 0x8086a201 base: 0xfed00000
[    0.014671] TSC deadline timer available
[    0.014674] smpboot: Allowing 4 CPUs, 0 hotplug CPUs
[    0.014708] kvm-guest: KVM setup pv remote TLB flush
[    0.014710] kvm-guest: setup PV sched yield
[    0.014721] PM: hibernation: Registered nosave memory: [mem 0x00000000-0x00000fff]
[    0.014723] PM: hibernation: Registered nosave memory: [mem 0x0009f000-0x0009ffff]
[    0.014723] PM: hibernation: Registered nosave memory: [mem 0x000a0000-0x000effff]
[    0.014724] PM: hibernation: Registered nosave memory: [mem 0x000f0000-0x000fffff]
[    0.014724] PM: hibernation: Registered nosave memory: [mem 0x7ffde000-0x7fffffff]
[    0.014725] PM: hibernation: Registered nosave memory: [mem 0x80000000-0xafffffff]
[    0.014725] PM: hibernation: Registered nosave memory: [mem 0xb0000000-0xbfffffff]
[    0.014725] PM: hibernation: Registered nosave memory: [mem 0xc0000000-0xfed1bfff]
[    0.014726] PM: hibernation: Registered nosave memory: [mem 0xfed1c000-0xfed1ffff]
[    0.014726] PM: hibernation: Registered nosave memory: [mem 0xfed20000-0xfeffbfff]
[    0.014727] PM: hibernation: Registered nosave memory: [mem 0xfeffc000-0xfeffffff]
[    0.014727] PM: hibernation: Registered nosave memory: [mem 0xff000000-0xfffbffff]
[    0.014727] PM: hibernation: Registered nosave memory: [mem 0xfffc0000-0xffffffff]
[    0.014728] [mem 0xc0000000-0xfed1bfff] available for PCI devices
[    0.014729] Booting paravirtualized kernel on KVM
[    0.014733] clocksource: refined-jiffies: mask: 0xffffffff max_cycles: 0xffffffff, max_idle_ns: 1910969940391419 ns
[    0.018375] setup_percpu: NR_CPUS:64 nr_cpumask_bits:4 nr_cpu_ids:4 nr_node_ids:1
[    0.019148] percpu: Embedded 54 pages/cpu s182568 r8192 d30424 u524288
[    0.019153] pcpu-alloc: s182568 r8192 d30424 u524288 alloc=1*2097152
[    0.019157] pcpu-alloc: [0] 0 1 2 3 
[    0.019174] kvm-guest: PV spinlocks enabled
[    0.019175] PV qspinlock hash table entries: 256 (order: 0, 4096 bytes, linear)
[    0.019181] Kernel command line: BOOT_IMAGE=/vmlinuz-6.4.0-next-20230630-rgilles root=PARTUUID=242f11bc-02 ro nomodeset vga=789
[    0.019283] Booted with the nomodeset parameter. Only the system framebuffer will be available
[    0.019290] Unknown kernel command line parameters "BOOT_IMAGE=/vmlinuz-6.4.0-next-20230630-rgilles vga=789", will be passed to user space.
[    0.019315] random: crng init done
[    0.019697] Dentry cache hash table entries: 524288 (order: 10, 4194304 bytes, linear)
[    0.019932] Inode-cache hash table entries: 262144 (order: 9, 2097152 bytes, linear)
[    0.019998] Fallback order for Node 0: 0 
[    0.020004] Built 1 zonelists, mobility grouping on.  Total pages: 1031902
[    0.020006] Policy zone: Normal
[    0.020008] mem auto-init: stack:all(zero), heap alloc:off, heap free:off
[    0.020017] software IO TLB: area num 4.
[    0.053400] Memory: 4019056K/4193776K available (16384K kernel code, 2730K rwdata, 5516K rodata, 2620K init, 2104K bss, 174460K reserved, 0K cma-reserved)
[    0.053434] SLUB: HWalign=64, Order=0-3, MinObjects=0, CPUs=4, Nodes=1
[    0.054724] Dynamic Preempt: voluntary
[    0.054757] rcu: Preemptible hierarchical RCU implementation.
[    0.054758] rcu: 	RCU event tracing is enabled.
[    0.054758] rcu: 	RCU restricting CPUs from NR_CPUS=64 to nr_cpu_ids=4.
[    0.054759] 	Trampoline variant of Tasks RCU enabled.
[    0.054761] rcu: RCU calculated value of scheduler-enlistment delay is 100 jiffies.
[    0.054761] rcu: Adjusting geometry for rcu_fanout_leaf=16, nr_cpu_ids=4
[    0.055904] NR_IRQS: 4352, nr_irqs: 456, preallocated irqs: 16
[    0.056086] rcu: srcu_init: Setting srcu_struct sizes based on contention.
[    0.056140] Console: colour dummy device 80x25
[    0.056144] printk: console [tty0] enabled
[    0.056238] ACPI: Core revision 20230331
[    0.056319] clocksource: hpet: mask: 0xffffffff max_cycles: 0xffffffff, max_idle_ns: 19112604467 ns
[    0.056383] APIC: Switch to symmetric I/O mode setup
[    0.056490] x2apic enabled
[    0.056610] Switched APIC routing to physical x2apic.
[    0.056611] kvm-guest: setup PV IPIs
[    0.057175] ..TIMER: vector=0x30 apic1=0 pin1=2 apic2=-1 pin2=-1
[    0.057189] clocksource: tsc-early: mask: 0xffffffffffffffff max_cycles: 0x1e71785e5dd, max_idle_ns: 440795244814 ns
[    0.057194] Calibrating delay loop (skipped) preset value.. 4224.00 BogoMIPS (lpj=2112000)
[    0.058248] x86/cpu: User Mode Instruction Prevention (UMIP) activated
[    0.059337] Last level iTLB entries: 4KB 0, 2MB 0, 4MB 0
[    0.059363] Last level dTLB entries: 4KB 0, 2MB 0, 4MB 0, 1GB 0
[    0.059378] Spectre V1 : Mitigation: usercopy/swapgs barriers and __user pointer sanitization
[    0.059383] Spectre V2 : Mitigation: Enhanced / Automatic IBRS
[    0.059384] Spectre V2 : Spectre v2 / SpectreRSB mitigation: Filling RSB on context switch
[    0.059385] Spectre V2 : Spectre v2 / PBRSB-eIBRS: Retire a single CALL on VMEXIT
[    0.059388] Spectre V2 : mitigation: Enabling conditional Indirect Branch Prediction Barrier
[    0.059390] Speculative Store Bypass: Mitigation: Speculative Store Bypass disabled via prctl
[    0.059403] x86/fpu: Supporting XSAVE feature 0x001: 'x87 floating point registers'
[    0.059406] x86/fpu: Supporting XSAVE feature 0x002: 'SSE registers'
[    0.059407] x86/fpu: Supporting XSAVE feature 0x004: 'AVX registers'
[    0.059409] x86/fpu: Supporting XSAVE feature 0x200: 'Protection Keys User registers'
[    0.059411] x86/fpu: xstate_offset[2]:  576, xstate_sizes[2]:  256
[    0.059412] x86/fpu: xstate_offset[9]:  832, xstate_sizes[9]:    8
[    0.059413] x86/fpu: Enabled xstate features 0x207, context size is 840 bytes, using 'compacted' format.
[    0.069572] Freeing SMP alternatives memory: 44K
[    0.069579] pid_max: default: 32768 minimum: 301
[    0.069617] LSM: initializing lsm=capability,integrity
[    0.069669] Mount-cache hash table entries: 8192 (order: 4, 65536 bytes, linear)
[    0.069689] Mountpoint-cache hash table entries: 8192 (order: 4, 65536 bytes, linear)
[    0.069986] smpboot: CPU0: 12th Gen Intel(R) Core(TM) i7-12700 (family: 0x6, model: 0x97, stepping: 0x2)
[    0.070087] RCU Tasks: Setting shift to 2 and lim to 1 rcu_task_cb_adjust=1.
[    0.070099] Performance Events: Alderlake Hybrid events, full-width counters, Intel PMU driver.
[    0.070191] core: cpu_core PMU driver: 
[    0.070191] ... version:                2
[    0.070191] ... bit width:              48
[    0.070191] ... generic registers:      6
[    0.070191] ... value mask:             0000ffffffffffff
[    0.070191] ... max period:             00007fffffffffff
[    0.070191] ... fixed-purpose events:   3
[    0.070191] ... event mask:             0001000f0000003f
[    0.070191] signal: max sigframe size: 3632
[    0.070191] rcu: Hierarchical SRCU implementation.
[    0.070191] rcu: 	Max phase no-delay instances is 400.
[    0.070191] smp: Bringing up secondary CPUs ...
[    0.070191] smpboot: x86: Booting SMP configuration:
[    0.070191] .... node  #0, CPUs:      #1 #2 #3
[    0.070292] smp: Brought up 1 node, 4 CPUs
[    0.070296] smpboot: Max logical packages: 1
[    0.070297] smpboot: Total of 4 processors activated (16896.00 BogoMIPS)
[    0.071409] devtmpfs: initialized
[    0.071409] clocksource: jiffies: mask: 0xffffffff max_cycles: 0xffffffff, max_idle_ns: 1911260446275000 ns
[    0.071409] futex hash table entries: 1024 (order: 4, 65536 bytes, linear)
[    0.071409] PM: RTC time: 12:55:55, date: 2023-07-01
[    0.071435] NET: Registered PF_NETLINK/PF_ROUTE protocol family
[    0.071515] thermal_sys: Registered thermal governor 'step_wise'
[    0.071516] thermal_sys: Registered thermal governor 'user_space'
[    0.071521] cpuidle: using governor menu
[    0.071601] PCI: MMCONFIG for domain 0000 [bus 00-ff] at [mem 0xb0000000-0xbfffffff] (base 0xb0000000)
[    0.071604] PCI: MMCONFIG at [mem 0xb0000000-0xbfffffff] reserved as E820 entry
[    0.071609] PCI: Using configuration type 1 for base access
[    0.072200] kprobes: kprobe jump-optimization is enabled. All kprobes are optimized if possible.
[    0.072227] HugeTLB: registered 2.00 MiB page size, pre-allocated 0 pages
[    0.072227] HugeTLB: 28 KiB vmemmap can be freed for a 2.00 MiB page
[    0.072275] ACPI: Added _OSI(Module Device)
[    0.072275] ACPI: Added _OSI(Processor Device)
[    0.072275] ACPI: Added _OSI(3.0 _SCP Extensions)
[    0.072275] ACPI: Added _OSI(Processor Aggregator Device)
[    0.072616] ACPI: 1 ACPI AML tables successfully acquired and loaded
[    0.072863] ACPI: Interpreter enabled
[    0.072869] ACPI: PM: (supports S0 S3 S4 S5)
[    0.072870] ACPI: Using IOAPIC for interrupt routing
[    0.072879] PCI: Using host bridge windows from ACPI; if necessary, use "pci=nocrs" and report a bug
[    0.072881] PCI: Using E820 reservations for host bridge windows
[    0.072914] ACPI: Enabled 2 GPEs in block 00 to 3F
[    0.073795] ACPI: PCI Root Bridge [PCI0] (domain 0000 [bus 00-ff])
[    0.073799] acpi PNP0A08:00: _OSC: OS supports [ExtendedConfig ASPM ClockPM Segments MSI HPX-Type3]
[    0.073816] acpi PNP0A08:00: _OSC: platform does not support [LTR]
[    0.073835] acpi PNP0A08:00: _OSC: OS now controls [PME PCIeCapability]
[    0.073862] PCI host bridge to bus 0000:00
[    0.073863] pci_bus 0000:00: root bus resource [io  0x0000-0x0cf7 window]
[    0.073865] pci_bus 0000:00: root bus resource [io  0x0d00-0xffff window]
[    0.073867] pci_bus 0000:00: root bus resource [mem 0x000a0000-0x000bffff window]
[    0.073868] pci_bus 0000:00: root bus resource [mem 0x80000000-0xafffffff window]
[    0.073869] pci_bus 0000:00: root bus resource [mem 0xc0000000-0xfebfffff window]
[    0.073870] pci_bus 0000:00: root bus resource [mem 0x180000000-0x97fffffff window]
[    0.073872] pci_bus 0000:00: root bus resource [bus 00-ff]
[    0.073908] pci 0000:00:00.0: [8086:29c0] type 00 class 0x060000
[    0.074092] pci 0000:00:01.0: [1234:1111] type 00 class 0x030000
[    0.074487] pci 0000:00:01.0: reg 0x10: [mem 0xfd000000-0xfdffffff pref]
[    0.075451] pci 0000:00:01.0: reg 0x18: [mem 0xfeb90000-0xfeb90fff]
[    0.077454] pci 0000:00:01.0: reg 0x30: [mem 0xfeb80000-0xfeb8ffff pref]
[    0.077525] pci 0000:00:01.0: Video device with shadowed ROM at [mem 0x000c0000-0x000dffff]
[    0.077714] pci 0000:00:02.0: [8086:2922] type 00 class 0x010601
[    0.079390] pci 0000:00:02.0: reg 0x20: [io  0xc040-0xc05f]
[    0.079782] pci 0000:00:02.0: reg 0x24: [mem 0xfeb91000-0xfeb91fff]
[    0.080363] pci 0000:00:03.0: [1af4:1000] type 00 class 0x020000
[    0.080955] pci 0000:00:03.0: reg 0x10: [io  0xc060-0xc07f]
[    0.081466] pci 0000:00:03.0: reg 0x14: [mem 0xfeb92000-0xfeb92fff]
[    0.083049] pci 0000:00:03.0: reg 0x20: [mem 0xfe000000-0xfe003fff 64bit pref]
[    0.084193] pci 0000:00:03.0: reg 0x30: [mem 0xfeb00000-0xfeb7ffff pref]
[    0.085432] pci 0000:00:04.0: [1af4:1005] type 00 class 0x00ff00
[    0.085801] pci 0000:00:04.0: reg 0x10: [io  0xc080-0xc09f]
[    0.086895] pci 0000:00:04.0: reg 0x20: [mem 0xfe004000-0xfe007fff 64bit pref]
[    0.087482] pci 0000:00:1d.0: [8086:2934] type 00 class 0x0c0300
[    0.088272] pci 0000:00:1d.0: reg 0x20: [io  0xc0a0-0xc0bf]
[    0.088681] pci 0000:00:1d.1: [8086:2935] type 00 class 0x0c0300
[    0.090010] pci 0000:00:1d.1: reg 0x20: [io  0xc0c0-0xc0df]
[    0.090332] pci 0000:00:1d.2: [8086:2936] type 00 class 0x0c0300
[    0.091099] pci 0000:00:1d.2: reg 0x20: [io  0xc0e0-0xc0ff]
[    0.091401] pci 0000:00:1d.7: [8086:293a] type 00 class 0x0c0320
[    0.091575] pci 0000:00:1d.7: reg 0x10: [mem 0xfeb93000-0xfeb93fff]
[    0.092588] pci 0000:00:1f.0: [8086:2918] type 00 class 0x060100
[    0.092766] pci 0000:00:1f.0: quirk: [io  0x0600-0x067f] claimed by ICH6 ACPI/GPIO/TCO
[    0.092874] pci 0000:00:1f.2: [8086:2922] type 00 class 0x010601
[    0.094999] pci 0000:00:1f.2: reg 0x20: [io  0xc100-0xc11f]
[    0.095193] pci 0000:00:1f.2: reg 0x24: [mem 0xfeb94000-0xfeb94fff]
[    0.095617] pci 0000:00:1f.3: [8086:2930] type 00 class 0x0c0500
[    0.096325] pci 0000:00:1f.3: reg 0x20: [io  0x0700-0x073f]
[    0.096875] ACPI: PCI: Interrupt link LNKA configured for IRQ 10
[    0.096903] ACPI: PCI: Interrupt link LNKB configured for IRQ 10
[    0.096929] ACPI: PCI: Interrupt link LNKC configured for IRQ 11
[    0.096954] ACPI: PCI: Interrupt link LNKD configured for IRQ 11
[    0.096979] ACPI: PCI: Interrupt link LNKE configured for IRQ 10
[    0.097005] ACPI: PCI: Interrupt link LNKF configured for IRQ 10
[    0.097029] ACPI: PCI: Interrupt link LNKG configured for IRQ 11
[    0.097054] ACPI: PCI: Interrupt link LNKH configured for IRQ 11
[    0.097066] ACPI: PCI: Interrupt link GSIA configured for IRQ 16
[    0.097070] ACPI: PCI: Interrupt link GSIB configured for IRQ 17
[    0.097074] ACPI: PCI: Interrupt link GSIC configured for IRQ 18
[    0.097078] ACPI: PCI: Interrupt link GSID configured for IRQ 19
[    0.097081] ACPI: PCI: Interrupt link GSIE configured for IRQ 20
[    0.097085] ACPI: PCI: Interrupt link GSIF configured for IRQ 21
[    0.097091] ACPI: PCI: Interrupt link GSIG configured for IRQ 22
[    0.097095] ACPI: PCI: Interrupt link GSIH configured for IRQ 23
[    0.097336] iommu: Default domain type: Translated
[    0.097339] iommu: DMA domain TLB invalidation policy: lazy mode
[    0.097420] SCSI subsystem initialized
[    0.097440] libata version 3.00 loaded.
[    0.097440] ACPI: bus type USB registered
[    0.097440] usbcore: registered new interface driver usbfs
[    0.097440] usbcore: registered new interface driver hub
[    0.097440] usbcore: registered new device driver usb
[    0.097440] pps_core: LinuxPPS API ver. 1 registered
[    0.097440] pps_core: Software ver. 5.3.6 - Copyright 2005-2007 Rodolfo Giometti <giometti@linux.it>
[    0.097440] Advanced Linux Sound Architecture Driver Initialized.
[    0.097440] Bluetooth: Core ver 2.22
[    0.097440] NET: Registered PF_BLUETOOTH protocol family
[    0.097440] Bluetooth: HCI device and connection manager initialized
[    0.097440] Bluetooth: HCI socket layer initialized
[    0.097440] Bluetooth: L2CAP socket layer initialized
[    0.097440] Bluetooth: SCO socket layer initialized
[    0.097440] NetLabel: Initializing
[    0.097440] NetLabel:  domain hash size = 128
[    0.097441] NetLabel:  protocols = UNLABELED CIPSOv4 CALIPSO
[    0.097455] NetLabel:  unlabeled traffic allowed by default
[    0.097468] PCI: Using ACPI for IRQ routing
[    0.121906] PCI: pci_cache_line_size set to 64 bytes
[    0.121985] e820: reserve RAM buffer [mem 0x0009fc00-0x0009ffff]
[    0.121987] e820: reserve RAM buffer [mem 0x7ffde000-0x7fffffff]
[    0.122006] pci 0000:00:01.0: vgaarb: setting as boot VGA device
[    0.122006] pci 0000:00:01.0: vgaarb: bridge control possible
[    0.122006] pci 0000:00:01.0: vgaarb: VGA device added: decodes=io+mem,owns=io+mem,locks=none
[    0.122006] vgaarb: loaded
[    0.122006] hpet0: at MMIO 0xfed00000, IRQs 2, 8, 0
[    0.122006] hpet0: 3 comparators, 64-bit 100.000000 MHz counter
[    0.126262] clocksource: Switched to clocksource kvm-clock
[    0.126393] pnp: PnP ACPI init
[    0.126475] system 00:05: [mem 0xb0000000-0xbfffffff window] has been reserved
[    0.126566] pnp: PnP ACPI: found 6 devices
[    0.132005] clocksource: acpi_pm: mask: 0xffffff max_cycles: 0xffffff, max_idle_ns: 2085701024 ns
[    0.132031] NET: Registered PF_INET protocol family
[    0.132203] IP idents hash table entries: 65536 (order: 7, 524288 bytes, linear)
[    0.132627] tcp_listen_portaddr_hash hash table entries: 2048 (order: 3, 32768 bytes, linear)
[    0.132637] Table-perturb hash table entries: 65536 (order: 6, 262144 bytes, linear)
[    0.132640] TCP established hash table entries: 32768 (order: 6, 262144 bytes, linear)
[    0.132727] TCP bind hash table entries: 32768 (order: 8, 1048576 bytes, linear)
[    0.133001] TCP: Hash tables configured (established 32768 bind 32768)
[    0.133053] UDP hash table entries: 2048 (order: 4, 65536 bytes, linear)
[    0.133072] UDP-Lite hash table entries: 2048 (order: 4, 65536 bytes, linear)
[    0.133122] NET: Registered PF_UNIX/PF_LOCAL protocol family
[    0.133253] RPC: Registered named UNIX socket transport module.
[    0.133254] RPC: Registered udp transport module.
[    0.133255] RPC: Registered tcp transport module.
[    0.133256] RPC: Registered tcp-with-tls transport module.
[    0.133256] RPC: Registered tcp NFSv4.1 backchannel transport module.
[    0.133468] pci_bus 0000:00: resource 4 [io  0x0000-0x0cf7 window]
[    0.133470] pci_bus 0000:00: resource 5 [io  0x0d00-0xffff window]
[    0.133471] pci_bus 0000:00: resource 6 [mem 0x000a0000-0x000bffff window]
[    0.133472] pci_bus 0000:00: resource 7 [mem 0x80000000-0xafffffff window]
[    0.133474] pci_bus 0000:00: resource 8 [mem 0xc0000000-0xfebfffff window]
[    0.133475] pci_bus 0000:00: resource 9 [mem 0x180000000-0x97fffffff window]
[    0.133631] ACPI: \_SB_.GSIA: Enabled at IRQ 16
[    0.134033] ACPI: \_SB_.GSIB: Enabled at IRQ 17
[    0.134374] ACPI: \_SB_.GSIC: Enabled at IRQ 18
[    0.134701] ACPI: \_SB_.GSID: Enabled at IRQ 19
[    0.134944] PCI: CLS 0 bytes, default 64
[    0.134951] PCI-DMA: Using software bounce buffering for IO (SWIOTLB)
[    0.134953] software IO TLB: mapped [mem 0x000000007bfde000-0x000000007ffde000] (64MB)
[    0.135107] RAPL PMU: API unit is 2^-32 Joules, 0 fixed counters, 10737418240 ms ovfl timer
[    0.135116] clocksource: tsc: mask: 0xffffffffffffffff max_cycles: 0x1e71785e5dd, max_idle_ns: 440795244814 ns
[    0.135531] Initialise system trusted keyrings
[    0.135559] workingset: timestamp_bits=40 max_order=20 bucket_order=0
[    0.135644] NFS: Registering the id_resolver key type
[    0.135646] Key type id_resolver registered
[    0.135647] Key type id_legacy registered
[    0.135686] 9p: Installing v9fs 9p2000 file system support
[    0.138818] NET: Registered PF_ALG protocol family
[    0.138820] Key type asymmetric registered
[    0.138821] Asymmetric key parser 'x509' registered
[    0.138828] Block layer SCSI generic (bsg) driver version 0.4 loaded (major 252)
[    0.138838] io scheduler mq-deadline registered
[    0.138839] io scheduler kyber registered
[    0.138948] vesafb: mode is 800x600x24, linelength=2400, pages=0
[    0.138950] vesafb: scrolling: redraw
[    0.138950] vesafb: Truecolor: size=0:8:8:8, shift=0:16:8:0
[    0.138957] vesafb: framebuffer at 0xfd000000, mapped to 0x00000000f095a70a, using 1408k, total 1408k
[    0.139814] Console: switching to colour frame buffer device 100x37
[    0.140292] fb0: VESA VGA frame buffer device
[    0.140342] input: Power Button as /devices/LNXSYSTM:00/LNXPWRBN:00/input/input0
[    0.140389] ACPI: button: Power Button [PWRF]
[    0.140617] Serial: 8250/16550 driver, 4 ports, IRQ sharing enabled
[    0.140707] 00:03: ttyS0 at I/O 0x3f8 (irq = 4, base_baud = 115200) is a 16550A
[    0.140939] Non-volatile memory driver v1.3
[    0.140947] Linux agpgart interface v0.103
[    0.142329] loop: module loaded
[    0.142765] ahci 0000:00:02.0: version 3.0
[    0.142880] ACPI: \_SB_.GSIG: Enabled at IRQ 22
[    0.143447] ahci 0000:00:02.0: AHCI 0001.0000 32 slots 6 ports 1.5 Gbps 0x3f impl SATA mode
[    0.143726] ahci 0000:00:02.0: flags: 64bit ncq only 
[    0.144630] scsi host0: ahci
[    0.145007] scsi host1: ahci
[    0.145393] scsi host2: ahci
[    0.145714] scsi host3: ahci
[    0.146041] scsi host4: ahci
[    0.146609] scsi host5: ahci
[    0.146833] ata1: SATA max UDMA/133 abar m4096@0xfeb91000 port 0xfeb91100 irq 24
[    0.147056] ata2: SATA max UDMA/133 abar m4096@0xfeb91000 port 0xfeb91180 irq 24
[    0.147326] ata3: SATA max UDMA/133 abar m4096@0xfeb91000 port 0xfeb91200 irq 24
[    0.147517] ata4: SATA max UDMA/133 abar m4096@0xfeb91000 port 0xfeb91280 irq 24
[    0.147735] ata5: SATA max UDMA/133 abar m4096@0xfeb91000 port 0xfeb91300 irq 24
[    0.147917] ata6: SATA max UDMA/133 abar m4096@0xfeb91000 port 0xfeb91380 irq 24
[    0.148546] ahci 0000:00:1f.2: AHCI 0001.0000 32 slots 6 ports 1.5 Gbps 0x3f impl SATA mode
[    0.148733] ahci 0000:00:1f.2: flags: 64bit ncq only 
[    0.149475] scsi host6: ahci
[    0.149775] scsi host7: ahci
[    0.150040] scsi host8: ahci
[    0.150372] scsi host9: ahci
[    0.150611] scsi host10: ahci
[    0.150849] scsi host11: ahci
[    0.151054] ata7: SATA max UDMA/133 abar m4096@0xfeb94000 port 0xfeb94100 irq 25
[    0.151257] ata8: SATA max UDMA/133 abar m4096@0xfeb94000 port 0xfeb94180 irq 25
[    0.151401] ata9: SATA max UDMA/133 abar m4096@0xfeb94000 port 0xfeb94200 irq 25
[    0.151542] ata10: SATA max UDMA/133 abar m4096@0xfeb94000 port 0xfeb94280 irq 25
[    0.151690] ata11: SATA max UDMA/133 abar m4096@0xfeb94000 port 0xfeb94300 irq 25
[    0.151837] ata12: SATA max UDMA/133 abar m4096@0xfeb94000 port 0xfeb94380 irq 25
[    0.152072] e100: Intel(R) PRO/100 Network Driver
[    0.152235] e100: Copyright(c) 1999-2006 Intel Corporation
[    0.152361] e1000: Intel(R) PRO/1000 Network Driver
[    0.152483] e1000: Copyright (c) 1999-2006 Intel Corporation.
[    0.152606] sky2: driver version 1.30
[    0.153250] uhci_hcd 0000:00:1d.0: UHCI Host Controller
[    0.153394] uhci_hcd 0000:00:1d.0: new USB bus registered, assigned bus number 1
[    0.154956] uhci_hcd 0000:00:1d.0: irq 16, io port 0x0000c0a0
[    0.155142] usb usb1: New USB device found, idVendor=1d6b, idProduct=0001, bcdDevice= 6.04
[    0.155286] usb usb1: New USB device strings: Mfr=3, Product=2, SerialNumber=1
[    0.155432] usb usb1: Product: UHCI Host Controller
[    0.155583] usb usb1: Manufacturer: Linux 6.4.0-next-20230630-rgilles uhci_hcd
[    0.155746] usb usb1: SerialNumber: 0000:00:1d.0
[    0.155951] hub 1-0:1.0: USB hub found
[    0.156120] hub 1-0:1.0: 2 ports detected
[    0.156395] ehci-pci 0000:00:1d.7: EHCI Host Controller
[    0.156617] ehci-pci 0000:00:1d.7: new USB bus registered, assigned bus number 2
[    0.156875] ehci-pci 0000:00:1d.7: irq 19, io mem 0xfeb93000
[    0.163165] ehci-pci 0000:00:1d.7: USB 2.0 started, EHCI 1.00
[    0.163562] usb usb2: New USB device found, idVendor=1d6b, idProduct=0002, bcdDevice= 6.04
[    0.163737] usb usb2: New USB device strings: Mfr=3, Product=2, SerialNumber=1
[    0.163926] usb usb2: Product: EHCI Host Controller
[    0.164113] usb usb2: Manufacturer: Linux 6.4.0-next-20230630-rgilles ehci_hcd
[    0.164305] usb usb2: SerialNumber: 0000:00:1d.7
[    0.164580] hub 2-0:1.0: USB hub found
[    0.164774] hub 2-0:1.0: 6 ports detected
[    0.186225] hub 1-0:1.0: USB hub found
[    0.186607] hub 1-0:1.0: 2 ports detected
[    0.186882] uhci_hcd 0000:00:1d.1: UHCI Host Controller
[    0.187175] uhci_hcd 0000:00:1d.1: new USB bus registered, assigned bus number 3
[    0.187443] uhci_hcd 0000:00:1d.1: irq 17, io port 0x0000c0c0
[    0.187690] usb usb3: New USB device found, idVendor=1d6b, idProduct=0001, bcdDevice= 6.04
[    0.187901] usb usb3: New USB device strings: Mfr=3, Product=2, SerialNumber=1
[    0.188108] usb usb3: Product: UHCI Host Controller
[    0.188308] usb usb3: Manufacturer: Linux 6.4.0-next-20230630-rgilles uhci_hcd
[    0.188528] usb usb3: SerialNumber: 0000:00:1d.1
[    0.188826] hub 3-0:1.0: USB hub found
[    0.189032] hub 3-0:1.0: 2 ports detected
[    0.189644] uhci_hcd 0000:00:1d.2: UHCI Host Controller
[    0.189872] uhci_hcd 0000:00:1d.2: new USB bus registered, assigned bus number 4
[    0.190146] uhci_hcd 0000:00:1d.2: irq 18, io port 0x0000c0e0
[    0.190384] usb usb4: New USB device found, idVendor=1d6b, idProduct=0001, bcdDevice= 6.04
[    0.190587] usb usb4: New USB device strings: Mfr=3, Product=2, SerialNumber=1
[    0.190792] usb usb4: Product: UHCI Host Controller
[    0.191006] usb usb4: Manufacturer: Linux 6.4.0-next-20230630-rgilles uhci_hcd
[    0.191259] usb usb4: SerialNumber: 0000:00:1d.2
[    0.191573] hub 4-0:1.0: USB hub found
[    0.191808] hub 4-0:1.0: 2 ports detected
[    0.192065] usbcore: registered new interface driver usblp
[    0.192351] usbcore: registered new interface driver usb-storage
[    0.192570] i8042: PNP: PS/2 Controller [PNP0303:KBD,PNP0f13:MOU] at 0x60,0x64 irq 1,12
[    0.193181] serio: i8042 KBD port at 0x60,0x64 irq 1
[    0.193397] serio: i8042 AUX port at 0x60,0x64 irq 12
[    0.193670] mousedev: PS/2 mouse device common for all mice
[    0.194603] usbcore: registered new interface driver appletouch
[    0.194639] input: AT Translated Set 2 keyboard as /devices/platform/i8042/serio0/input/input1
[    0.195046] usbcore: registered new interface driver synaptics_usb
[    0.195503] rtc_cmos 00:04: RTC can wake from S4
[    0.195675] input: VirtualPS/2 VMware VMMouse as /devices/platform/i8042/serio1/input/input4
[    0.195955] rtc_cmos 00:04: registered as rtc0
[    0.196117] input: VirtualPS/2 VMware VMMouse as /devices/platform/i8042/serio1/input/input3
[    0.196244] rtc_cmos 00:04: alarms up to one day, y3k, 242 bytes nvram, hpet irqs
[    0.196692] i2c_dev: i2c /dev entries driver
[    0.196983] device-mapper: ioctl: 4.48.0-ioctl (2023-03-01) initialised: dm-devel@redhat.com
[    0.197287] intel_pstate: CPU model not supported
[    0.197533] hid: raw HID events driver (C) Jiri Kosina
[    0.197827] usbcore: registered new interface driver usbhid
[    0.198058] usbhid: USB HID core driver
[    0.198868] Initializing XFRM netlink socket
[    0.199221] NET: Registered PF_INET6 protocol family
[    0.199679] Segment Routing with IPv6
[    0.199935] In-situ OAM (IOAM) with IPv6
[    0.200255] sit: IPv6, IPv4 and MPLS over IPv4 tunneling driver
[    0.200564] NET: Registered PF_PACKET protocol family
[    0.200908] Bluetooth: RFCOMM TTY layer initialized
[    0.201151] Bluetooth: RFCOMM socket layer initialized
[    0.201388] Bluetooth: RFCOMM ver 1.11
[    0.201609] Bluetooth: BNEP (Ethernet Emulation) ver 1.3
[    0.201843] Bluetooth: BNEP filters: protocol multicast
[    0.202083] Bluetooth: BNEP socket layer initialized
[    0.202394] Bluetooth: HIDP (Human Interface Emulation) ver 1.2
[    0.202620] Bluetooth: HIDP socket layer initialized
[    0.202854] 9pnet: Installing 9P2000 support
[    0.203072] Key type dns_resolver registered
[    0.203624] IPI shorthand broadcast: enabled
[    0.204640] sched_clock: Marking stable (204001296, 102113)->(218400184, -14296775)
[    0.204949] registered taskstats version 1
[    0.205197] Loading compiled-in X.509 certificates
[    0.206322] PM:   Magic number: 15:243:935
[    0.206565] printk: console [netcon0] enabled
[    0.206773] netconsole: network logging started
[    0.206994] cfg80211: Loading compiled-in X.509 certificates for regulatory database
[    0.207452] kworker/u8:12 (96) used greatest stack depth: 14736 bytes left
[    0.207818] Loaded X.509 cert 'sforshee: 00b28ddf47aef9cea7'
[    0.208057] platform regulatory.0: Direct firmware load for regulatory.db failed with error -2
[    0.208344] cfg80211: failed to load regulatory.db
[    0.208563] ALSA device list:
[    0.208758]   No soundcards found.
[    0.454030] ata6: SATA link down (SStatus 0 SControl 300)
[    0.454679] ata4: SATA link down (SStatus 0 SControl 300)
[    0.454942] ata3: SATA link down (SStatus 0 SControl 300)
[    0.455275] ata5: SATA link down (SStatus 0 SControl 300)
[    0.455546] ata2: SATA link down (SStatus 0 SControl 300)
[    0.455817] ata1: SATA link up 1.5 Gbps (SStatus 113 SControl 300)
[    0.456082] ata1.00: ATA-7: QEMU HARDDISK, 2.5+, max UDMA/100
[    0.456341] ata1.00: 104857600 sectors, multi 16: LBA48 NCQ (depth 32)
[    0.456519] ata1.00: applying bridge limits
[    0.456766] ata1.00: configured for UDMA/100
[    0.457056] scsi 0:0:0:0: Direct-Access     ATA      QEMU HARDDISK    2.5+ PQ: 0 ANSI: 5
[    0.457570] sd 0:0:0:0: [sda] 104857600 512-byte logical blocks: (53.7 GB/50.0 GiB)
[    0.457772] sd 0:0:0:0: [sda] Write Protect is off
[    0.457959] sd 0:0:0:0: [sda] Mode Sense: 00 3a 00 00
[    0.457976] sd 0:0:0:0: [sda] Write cache: enabled, read cache: enabled, doesn't support DPO or FUA
[    0.458546] sd 0:0:0:0: [sda] Preferred minimum I/O size 512 bytes
[    0.459267]  sda: sda1 sda2 sda3 sda4
[    0.459589] sd 0:0:0:0: [sda] Attached SCSI disk
[    0.462031] ata7: SATA link down (SStatus 0 SControl 300)
[    0.462356] ata11: SATA link down (SStatus 0 SControl 300)
[    0.462608] ata12: SATA link down (SStatus 0 SControl 300)
[    0.462858] ata9: SATA link down (SStatus 0 SControl 300)
[    0.463105] ata8: SATA link down (SStatus 0 SControl 300)
[    0.463603] ata10: SATA link down (SStatus 0 SControl 300)
[    0.463841] md: Waiting for all devices to be available before autodetect
[    0.464048] md: If you don't use raid, use raid=noautodetect
[    0.464298] md: Autodetecting RAID arrays.
[    0.464480] md: autorun ...
[    0.464670] md: ... autorun DONE.
[    0.467230] EXT4-fs (sda2): mounted filesystem 9a96d539-a0a1-43a4-9d69-6279b585dcee ro with ordered data mode. Quota mode: disabled.
[    0.467826] VFS: Mounted root (ext4 filesystem) readonly on device 8:2.
[    0.468358] devtmpfs: mounted
[    0.468942] Freeing unused kernel image (initmem) memory: 2620K
[    0.472179] Write protecting the kernel read-only data: 22528k
[    0.472682] Freeing unused kernel image (rodata/data gap) memory: 628K
[    0.472905] Run /sbin/init as init process
[    0.473147]   with arguments:
[    0.473147]     /sbin/init
[    0.473148]   with environment:
[    0.473149]     HOME=/
[    0.473150]     TERM=linux
[    0.473150]     BOOT_IMAGE=/vmlinuz-6.4.0-next-20230630-rgilles
[    0.473151]     vga=789
[    0.830260] systemd[1]: systemd 251 running in system mode (+PAM -AUDIT -SELINUX -APPARMOR +IMA +SMACK -SECCOMP -GCRYPT +GNUTLS +OPENSSL +ACL +BLKID +CURL -ELFUTILS -FIDO2 -IDN2 -IDN -IPTC +KMOD -LIBCRYPTSETUP +LIBFDISK -PCRE2 -PWQUALITY +P11KIT -QRENCODE -TPM2 +BZIP2 -LZ4 +XZ +ZLIB +ZSTD -BPF_FRAMEWORK -XKBCOMMON +UTMP +SYSVINIT default-hierarchy=unified)
[    0.831581] systemd[1]: Detected virtualization kvm.
[    0.831832] systemd[1]: Detected architecture x86-64.
[    0.837078] systemd[1]: Hostname set to <rgilles>.
[    0.882385] systemd-rc-loca (109) used greatest stack depth: 13304 bytes left
[    1.071729] systemd[1]: /usr/lib/systemd/system/cups.socket:6: ListenStream= references a path below legacy directory /var/run/, updating /var/run/cups/cups.sock â†’ /run/cups/cups.sock; please update the unit file accordingly.
[    1.116769] systemd[1]: Queued start job for default target Graphical Interface.
[    1.129410] systemd[1]: Created slice Slice /system/getty.
[    1.130367] systemd[1]: Created slice Slice /system/modprobe.
[    1.131034] systemd[1]: Created slice Slice /system/systemd-fsck.
[    1.131793] systemd[1]: Created slice User and Session Slice.
[    1.132399] systemd[1]: Started Dispatch Password Requests to Console Directory Watch.
[    1.133001] systemd[1]: Started Forward Password Requests to Wall Directory Watch.
[    1.133745] systemd[1]: Set up automount Arbitrary Executable File Formats File System Automount Point.
[    1.134755] systemd[1]: Reached target User and Group Name Lookups.
[    1.135373] systemd[1]: Reached target Remote File Systems.
[    1.135989] systemd[1]: Reached target Slice Units.
[    1.137701] systemd[1]: Listening on Process Core Dump Socket.
[    1.138647] systemd[1]: Listening on initctl Compatibility Named Pipe.
[    1.144353] modprobe (114) used greatest stack depth: 12968 bytes left
[    1.144379] systemd[1]: Journal Audit Socket was skipped because of a failed condition check (ConditionSecurity=audit).
[    1.145447] systemd[1]: Listening on Journal Socket (/dev/log).
[    1.146094] systemd[1]: Listening on Journal Socket.
[    1.146857] systemd[1]: Listening on Network Service Netlink Socket.
[    1.147517] systemd[1]: Listening on Userspace Out-Of-Memory (OOM) Killer Socket.
[    1.148351] systemd[1]: Listening on udev Control Socket.
[    1.149003] systemd[1]: Listening on udev Kernel Socket.
[    1.164261] systemd[1]: Mounting Huge Pages File System...
[    1.165469] systemd[1]: Mounting POSIX Message Queue File System...
[    1.166414] systemd[1]: Mounting Kernel Debug File System...
[    1.167407] systemd[1]: Mounting Kernel Trace File System...
[    1.168597] systemd[1]: Starting Create List of Static Device Nodes...
[    1.169622] systemd[1]: Starting Load Kernel Module configfs...
[    1.170858] systemd[1]: Starting Load Kernel Module drm...
[    1.172003] systemd[1]: Starting Load Kernel Module fuse...
[    1.173386] systemd[1]: Starting File System Check on Root Device...
[    1.174015] fuse: init (API version 7.38)
[    1.174590] systemd[1]: systemd-journald.service: unit configures an IP firewall, but the local system does not support BPF/cgroup firewalling.
[    1.175367] systemd[1]: (This warning is only shown for the first unit using IP firewalling.)
[    1.175967] systemd[1]: Starting Journal Service...
[    1.176556] ACPI: bus type drm_connector registered
[    1.181877] systemd[1]: Load Kernel Modules was skipped because all trigger condition checks failed.
[    1.182942] systemd[1]: Starting Generate network units from Kernel command line...
[    1.183629] systemd[1]: Repartition Root Disk was skipped because all trigger condition checks failed.
[    1.184603] systemd[1]: Starting Apply Kernel Variables...
[    1.185576] systemd[1]: Starting Coldplug All udev Devices...
[    1.187231] systemd[1]: Finished Create List of Static Device Nodes.
[    1.188140] systemd[1]: modprobe@configfs.service: Deactivated successfully.
[    1.188500] systemd[1]: Finished Load Kernel Module configfs.
[    1.189317] systemd[1]: modprobe@drm.service: Deactivated successfully.
[    1.189675] systemd[1]: Finished Load Kernel Module drm.
[    1.190478] systemd[1]: modprobe@fuse.service: Deactivated successfully.
[    1.190821] systemd[1]: Finished Load Kernel Module fuse.
[    1.192049] systemd[1]: Mounted Huge Pages File System.
[    1.192858] systemd[1]: Mounted POSIX Message Queue File System.
[    1.193514] systemd[1]: Mounted Kernel Debug File System.
[    1.194116] systemd[1]: Mounted Kernel Trace File System.
[    1.195075] systemd[1]: Mounting FUSE Control File System...
[    1.195804] systemd[1]: Kernel Configuration File System was skipped because of a failed condition check (ConditionPathExists=/sys/kernel/config).
[    1.196862] systemd[1]: Starting Create Static Device Nodes in /dev...
[    1.197736] systemd[1]: Mounted FUSE Control File System.
[    1.198997] systemd[1]: Finished Generate network units from Kernel command line.
[    1.199745] systemd[1]: Reached target Preparation for Network.
[    1.210532] systemd[1]: Started Journal Service.
[    1.276732] EXT4-fs (sda2): re-mounted 9a96d539-a0a1-43a4-9d69-6279b585dcee r/w. Quota mode: disabled.
[    1.288616] systemd-journald[125]: Received client request to flush runtime journal.
[    1.730645] ACPI: \_SB_.GSIH: Enabled at IRQ 23
[    1.732400] ACPI: \_SB_.GSIE: Enabled at IRQ 20
[    1.754187] virtio_net virtio0 enp0s3: renamed from eth0
[    1.780268] lpc_ich 0000:00:1f.0: I/O space for GPIO uninitialized
[    1.780962] i801_smbus 0000:00:1f.3: SMBus using PCI interrupt
[    1.781341] i2c i2c-0: 1/1 memory slots populated (from DMI)
[    1.781584] i2c i2c-0: Memory type 0x07 not supported yet, not instantiating SPD
[    2.015107] Adding 4194300k swap on /dev/sda4.  Priority:1 extents:1 across:4194300k 
[    2.074721] EXT4-fs (sda1): mounted filesystem e10690b9-d798-45ee-b464-2a0b3375d38e r/w with ordered data mode. Quota mode: disabled.
[    2.255241] EXT4-fs (sda3): mounted filesystem 542587c5-56bd-4ef5-b9cd-8b23fcb4885f r/w with ordered data mode. Quota mode: disabled.
