[    0.000000] Linux version 6.4.0-rgilles-ga507db1d8fdc (root@rgilles) (gcc (GCC) 12.2.0, GNU ld (GNU Binutils) 2.39) #1 SMP PREEMPT_DYNAMIC Sat Jul  1 12:52:40 CEST 2023
[    0.000000] Command line: BOOT_IMAGE=/vmlinuz-6.4.0-rgilles-ga507db1d8fdc root=PARTUUID=242f11bc-02 ro nomodeset vga=789
[    0.000000] KERNEL supported cpus:
[    0.000000]   Intel GenuineIntel
[    0.000000]   AMD AuthenticAMD
[    0.000000]   Hygon HygonGenuine
[    0.000000]   Centaur CentaurHauls
[    0.000000]   zhaoxin   Shanghai  
[    0.000000] BIOS-provided physical RAM map:
[    0.000000] BIOS-e820: [mem 0x0000000000000000-0x000000000009fbff] usable
[    0.000000] BIOS-e820: [mem 0x000000000009fc00-0x000000000009ffff] reserved
[    0.000000] BIOS-e820: [mem 0x00000000000f0000-0x00000000000fffff] reserved
[    0.000000] BIOS-e820: [mem 0x0000000000100000-0x000000007ffddfff] usable
[    0.000000] BIOS-e820: [mem 0x000000007ffde000-0x000000007fffffff] reserved
[    0.000000] BIOS-e820: [mem 0x00000000b0000000-0x00000000bfffffff] reserved
[    0.000000] BIOS-e820: [mem 0x00000000fed1c000-0x00000000fed1ffff] reserved
[    0.000000] BIOS-e820: [mem 0x00000000feffc000-0x00000000feffffff] reserved
[    0.000000] BIOS-e820: [mem 0x00000000fffc0000-0x00000000ffffffff] reserved
[    0.000000] BIOS-e820: [mem 0x0000000100000000-0x000000017fffffff] usable
[    0.000000] NX (Execute Disable) protection: active
[    0.000000] SMBIOS 2.8 present.
[    0.000000] DMI: QEMU Standard PC (Q35 + ICH9, 2009), BIOS 1.15.0-1 04/01/2014
[    0.000000] Hypervisor detected: KVM
[    0.000000] kvm-clock: Using msrs 4b564d01 and 4b564d00
[    0.000000] kvm-clock: using sched offset of 2518561590337 cycles
[    0.000004] clocksource: kvm-clock: mask: 0xffffffffffffffff max_cycles: 0x1cd42e4dffb, max_idle_ns: 881590591483 ns
[    0.000009] tsc: Detected 2112.000 MHz processor
[    0.000396] e820: update [mem 0x00000000-0x00000fff] usable ==> reserved
[    0.000397] e820: remove [mem 0x000a0000-0x000fffff] usable
[    0.000400] last_pfn = 0x180000 max_arch_pfn = 0x400000000
[    0.000419] MTRR map: 4 entries (3 fixed + 1 variable; max 19), built from 8 variable MTRRs
[    0.000425] x86/PAT: Configuration [0-7]: WB  WC  UC- UC  WB  WP  UC- WT  
[    0.000454] last_pfn = 0x7ffde max_arch_pfn = 0x400000000
[    0.004918] found SMP MP-table at [mem 0x000f5b70-0x000f5b7f]
[    0.005041] Using GB pages for direct mapping
[    0.005061] Incomplete global flushes, disabling PCID
[    0.005192] ACPI: Early table checksum verification disabled
[    0.005213] ACPI: RSDP 0x00000000000F59A0 000014 (v00 BOCHS )
[    0.005221] ACPI: RSDT 0x000000007FFE2404 000038 (v01 BOCHS  BXPC     00000001 BXPC 00000001)
[    0.005228] ACPI: FACP 0x000000007FFE21E4 0000F4 (v03 BOCHS  BXPC     00000001 BXPC 00000001)
[    0.005235] ACPI: DSDT 0x000000007FFE0040 0021A4 (v01 BOCHS  BXPC     00000001 BXPC 00000001)
[    0.005237] ACPI: FACS 0x000000007FFE0000 000040
[    0.005239] ACPI: APIC 0x000000007FFE22D8 000090 (v01 BOCHS  BXPC     00000001 BXPC 00000001)
[    0.005240] ACPI: HPET 0x000000007FFE2368 000038 (v01 BOCHS  BXPC     00000001 BXPC 00000001)
[    0.005242] ACPI: MCFG 0x000000007FFE23A0 00003C (v01 BOCHS  BXPC     00000001 BXPC 00000001)
[    0.005243] ACPI: WAET 0x000000007FFE23DC 000028 (v01 BOCHS  BXPC     00000001 BXPC 00000001)
[    0.005246] ACPI: Reserving FACP table memory at [mem 0x7ffe21e4-0x7ffe22d7]
[    0.005247] ACPI: Reserving DSDT table memory at [mem 0x7ffe0040-0x7ffe21e3]
[    0.005247] ACPI: Reserving FACS table memory at [mem 0x7ffe0000-0x7ffe003f]
[    0.005248] ACPI: Reserving APIC table memory at [mem 0x7ffe22d8-0x7ffe2367]
[    0.005248] ACPI: Reserving HPET table memory at [mem 0x7ffe2368-0x7ffe239f]
[    0.005248] ACPI: Reserving MCFG table memory at [mem 0x7ffe23a0-0x7ffe23db]
[    0.005249] ACPI: Reserving WAET table memory at [mem 0x7ffe23dc-0x7ffe2403]
[    0.005423] No NUMA configuration found
[    0.005424] Faking a node at [mem 0x0000000000000000-0x000000017fffffff]
[    0.005426] NODE_DATA(0) allocated [mem 0x17fffa000-0x17fffdfff]
[    0.005472] Zone ranges:
[    0.005476]   DMA      [mem 0x0000000000001000-0x0000000000ffffff]
[    0.005478]   DMA32    [mem 0x0000000001000000-0x00000000ffffffff]
[    0.005480]   Normal   [mem 0x0000000100000000-0x000000017fffffff]
[    0.005480] Movable zone start for each node
[    0.005481] Early memory node ranges
[    0.005481]   node   0: [mem 0x0000000000001000-0x000000000009efff]
[    0.005483]   node   0: [mem 0x0000000000100000-0x000000007ffddfff]
[    0.005483]   node   0: [mem 0x0000000100000000-0x000000017fffffff]
[    0.005484] Initmem setup node 0 [mem 0x0000000000001000-0x000000017fffffff]
[    0.005489] On node 0, zone DMA: 1 pages in unavailable ranges
[    0.005510] On node 0, zone DMA: 97 pages in unavailable ranges
[    0.014893] On node 0, zone Normal: 34 pages in unavailable ranges
[    0.015129] ACPI: PM-Timer IO Port: 0x608
[    0.015141] ACPI: LAPIC_NMI (acpi_id[0xff] dfl dfl lint[0x1])
[    0.015167] IOAPIC[0]: apic_id 0, version 17, address 0xfec00000, GSI 0-23
[    0.015171] ACPI: INT_SRC_OVR (bus 0 bus_irq 0 global_irq 2 dfl dfl)
[    0.015172] ACPI: INT_SRC_OVR (bus 0 bus_irq 5 global_irq 5 high level)
[    0.015175] ACPI: INT_SRC_OVR (bus 0 bus_irq 9 global_irq 9 high level)
[    0.015178] ACPI: INT_SRC_OVR (bus 0 bus_irq 10 global_irq 10 high level)
[    0.015179] ACPI: INT_SRC_OVR (bus 0 bus_irq 11 global_irq 11 high level)
[    0.015181] ACPI: Using ACPI (MADT) for SMP configuration information
[    0.015182] ACPI: HPET id: 0x8086a201 base: 0xfed00000
[    0.015188] TSC deadline timer available
[    0.015191] smpboot: Allowing 4 CPUs, 0 hotplug CPUs
[    0.015231] kvm-guest: KVM setup pv remote TLB flush
[    0.015233] kvm-guest: setup PV sched yield
[    0.015247] PM: hibernation: Registered nosave memory: [mem 0x00000000-0x00000fff]
[    0.015249] PM: hibernation: Registered nosave memory: [mem 0x0009f000-0x0009ffff]
[    0.015249] PM: hibernation: Registered nosave memory: [mem 0x000a0000-0x000effff]
[    0.015250] PM: hibernation: Registered nosave memory: [mem 0x000f0000-0x000fffff]
[    0.015250] PM: hibernation: Registered nosave memory: [mem 0x7ffde000-0x7fffffff]
[    0.015251] PM: hibernation: Registered nosave memory: [mem 0x80000000-0xafffffff]
[    0.015251] PM: hibernation: Registered nosave memory: [mem 0xb0000000-0xbfffffff]
[    0.015251] PM: hibernation: Registered nosave memory: [mem 0xc0000000-0xfed1bfff]
[    0.015252] PM: hibernation: Registered nosave memory: [mem 0xfed1c000-0xfed1ffff]
[    0.015252] PM: hibernation: Registered nosave memory: [mem 0xfed20000-0xfeffbfff]
[    0.015252] PM: hibernation: Registered nosave memory: [mem 0xfeffc000-0xfeffffff]
[    0.015253] PM: hibernation: Registered nosave memory: [mem 0xff000000-0xfffbffff]
[    0.015253] PM: hibernation: Registered nosave memory: [mem 0xfffc0000-0xffffffff]
[    0.015254] [mem 0xc0000000-0xfed1bfff] available for PCI devices
[    0.015255] Booting paravirtualized kernel on KVM
[    0.015263] clocksource: refined-jiffies: mask: 0xffffffff max_cycles: 0xffffffff, max_idle_ns: 1910969940391419 ns
[    0.018882] setup_percpu: NR_CPUS:64 nr_cpumask_bits:4 nr_cpu_ids:4 nr_node_ids:1
[    0.019695] percpu: Embedded 54 pages/cpu s182568 r8192 d30424 u524288
[    0.019702] pcpu-alloc: s182568 r8192 d30424 u524288 alloc=1*2097152
[    0.019705] pcpu-alloc: [0] 0 1 2 3 
[    0.019727] kvm-guest: PV spinlocks enabled
[    0.019727] PV qspinlock hash table entries: 256 (order: 0, 4096 bytes, linear)
[    0.019734] Kernel command line: BOOT_IMAGE=/vmlinuz-6.4.0-rgilles-ga507db1d8fdc root=PARTUUID=242f11bc-02 ro nomodeset vga=789
[    0.019844] Booted with the nomodeset parameter. Only the system framebuffer will be available
[    0.019851] Unknown kernel command line parameters "BOOT_IMAGE=/vmlinuz-6.4.0-rgilles-ga507db1d8fdc vga=789", will be passed to user space.
[    0.019878] random: crng init done
[    0.020299] Dentry cache hash table entries: 524288 (order: 10, 4194304 bytes, linear)
[    0.020851] Inode-cache hash table entries: 262144 (order: 9, 2097152 bytes, linear)
[    0.020930] Fallback order for Node 0: 0 
[    0.020937] Built 1 zonelists, mobility grouping on.  Total pages: 1031902
[    0.020938] Policy zone: Normal
[    0.020940] mem auto-init: stack:all(zero), heap alloc:off, heap free:off
[    0.020954] software IO TLB: area num 4.
[    0.059675] Memory: 4019048K/4193776K available (16384K kernel code, 2728K rwdata, 5508K rodata, 2612K init, 2124K bss, 174468K reserved, 0K cma-reserved)
[    0.059720] SLUB: HWalign=64, Order=0-3, MinObjects=0, CPUs=4, Nodes=1
[    0.061269] Dynamic Preempt: voluntary
[    0.061306] rcu: Preemptible hierarchical RCU implementation.
[    0.061308] rcu: 	RCU event tracing is enabled.
[    0.061308] rcu: 	RCU restricting CPUs from NR_CPUS=64 to nr_cpu_ids=4.
[    0.061309] 	Trampoline variant of Tasks RCU enabled.
[    0.061310] rcu: RCU calculated value of scheduler-enlistment delay is 100 jiffies.
[    0.061310] rcu: Adjusting geometry for rcu_fanout_leaf=16, nr_cpu_ids=4
[    0.062427] NR_IRQS: 4352, nr_irqs: 456, preallocated irqs: 16
[    0.062610] rcu: srcu_init: Setting srcu_struct sizes based on contention.
[    0.062673] Console: colour dummy device 80x25
[    0.062677] printk: console [tty0] enabled
[    0.062767] ACPI: Core revision 20230331
[    0.062858] clocksource: hpet: mask: 0xffffffff max_cycles: 0xffffffff, max_idle_ns: 19112604467 ns
[    0.062929] APIC: Switch to symmetric I/O mode setup
[    0.063036] x2apic enabled
[    0.063164] Switched APIC routing to physical x2apic.
[    0.063166] kvm-guest: setup PV IPIs
[    0.063719] ..TIMER: vector=0x30 apic1=0 pin1=2 apic2=-1 pin2=-1
[    0.063731] clocksource: tsc-early: mask: 0xffffffffffffffff max_cycles: 0x1e71785e5dd, max_idle_ns: 440795244814 ns
[    0.063737] Calibrating delay loop (skipped) preset value.. 4224.00 BogoMIPS (lpj=2112000)
[    0.064793] x86/cpu: User Mode Instruction Prevention (UMIP) activated
[    0.064984] Last level iTLB entries: 4KB 0, 2MB 0, 4MB 0
[    0.065011] Last level dTLB entries: 4KB 0, 2MB 0, 4MB 0, 1GB 0
[    0.065028] Spectre V1 : Mitigation: usercopy/swapgs barriers and __user pointer sanitization
[    0.065032] Spectre V2 : Mitigation: Enhanced / Automatic IBRS
[    0.065033] Spectre V2 : Spectre v2 / SpectreRSB mitigation: Filling RSB on context switch
[    0.065034] Spectre V2 : Spectre v2 / PBRSB-eIBRS: Retire a single CALL on VMEXIT
[    0.065037] Spectre V2 : mitigation: Enabling conditional Indirect Branch Prediction Barrier
[    0.065039] Speculative Store Bypass: Mitigation: Speculative Store Bypass disabled via prctl
[    0.065055] x86/fpu: Supporting XSAVE feature 0x001: 'x87 floating point registers'
[    0.065058] x86/fpu: Supporting XSAVE feature 0x002: 'SSE registers'
[    0.065059] x86/fpu: Supporting XSAVE feature 0x004: 'AVX registers'
[    0.065061] x86/fpu: Supporting XSAVE feature 0x200: 'Protection Keys User registers'
[    0.065062] x86/fpu: xstate_offset[2]:  576, xstate_sizes[2]:  256
[    0.065064] x86/fpu: xstate_offset[9]:  832, xstate_sizes[9]:    8
[    0.065065] x86/fpu: Enabled xstate features 0x207, context size is 840 bytes, using 'compacted' format.
[    0.076324] Freeing SMP alternatives memory: 44K
[    0.076331] pid_max: default: 32768 minimum: 301
[    0.076376] LSM: initializing lsm=capability,integrity
[    0.076438] Mount-cache hash table entries: 8192 (order: 4, 65536 bytes, linear)
[    0.076461] Mountpoint-cache hash table entries: 8192 (order: 4, 65536 bytes, linear)
[    0.076859] smpboot: CPU0: 12th Gen Intel(R) Core(TM) i7-12700 (family: 0x6, model: 0x97, stepping: 0x2)
[    0.076977] RCU Tasks: Setting shift to 2 and lim to 1 rcu_task_cb_adjust=1.
[    0.076991] Performance Events: Alderlake Hybrid events, full-width counters, Intel PMU driver.
[    0.077146] core: cpu_core PMU driver: 
[    0.077148] ... version:                2
[    0.077148] ... bit width:              48
[    0.077149] ... generic registers:      6
[    0.077150] ... value mask:             0000ffffffffffff
[    0.077151] ... max period:             00007fffffffffff
[    0.077151] ... fixed-purpose events:   3
[    0.077152] ... event mask:             0001000f0000003f
[    0.077181] signal: max sigframe size: 3632
[    0.077205] rcu: Hierarchical SRCU implementation.
[    0.077206] rcu: 	Max phase no-delay instances is 400.
[    0.077474] smp: Bringing up secondary CPUs ...
[    0.077556] smpboot: x86: Booting SMP configuration:
[    0.077557] .... node  #0, CPUs:      #1 #2 #3
[    0.077843] smp: Brought up 1 node, 4 CPUs
[    0.077847] smpboot: Max logical packages: 1
[    0.077848] smpboot: Total of 4 processors activated (16896.00 BogoMIPS)
[    0.079482] devtmpfs: initialized
[    0.079814] clocksource: jiffies: mask: 0xffffffff max_cycles: 0xffffffff, max_idle_ns: 1911260446275000 ns
[    0.079814] futex hash table entries: 1024 (order: 4, 65536 bytes, linear)
[    0.079862] PM: RTC time: 11:02:58, date: 2023-07-01
[    0.080165] NET: Registered PF_NETLINK/PF_ROUTE protocol family
[    0.080247] thermal_sys: Registered thermal governor 'step_wise'
[    0.080247] thermal_sys: Registered thermal governor 'user_space'
[    0.080252] cpuidle: using governor menu
[    0.080427] PCI: MMCONFIG for domain 0000 [bus 00-ff] at [mem 0xb0000000-0xbfffffff] (base 0xb0000000)
[    0.080446] PCI: MMCONFIG at [mem 0xb0000000-0xbfffffff] reserved as E820 entry
[    0.080451] PCI: Using configuration type 1 for base access
[    0.080558] kprobes: kprobe jump-optimization is enabled. All kprobes are optimized if possible.
[    0.081861] HugeTLB: registered 2.00 MiB page size, pre-allocated 0 pages
[    0.081861] HugeTLB: 28 KiB vmemmap can be freed for a 2.00 MiB page
[    0.082371] ACPI: Added _OSI(Module Device)
[    0.082371] ACPI: Added _OSI(Processor Device)
[    0.082371] ACPI: Added _OSI(3.0 _SCP Extensions)
[    0.082371] ACPI: Added _OSI(Processor Aggregator Device)
[    0.082371] ACPI: 1 ACPI AML tables successfully acquired and loaded
[    0.121920] ACPI: Interpreter enabled
[    0.121920] ACPI: PM: (supports S0 S3 S4 S5)
[    0.121920] ACPI: Using IOAPIC for interrupt routing
[    0.121920] PCI: Using host bridge windows from ACPI; if necessary, use "pci=nocrs" and report a bug
[    0.121920] PCI: Using E820 reservations for host bridge windows
[    0.121920] ACPI: Enabled 2 GPEs in block 00 to 3F
[    0.122537] ACPI: PCI Root Bridge [PCI0] (domain 0000 [bus 00-ff])
[    0.122540] acpi PNP0A08:00: _OSC: OS supports [ExtendedConfig ASPM ClockPM Segments MSI HPX-Type3]
[    0.122557] acpi PNP0A08:00: _OSC: platform does not support [LTR]
[    0.122576] acpi PNP0A08:00: _OSC: OS now controls [PME PCIeCapability]
[    0.122607] PCI host bridge to bus 0000:00
[    0.122608] pci_bus 0000:00: root bus resource [io  0x0000-0x0cf7 window]
[    0.122610] pci_bus 0000:00: root bus resource [io  0x0d00-0xffff window]
[    0.122612] pci_bus 0000:00: root bus resource [mem 0x000a0000-0x000bffff window]
[    0.122613] pci_bus 0000:00: root bus resource [mem 0x80000000-0xafffffff window]
[    0.122614] pci_bus 0000:00: root bus resource [mem 0xc0000000-0xfebfffff window]
[    0.122615] pci_bus 0000:00: root bus resource [mem 0x180000000-0x97fffffff window]
[    0.122616] pci_bus 0000:00: root bus resource [bus 00-ff]
[    0.122640] pci 0000:00:00.0: [8086:29c0] type 00 class 0x060000
[    0.122734] pci 0000:00:01.0: [1234:1111] type 00 class 0x030000
[    0.123760] pci 0000:00:01.0: reg 0x10: [mem 0xfd000000-0xfdffffff pref]
[    0.124986] pci 0000:00:01.0: reg 0x18: [mem 0xfeb90000-0xfeb90fff]
[    0.127985] pci 0000:00:01.0: reg 0x30: [mem 0xfeb80000-0xfeb8ffff pref]
[    0.128086] pci 0000:00:01.0: Video device with shadowed ROM at [mem 0x000c0000-0x000dffff]
[    0.128307] pci 0000:00:02.0: [8086:2922] type 00 class 0x010601
[    0.130134] pci 0000:00:02.0: reg 0x20: [io  0xc040-0xc05f]
[    0.130531] pci 0000:00:02.0: reg 0x24: [mem 0xfeb91000-0xfeb91fff]
[    0.131130] pci 0000:00:03.0: [1af4:1000] type 00 class 0x020000
[    0.131736] pci 0000:00:03.0: reg 0x10: [io  0xc060-0xc07f]
[    0.132299] pci 0000:00:03.0: reg 0x14: [mem 0xfeb92000-0xfeb92fff]
[    0.133736] pci 0000:00:03.0: reg 0x20: [mem 0xfe000000-0xfe003fff 64bit pref]
[    0.134735] pci 0000:00:03.0: reg 0x30: [mem 0xfeb00000-0xfeb7ffff pref]
[    0.134993] pci 0000:00:04.0: [1af4:1005] type 00 class 0x00ff00
[    0.135307] pci 0000:00:04.0: reg 0x10: [io  0xc080-0xc09f]
[    0.136253] pci 0000:00:04.0: reg 0x20: [mem 0xfe004000-0xfe007fff 64bit pref]
[    0.138229] pci 0000:00:1d.0: [8086:2934] type 00 class 0x0c0300
[    0.139164] pci 0000:00:1d.0: reg 0x20: [io  0xc0a0-0xc0bf]
[    0.139539] pci 0000:00:1d.1: [8086:2935] type 00 class 0x0c0300
[    0.141251] pci 0000:00:1d.1: reg 0x20: [io  0xc0c0-0xc0df]
[    0.141645] pci 0000:00:1d.2: [8086:2936] type 00 class 0x0c0300
[    0.142421] pci 0000:00:1d.2: reg 0x20: [io  0xc0e0-0xc0ff]
[    0.142421] pci 0000:00:1d.7: [8086:293a] type 00 class 0x0c0320
[    0.142421] pci 0000:00:1d.7: reg 0x10: [mem 0xfeb93000-0xfeb93fff]
[    0.142734] pci 0000:00:1f.0: [8086:2918] type 00 class 0x060100
[    0.142734] pci 0000:00:1f.0: quirk: [io  0x0600-0x067f] claimed by ICH6 ACPI/GPIO/TCO
[    0.142734] pci 0000:00:1f.2: [8086:2922] type 00 class 0x010601
[    0.146604] pci 0000:00:1f.2: reg 0x20: [io  0xc100-0xc11f]
[    0.146735] pci 0000:00:1f.2: reg 0x24: [mem 0xfeb94000-0xfeb94fff]
[    0.147109] pci 0000:00:1f.3: [8086:2930] type 00 class 0x0c0500
[    0.147819] pci 0000:00:1f.3: reg 0x20: [io  0x0700-0x073f]
[    0.148421] ACPI: PCI: Interrupt link LNKA configured for IRQ 10
[    0.148449] ACPI: PCI: Interrupt link LNKB configured for IRQ 10
[    0.148475] ACPI: PCI: Interrupt link LNKC configured for IRQ 11
[    0.148499] ACPI: PCI: Interrupt link LNKD configured for IRQ 11
[    0.148523] ACPI: PCI: Interrupt link LNKE configured for IRQ 10
[    0.148548] ACPI: PCI: Interrupt link LNKF configured for IRQ 10
[    0.148573] ACPI: PCI: Interrupt link LNKG configured for IRQ 11
[    0.148597] ACPI: PCI: Interrupt link LNKH configured for IRQ 11
[    0.148609] ACPI: PCI: Interrupt link GSIA configured for IRQ 16
[    0.148612] ACPI: PCI: Interrupt link GSIB configured for IRQ 17
[    0.148616] ACPI: PCI: Interrupt link GSIC configured for IRQ 18
[    0.148619] ACPI: PCI: Interrupt link GSID configured for IRQ 19
[    0.148623] ACPI: PCI: Interrupt link GSIE configured for IRQ 20
[    0.148626] ACPI: PCI: Interrupt link GSIF configured for IRQ 21
[    0.148654] ACPI: PCI: Interrupt link GSIG configured for IRQ 22
[    0.148657] ACPI: PCI: Interrupt link GSIH configured for IRQ 23
[    0.148914] iommu: Default domain type: Translated
[    0.148918] iommu: DMA domain TLB invalidation policy: lazy mode
[    0.149026] SCSI subsystem initialized
[    0.149054] libata version 3.00 loaded.
[    0.149054] ACPI: bus type USB registered
[    0.149054] usbcore: registered new interface driver usbfs
[    0.149054] usbcore: registered new interface driver hub
[    0.149054] usbcore: registered new device driver usb
[    0.149054] pps_core: LinuxPPS API ver. 1 registered
[    0.149054] pps_core: Software ver. 5.3.6 - Copyright 2005-2007 Rodolfo Giometti <giometti@linux.it>
[    0.149054] Advanced Linux Sound Architecture Driver Initialized.
[    0.149054] Bluetooth: Core ver 2.22
[    0.149054] NET: Registered PF_BLUETOOTH protocol family
[    0.149054] Bluetooth: HCI device and connection manager initialized
[    0.149054] Bluetooth: HCI socket layer initialized
[    0.149054] Bluetooth: L2CAP socket layer initialized
[    0.149054] Bluetooth: SCO socket layer initialized
[    0.149739] NetLabel: Initializing
[    0.149741] NetLabel:  domain hash size = 128
[    0.149742] NetLabel:  protocols = UNLABELED CIPSOv4 CALIPSO
[    0.149753] NetLabel:  unlabeled traffic allowed by default
[    0.149849] PCI: Using ACPI for IRQ routing
[    0.172864] PCI: pci_cache_line_size set to 64 bytes
[    0.172942] e820: reserve RAM buffer [mem 0x0009fc00-0x0009ffff]
[    0.172945] e820: reserve RAM buffer [mem 0x7ffde000-0x7fffffff]
[    0.172961] pci 0000:00:01.0: vgaarb: setting as boot VGA device
[    0.172961] pci 0000:00:01.0: vgaarb: bridge control possible
[    0.172961] pci 0000:00:01.0: vgaarb: VGA device added: decodes=io+mem,owns=io+mem,locks=none
[    0.172961] vgaarb: loaded
[    0.172961] hpet0: at MMIO 0xfed00000, IRQs 2, 8, 0
[    0.172961] hpet0: 3 comparators, 64-bit 100.000000 MHz counter
[    0.175800] clocksource: Switched to clocksource kvm-clock
[    0.175960] pnp: PnP ACPI init
[    0.176051] system 00:05: [mem 0xb0000000-0xbfffffff window] has been reserved
[    0.176134] pnp: PnP ACPI: found 6 devices
[    0.181948] clocksource: acpi_pm: mask: 0xffffff max_cycles: 0xffffff, max_idle_ns: 2085701024 ns
[    0.181981] NET: Registered PF_INET protocol family
[    0.182157] IP idents hash table entries: 65536 (order: 7, 524288 bytes, linear)
[    0.182574] tcp_listen_portaddr_hash hash table entries: 2048 (order: 3, 32768 bytes, linear)
[    0.182585] Table-perturb hash table entries: 65536 (order: 6, 262144 bytes, linear)
[    0.182588] TCP established hash table entries: 32768 (order: 6, 262144 bytes, linear)
[    0.182721] TCP bind hash table entries: 32768 (order: 8, 1048576 bytes, linear)
[    0.183047] TCP: Hash tables configured (established 32768 bind 32768)
[    0.183095] UDP hash table entries: 2048 (order: 4, 65536 bytes, linear)
[    0.183112] UDP-Lite hash table entries: 2048 (order: 4, 65536 bytes, linear)
[    0.183163] NET: Registered PF_UNIX/PF_LOCAL protocol family
[    0.183313] RPC: Registered named UNIX socket transport module.
[    0.183315] RPC: Registered udp transport module.
[    0.183315] RPC: Registered tcp transport module.
[    0.183316] RPC: Registered tcp NFSv4.1 backchannel transport module.
[    0.183514] pci_bus 0000:00: resource 4 [io  0x0000-0x0cf7 window]
[    0.183517] pci_bus 0000:00: resource 5 [io  0x0d00-0xffff window]
[    0.183518] pci_bus 0000:00: resource 6 [mem 0x000a0000-0x000bffff window]
[    0.183519] pci_bus 0000:00: resource 7 [mem 0x80000000-0xafffffff window]
[    0.183520] pci_bus 0000:00: resource 8 [mem 0xc0000000-0xfebfffff window]
[    0.183521] pci_bus 0000:00: resource 9 [mem 0x180000000-0x97fffffff window]
[    0.183683] ACPI: \_SB_.GSIA: Enabled at IRQ 16
[    0.184224] ACPI: \_SB_.GSIB: Enabled at IRQ 17
[    0.184555] ACPI: \_SB_.GSIC: Enabled at IRQ 18
[    0.184881] ACPI: \_SB_.GSID: Enabled at IRQ 19
[    0.185132] PCI: CLS 0 bytes, default 64
[    0.185141] PCI-DMA: Using software bounce buffering for IO (SWIOTLB)
[    0.185143] software IO TLB: mapped [mem 0x000000007bfde000-0x000000007ffde000] (64MB)
[    0.185296] RAPL PMU: API unit is 2^-32 Joules, 0 fixed counters, 10737418240 ms ovfl timer
[    0.185307] clocksource: tsc: mask: 0xffffffffffffffff max_cycles: 0x1e71785e5dd, max_idle_ns: 440795244814 ns
[    0.185889] Initialise system trusted keyrings
[    0.185937] workingset: timestamp_bits=40 max_order=20 bucket_order=0
[    0.186035] NFS: Registering the id_resolver key type
[    0.186039] Key type id_resolver registered
[    0.186040] Key type id_legacy registered
[    0.186067] 9p: Installing v9fs 9p2000 file system support
[    0.189097] NET: Registered PF_ALG protocol family
[    0.189100] Key type asymmetric registered
[    0.189102] Asymmetric key parser 'x509' registered
[    0.189126] Block layer SCSI generic (bsg) driver version 0.4 loaded (major 252)
[    0.189142] io scheduler mq-deadline registered
[    0.189143] io scheduler kyber registered
[    0.189229] vesafb: mode is 800x600x24, linelength=2400, pages=0
[    0.189231] vesafb: scrolling: redraw
[    0.189232] vesafb: Truecolor: size=0:8:8:8, shift=0:16:8:0
[    0.189240] vesafb: framebuffer at 0xfd000000, mapped to 0x00000000f8c3d023, using 1408k, total 1408k
[    0.190075] Console: switching to colour frame buffer device 100x37
[    0.190515] fb0: VESA VGA frame buffer device
[    0.190570] input: Power Button as /devices/LNXSYSTM:00/LNXPWRBN:00/input/input0
[    0.190629] ACPI: button: Power Button [PWRF]
[    0.190880] Serial: 8250/16550 driver, 4 ports, IRQ sharing enabled
[    0.190959] 00:03: ttyS0 at I/O 0x3f8 (irq = 4, base_baud = 115200) is a 16550A
[    0.191203] Non-volatile memory driver v1.3
[    0.191212] Linux agpgart interface v0.103
[    0.193236] loop: module loaded
[    0.193710] ahci 0000:00:02.0: version 3.0
[    0.193831] ACPI: \_SB_.GSIG: Enabled at IRQ 22
[    0.194435] ahci 0000:00:02.0: AHCI 0001.0000 32 slots 6 ports 1.5 Gbps 0x3f impl SATA mode
[    0.194667] ahci 0000:00:02.0: flags: 64bit ncq only 
[    0.195668] scsi host0: ahci
[    0.196095] scsi host1: ahci
[    0.196551] scsi host2: ahci
[    0.196898] scsi host3: ahci
[    0.197208] scsi host4: ahci
[    0.197627] scsi host5: ahci
[    0.197852] ata1: SATA max UDMA/133 abar m4096@0xfeb91000 port 0xfeb91100 irq 24
[    0.198048] ata2: SATA max UDMA/133 abar m4096@0xfeb91000 port 0xfeb91180 irq 24
[    0.198296] ata3: SATA max UDMA/133 abar m4096@0xfeb91000 port 0xfeb91200 irq 24
[    0.198488] ata4: SATA max UDMA/133 abar m4096@0xfeb91000 port 0xfeb91280 irq 24
[    0.198673] ata5: SATA max UDMA/133 abar m4096@0xfeb91000 port 0xfeb91300 irq 24
[    0.198849] ata6: SATA max UDMA/133 abar m4096@0xfeb91000 port 0xfeb91380 irq 24
[    0.199463] ahci 0000:00:1f.2: AHCI 0001.0000 32 slots 6 ports 1.5 Gbps 0x3f impl SATA mode
[    0.199643] ahci 0000:00:1f.2: flags: 64bit ncq only 
[    0.201986] scsi host6: ahci
[    0.202558] scsi host7: ahci
[    0.202846] scsi host8: ahci
[    0.203115] scsi host9: ahci
[    0.203456] scsi host10: ahci
[    0.203736] scsi host11: ahci
[    0.203911] ata7: SATA max UDMA/133 abar m4096@0xfeb94000 port 0xfeb94100 irq 25
[    0.204057] ata8: SATA max UDMA/133 abar m4096@0xfeb94000 port 0xfeb94180 irq 25
[    0.204235] ata9: SATA max UDMA/133 abar m4096@0xfeb94000 port 0xfeb94200 irq 25
[    0.204367] ata10: SATA max UDMA/133 abar m4096@0xfeb94000 port 0xfeb94280 irq 25
[    0.204500] ata11: SATA max UDMA/133 abar m4096@0xfeb94000 port 0xfeb94300 irq 25
[    0.204626] ata12: SATA max UDMA/133 abar m4096@0xfeb94000 port 0xfeb94380 irq 25
[    0.204885] e100: Intel(R) PRO/100 Network Driver
[    0.205003] e100: Copyright(c) 1999-2006 Intel Corporation
[    0.205138] e1000: Intel(R) PRO/1000 Network Driver
[    0.205256] e1000: Copyright (c) 1999-2006 Intel Corporation.
[    0.205375] sky2: driver version 1.30
[    0.206245] uhci_hcd 0000:00:1d.0: UHCI Host Controller
[    0.206393] uhci_hcd 0000:00:1d.0: new USB bus registered, assigned bus number 1
[    0.206570] uhci_hcd 0000:00:1d.0: irq 16, io port 0x0000c0a0
[    0.206746] usb usb1: New USB device found, idVendor=1d6b, idProduct=0001, bcdDevice= 6.04
[    0.206887] usb usb1: New USB device strings: Mfr=3, Product=2, SerialNumber=1
[    0.207025] usb usb1: Product: UHCI Host Controller
[    0.207195] usb usb1: Manufacturer: Linux 6.4.0-rgilles-ga507db1d8fdc uhci_hcd
[    0.207344] usb usb1: SerialNumber: 0000:00:1d.0
[    0.207588] hub 1-0:1.0: USB hub found
[    0.207743] hub 1-0:1.0: 2 ports detected
[    0.208045] ehci-pci 0000:00:1d.7: EHCI Host Controller
[    0.208288] ehci-pci 0000:00:1d.7: new USB bus registered, assigned bus number 2
[    0.208536] ehci-pci 0000:00:1d.7: irq 19, io mem 0xfeb93000
[    0.216867] ehci-pci 0000:00:1d.7: USB 2.0 started, EHCI 1.00
[    0.217303] usb usb2: New USB device found, idVendor=1d6b, idProduct=0002, bcdDevice= 6.04
[    0.217476] usb usb2: New USB device strings: Mfr=3, Product=2, SerialNumber=1
[    0.217650] usb usb2: Product: EHCI Host Controller
[    0.217831] usb usb2: Manufacturer: Linux 6.4.0-rgilles-ga507db1d8fdc ehci_hcd
[    0.218023] usb usb2: SerialNumber: 0000:00:1d.7
[    0.218321] hub 2-0:1.0: USB hub found
[    0.218515] hub 2-0:1.0: 6 ports detected
[    0.240243] hub 1-0:1.0: USB hub found
[    0.240616] hub 1-0:1.0: 2 ports detected
[    0.241033] uhci_hcd 0000:00:1d.1: UHCI Host Controller
[    0.241420] uhci_hcd 0000:00:1d.1: new USB bus registered, assigned bus number 3
[    0.241718] uhci_hcd 0000:00:1d.1: irq 17, io port 0x0000c0c0
[    0.241953] usb usb3: New USB device found, idVendor=1d6b, idProduct=0001, bcdDevice= 6.04
[    0.242178] usb usb3: New USB device strings: Mfr=3, Product=2, SerialNumber=1
[    0.242380] usb usb3: Product: UHCI Host Controller
[    0.242575] usb usb3: Manufacturer: Linux 6.4.0-rgilles-ga507db1d8fdc uhci_hcd
[    0.242780] usb usb3: SerialNumber: 0000:00:1d.1
[    0.243141] hub 3-0:1.0: USB hub found
[    0.243381] hub 3-0:1.0: 2 ports detected
[    0.243878] uhci_hcd 0000:00:1d.2: UHCI Host Controller
[    0.244153] uhci_hcd 0000:00:1d.2: new USB bus registered, assigned bus number 4
[    0.244398] uhci_hcd 0000:00:1d.2: irq 18, io port 0x0000c0e0
[    0.244626] usb usb4: New USB device found, idVendor=1d6b, idProduct=0001, bcdDevice= 6.04
[    0.244832] usb usb4: New USB device strings: Mfr=3, Product=2, SerialNumber=1
[    0.245035] usb usb4: Product: UHCI Host Controller
[    0.245286] usb usb4: Manufacturer: Linux 6.4.0-rgilles-ga507db1d8fdc uhci_hcd
[    0.245490] usb usb4: SerialNumber: 0000:00:1d.2
[    0.245773] hub 4-0:1.0: USB hub found
[    0.245974] hub 4-0:1.0: 2 ports detected
[    0.246297] usbcore: registered new interface driver usblp
[    0.246501] usbcore: registered new interface driver usb-storage
[    0.246726] i8042: PNP: PS/2 Controller [PNP0303:KBD,PNP0f13:MOU] at 0x60,0x64 irq 1,12
[    0.247318] serio: i8042 KBD port at 0x60,0x64 irq 1
[    0.247521] serio: i8042 AUX port at 0x60,0x64 irq 12
[    0.247837] mousedev: PS/2 mouse device common for all mice
[    0.248754] usbcore: registered new interface driver appletouch
[    0.249188] usbcore: registered new interface driver synaptics_usb
[    0.249479] rtc_cmos 00:04: RTC can wake from S4
[    0.249802] input: AT Translated Set 2 keyboard as /devices/platform/i8042/serio0/input/input1
[    0.250581] input: VirtualPS/2 VMware VMMouse as /devices/platform/i8042/serio1/input/input4
[    0.250893] rtc_cmos 00:04: registered as rtc0
[    0.251240] rtc_cmos 00:04: alarms up to one day, y3k, 242 bytes nvram, hpet irqs
[    0.251571] i2c_dev: i2c /dev entries driver
[    0.252140] input: VirtualPS/2 VMware VMMouse as /devices/platform/i8042/serio1/input/input3
[    0.252367] device-mapper: ioctl: 4.48.0-ioctl (2023-03-01) initialised: dm-devel@redhat.com
[    0.252705] intel_pstate: CPU model not supported
[    0.253043] hid: raw HID events driver (C) Jiri Kosina
[    0.253410] usbcore: registered new interface driver usbhid
[    0.253640] usbhid: USB HID core driver
[    0.254392] Initializing XFRM netlink socket
[    0.254649] NET: Registered PF_INET6 protocol family
[    0.255363] Segment Routing with IPv6
[    0.255591] In-situ OAM (IOAM) with IPv6
[    0.255836] sit: IPv6, IPv4 and MPLS over IPv4 tunneling driver
[    0.256130] NET: Registered PF_PACKET protocol family
[    0.256487] Bluetooth: RFCOMM TTY layer initialized
[    0.256700] Bluetooth: RFCOMM socket layer initialized
[    0.256918] Bluetooth: RFCOMM ver 1.11
[    0.257128] Bluetooth: BNEP (Ethernet Emulation) ver 1.3
[    0.257338] Bluetooth: BNEP filters: protocol multicast
[    0.257549] Bluetooth: BNEP socket layer initialized
[    0.257756] Bluetooth: HIDP (Human Interface Emulation) ver 1.2
[    0.257970] Bluetooth: HIDP socket layer initialized
[    0.258223] 9pnet: Installing 9P2000 support
[    0.258433] Key type dns_resolver registered
[    0.258966] IPI shorthand broadcast: enabled
[    0.259988] sched_clock: Marking stable (259080347, 119300)->(261546533, -2346886)
[    0.260397] registered taskstats version 1
[    0.260609] Loading compiled-in X.509 certificates
[    0.261870] PM:   Magic number: 15:207:23
[    0.262125] printk: console [netcon0] enabled
[    0.262324] netconsole: network logging started
[    0.262544] cfg80211: Loading compiled-in X.509 certificates for regulatory database
[    0.263147] kworker/u8:12 (96) used greatest stack depth: 14736 bytes left
[    0.263696] Loaded X.509 cert 'sforshee: 00b28ddf47aef9cea7'
[    0.263938] platform regulatory.0: Direct firmware load for regulatory.db failed with error -2
[    0.264353] cfg80211: failed to load regulatory.db
[    0.264606] ALSA device list:
[    0.264806]   No soundcards found.
[    0.510697] ata3: SATA link down (SStatus 0 SControl 300)
[    0.511187] ata4: SATA link down (SStatus 0 SControl 300)
[    0.511466] ata2: SATA link down (SStatus 0 SControl 300)
[    0.511768] ata6: SATA link down (SStatus 0 SControl 300)
[    0.512208] ata1: SATA link up 1.5 Gbps (SStatus 113 SControl 300)
[    0.512477] ata5: SATA link down (SStatus 0 SControl 300)
[    0.512673] ata1.00: ATA-7: QEMU HARDDISK, 2.5+, max UDMA/100
[    0.512857] ata1.00: 104857600 sectors, multi 16: LBA48 NCQ (depth 32)
[    0.513034] ata1.00: applying bridge limits
[    0.513441] ata1.00: configured for UDMA/100
[    0.513706] scsi 0:0:0:0: Direct-Access     ATA      QEMU HARDDISK    2.5+ PQ: 0 ANSI: 5
[    0.514176] sd 0:0:0:0: [sda] 104857600 512-byte logical blocks: (53.7 GB/50.0 GiB)
[    0.514382] sd 0:0:0:0: [sda] Write Protect is off
[    0.514575] sd 0:0:0:0: [sda] Mode Sense: 00 3a 00 00
[    0.514590] sd 0:0:0:0: [sda] Write cache: enabled, read cache: enabled, doesn't support DPO or FUA
[    0.515047] sd 0:0:0:0: [sda] Preferred minimum I/O size 512 bytes
[    0.515922]  sda: sda1 sda2 sda3 sda4
[    0.516378] sd 0:0:0:0: [sda] Attached SCSI disk
[    0.518438] ata10: SATA link down (SStatus 0 SControl 300)
[    0.518839] ata11: SATA link down (SStatus 0 SControl 300)
[    0.519313] ata8: SATA link down (SStatus 0 SControl 300)
[    0.519562] ata7: SATA link down (SStatus 0 SControl 300)
[    0.519813] ata9: SATA link down (SStatus 0 SControl 300)
[    0.520900] ata12: SATA link down (SStatus 0 SControl 300)
[    0.521790] md: Waiting for all devices to be available before autodetect
[    0.521988] md: If you don't use raid, use raid=noautodetect
[    0.522204] md: Autodetecting RAID arrays.
[    0.522390] md: autorun ...
[    0.522560] md: ... autorun DONE.
[    0.524772] EXT4-fs (sda2): mounted filesystem 9a96d539-a0a1-43a4-9d69-6279b585dcee ro with ordered data mode. Quota mode: disabled.
[    0.525166] VFS: Mounted root (ext4 filesystem) readonly on device 8:2.
[    0.525710] devtmpfs: mounted
[    0.526647] Freeing unused kernel image (initmem) memory: 2612K
[    0.532200] Write protecting the kernel read-only data: 22528k
[    0.532821] Freeing unused kernel image (rodata/data gap) memory: 636K
[    0.533038] Run /sbin/init as init process
[    0.533317]   with arguments:
[    0.533317]     /sbin/init
[    0.533317]   with environment:
[    0.533318]     HOME=/
[    0.533319]     TERM=linux
[    0.533320]     BOOT_IMAGE=/vmlinuz-6.4.0-rgilles-ga507db1d8fdc
[    0.533320]     vga=789
[    0.697854] systemd[1]: systemd 251 running in system mode (+PAM -AUDIT -SELINUX -APPARMOR +IMA +SMACK -SECCOMP -GCRYPT +GNUTLS +OPENSSL +ACL +BLKID +CURL -ELFUTILS -FIDO2 -IDN2 -IDN -IPTC +KMOD -LIBCRYPTSETUP +LIBFDISK -PCRE2 -PWQUALITY +P11KIT -QRENCODE -TPM2 +BZIP2 -LZ4 +XZ +ZLIB +ZSTD -BPF_FRAMEWORK -XKBCOMMON +UTMP +SYSVINIT default-hierarchy=unified)
[    0.699355] systemd[1]: Detected virtualization kvm.
[    0.699602] systemd[1]: Detected architecture x86-64.
[    0.700995] systemd[1]: Hostname set to <rgilles>.
[    0.742258] systemd-run-gen (110) used greatest stack depth: 13376 bytes left
[    0.822285] systemd[1]: /usr/lib/systemd/system/cups.socket:6: ListenStream= references a path below legacy directory /var/run/, updating /var/run/cups/cups.sock â†’ /run/cups/cups.sock; please update the unit file accordingly.
[    0.838747] systemd[1]: Queued start job for default target Graphical Interface.
[    0.850440] systemd[1]: Created slice Slice /system/getty.
[    0.851370] systemd[1]: Created slice Slice /system/modprobe.
[    0.852060] systemd[1]: Created slice Slice /system/systemd-fsck.
[    0.852818] systemd[1]: Created slice User and Session Slice.
[    0.853445] systemd[1]: Started Dispatch Password Requests to Console Directory Watch.
[    0.854051] systemd[1]: Started Forward Password Requests to Wall Directory Watch.
[    0.854834] systemd[1]: Set up automount Arbitrary Executable File Formats File System Automount Point.
[    0.855923] systemd[1]: Reached target User and Group Name Lookups.
[    0.856850] systemd[1]: Reached target Remote File Systems.
[    0.857529] systemd[1]: Reached target Slice Units.
[    0.858603] systemd[1]: Listening on Process Core Dump Socket.
[    0.859249] systemd[1]: Listening on initctl Compatibility Named Pipe.
[    0.902479] modprobe (114) used greatest stack depth: 13008 bytes left
[    0.902598] systemd[1]: Journal Audit Socket was skipped because of a failed condition check (ConditionSecurity=audit).
[    0.903906] systemd[1]: Listening on Journal Socket (/dev/log).
[    0.904890] systemd[1]: Listening on Journal Socket.
[    0.905741] systemd[1]: Listening on Network Service Netlink Socket.
[    0.906399] systemd[1]: Listening on Userspace Out-Of-Memory (OOM) Killer Socket.
[    0.907392] systemd[1]: Listening on udev Control Socket.
[    0.908060] systemd[1]: Listening on udev Kernel Socket.
[    0.917273] systemd[1]: Mounting Huge Pages File System...
[    0.918331] systemd[1]: Mounting POSIX Message Queue File System...
[    0.919281] systemd[1]: Mounting Kernel Debug File System...
[    0.920167] systemd[1]: Mounting Kernel Trace File System...
[    0.921792] systemd[1]: Starting Create List of Static Device Nodes...
[    0.922856] systemd[1]: Starting Load Kernel Module configfs...
[    0.923836] systemd[1]: Starting Load Kernel Module drm...
[    0.924777] systemd[1]: Starting Load Kernel Module fuse...
[    0.925800] systemd[1]: Starting File System Check on Root Device...
[    0.926441] systemd[1]: systemd-journald.service: unit configures an IP firewall, but the local system does not support BPF/cgroup firewalling.
[    0.927000] systemd[1]: (This warning is only shown for the first unit using IP firewalling.)
[    0.927570] fuse: init (API version 7.38)
[    0.927788] systemd[1]: Starting Journal Service...
[    0.928506] ACPI: bus type drm_connector registered
[    0.929069] systemd[1]: Load Kernel Modules was skipped because all trigger condition checks failed.
[    0.930220] systemd[1]: Starting Generate network units from Kernel command line...
[    0.930843] systemd[1]: Repartition Root Disk was skipped because all trigger condition checks failed.
[    0.931874] systemd[1]: Starting Apply Kernel Variables...
[    0.932831] systemd[1]: Starting Coldplug All udev Devices...
[    0.934116] systemd[1]: Finished Create List of Static Device Nodes.
[    0.934960] systemd[1]: modprobe@configfs.service: Deactivated successfully.
[    0.935418] systemd[1]: Finished Load Kernel Module configfs.
[    0.936131] systemd[1]: modprobe@drm.service: Deactivated successfully.
[    0.936672] systemd[1]: Finished Load Kernel Module drm.
[    0.937372] systemd[1]: modprobe@fuse.service: Deactivated successfully.
[    0.937719] systemd[1]: Finished Load Kernel Module fuse.
[    0.938432] systemd[1]: Finished Generate network units from Kernel command line.
[    0.939147] systemd[1]: Reached target Preparation for Network.
[    0.940100] systemd[1]: Mounting FUSE Control File System...
[    0.940893] systemd[1]: Kernel Configuration File System was skipped because of a failed condition check (ConditionPathExists=/sys/kernel/config).
[    0.942037] systemd[1]: Starting Create Static Device Nodes in /dev...
[    0.962949] systemd[1]: Started Journal Service.
[    1.105357] EXT4-fs (sda2): re-mounted 9a96d539-a0a1-43a4-9d69-6279b585dcee r/w. Quota mode: disabled.
[    1.191350] systemd-journald[124]: Received client request to flush runtime journal.
[    1.305754] ACPI: \_SB_.GSIH: Enabled at IRQ 23
[    1.307454] ACPI: \_SB_.GSIE: Enabled at IRQ 20
[    1.321803] i801_smbus 0000:00:1f.3: SMBus using PCI interrupt
[    1.322441] i2c i2c-0: 1/1 memory slots populated (from DMI)
[    1.322661] i2c i2c-0: Memory type 0x07 not supported yet, not instantiating SPD
[    1.323086] lpc_ich 0000:00:1f.0: I/O space for GPIO uninitialized
[    1.324881] virtio_net virtio0 enp0s3: renamed from eth0
[    1.453435] Adding 4194300k swap on /dev/sda4.  Priority:1 extents:1 across:4194300k 
[    1.506093] EXT4-fs (sda1): mounted filesystem e10690b9-d798-45ee-b464-2a0b3375d38e r/w with ordered data mode. Quota mode: disabled.
[    1.510414] EXT4-fs (sda3): mounted filesystem 542587c5-56bd-4ef5-b9cd-8b23fcb4885f r/w with ordered data mode. Quota mode: disabled.
