[    0.000000] Linux version 6.4.0-thor_kernel-rgilles-gd4bbada4767e (root@rgilles) (gcc (GCC) 12.2.0, GNU ld (GNU Binutils) 2.39) #1 SMP PREEMPT_DYNAMIC Sat Jul  1 14:30:20 CEST 2023
[    0.000000] Command line: BOOT_IMAGE=/vmlinuz-6.4.0-thor_kernel-rgilles-gd4bbada4767e root=PARTUUID=242f11bc-02 ro nomodeset vga=789
[    0.000000] KERNEL supported cpus:
[    0.000000]   Intel GenuineIntel
[    0.000000]   AMD AuthenticAMD
[    0.000000]   Hygon HygonGenuine
[    0.000000]   Centaur CentaurHauls
[    0.000000]   zhaoxin   Shanghai  
[    0.000000] BIOS-provided physical RAM map:
[    0.000000] BIOS-e820: [mem 0x0000000000000000-0x000000000009fbff] usable
[    0.000000] BIOS-e820: [mem 0x000000000009fc00-0x000000000009ffff] reserved
[    0.000000] BIOS-e820: [mem 0x00000000000f0000-0x00000000000fffff] reserved
[    0.000000] BIOS-e820: [mem 0x0000000000100000-0x000000007ffddfff] usable
[    0.000000] BIOS-e820: [mem 0x000000007ffde000-0x000000007fffffff] reserved
[    0.000000] BIOS-e820: [mem 0x00000000b0000000-0x00000000bfffffff] reserved
[    0.000000] BIOS-e820: [mem 0x00000000fed1c000-0x00000000fed1ffff] reserved
[    0.000000] BIOS-e820: [mem 0x00000000feffc000-0x00000000feffffff] reserved
[    0.000000] BIOS-e820: [mem 0x00000000fffc0000-0x00000000ffffffff] reserved
[    0.000000] BIOS-e820: [mem 0x0000000100000000-0x000000017fffffff] usable
[    0.000000] NX (Execute Disable) protection: active
[    0.000000] SMBIOS 2.8 present.
[    0.000000] DMI: QEMU Standard PC (Q35 + ICH9, 2009), BIOS 1.15.0-1 04/01/2014
[    0.000000] Hypervisor detected: KVM
[    0.000000] kvm-clock: Using msrs 4b564d01 and 4b564d00
[    0.000001] kvm-clock: using sched offset of 7988312986560 cycles
[    0.000004] clocksource: kvm-clock: mask: 0xffffffffffffffff max_cycles: 0x1cd42e4dffb, max_idle_ns: 881590591483 ns
[    0.000009] tsc: Detected 2112.000 MHz processor
[    0.000416] e820: update [mem 0x00000000-0x00000fff] usable ==> reserved
[    0.000417] e820: remove [mem 0x000a0000-0x000fffff] usable
[    0.000420] last_pfn = 0x180000 max_arch_pfn = 0x400000000
[    0.000440] MTRR map: 4 entries (3 fixed + 1 variable; max 19), built from 8 variable MTRRs
[    0.000446] x86/PAT: Configuration [0-7]: WB  WC  UC- UC  WB  WP  UC- WT  
[    0.000475] last_pfn = 0x7ffde max_arch_pfn = 0x400000000
[    0.005022] found SMP MP-table at [mem 0x000f5b70-0x000f5b7f]
[    0.005175] Using GB pages for direct mapping
[    0.005199] Incomplete global flushes, disabling PCID
[    0.005345] ACPI: Early table checksum verification disabled
[    0.005367] ACPI: RSDP 0x00000000000F59A0 000014 (v00 BOCHS )
[    0.005375] ACPI: RSDT 0x000000007FFE2404 000038 (v01 BOCHS  BXPC     00000001 BXPC 00000001)
[    0.005384] ACPI: FACP 0x000000007FFE21E4 0000F4 (v03 BOCHS  BXPC     00000001 BXPC 00000001)
[    0.005390] ACPI: DSDT 0x000000007FFE0040 0021A4 (v01 BOCHS  BXPC     00000001 BXPC 00000001)
[    0.005392] ACPI: FACS 0x000000007FFE0000 000040
[    0.005394] ACPI: APIC 0x000000007FFE22D8 000090 (v01 BOCHS  BXPC     00000001 BXPC 00000001)
[    0.005396] ACPI: HPET 0x000000007FFE2368 000038 (v01 BOCHS  BXPC     00000001 BXPC 00000001)
[    0.005398] ACPI: MCFG 0x000000007FFE23A0 00003C (v01 BOCHS  BXPC     00000001 BXPC 00000001)
[    0.005401] ACPI: WAET 0x000000007FFE23DC 000028 (v01 BOCHS  BXPC     00000001 BXPC 00000001)
[    0.005402] ACPI: Reserving FACP table memory at [mem 0x7ffe21e4-0x7ffe22d7]
[    0.005403] ACPI: Reserving DSDT table memory at [mem 0x7ffe0040-0x7ffe21e3]
[    0.005404] ACPI: Reserving FACS table memory at [mem 0x7ffe0000-0x7ffe003f]
[    0.005404] ACPI: Reserving APIC table memory at [mem 0x7ffe22d8-0x7ffe2367]
[    0.005405] ACPI: Reserving HPET table memory at [mem 0x7ffe2368-0x7ffe239f]
[    0.005405] ACPI: Reserving MCFG table memory at [mem 0x7ffe23a0-0x7ffe23db]
[    0.005405] ACPI: Reserving WAET table memory at [mem 0x7ffe23dc-0x7ffe2403]
[    0.005593] No NUMA configuration found
[    0.005595] Faking a node at [mem 0x0000000000000000-0x000000017fffffff]
[    0.005597] NODE_DATA(0) allocated [mem 0x17fffa000-0x17fffdfff]
[    0.005644] Zone ranges:
[    0.005648]   DMA      [mem 0x0000000000001000-0x0000000000ffffff]
[    0.005650]   DMA32    [mem 0x0000000001000000-0x00000000ffffffff]
[    0.005652]   Normal   [mem 0x0000000100000000-0x000000017fffffff]
[    0.005652] Movable zone start for each node
[    0.005653] Early memory node ranges
[    0.005653]   node   0: [mem 0x0000000000001000-0x000000000009efff]
[    0.005655]   node   0: [mem 0x0000000000100000-0x000000007ffddfff]
[    0.005655]   node   0: [mem 0x0000000100000000-0x000000017fffffff]
[    0.005656] Initmem setup node 0 [mem 0x0000000000001000-0x000000017fffffff]
[    0.005661] On node 0, zone DMA: 1 pages in unavailable ranges
[    0.005685] On node 0, zone DMA: 97 pages in unavailable ranges
[    0.014778] On node 0, zone Normal: 34 pages in unavailable ranges
[    0.015027] ACPI: PM-Timer IO Port: 0x608
[    0.015042] ACPI: LAPIC_NMI (acpi_id[0xff] dfl dfl lint[0x1])
[    0.015070] IOAPIC[0]: apic_id 0, version 17, address 0xfec00000, GSI 0-23
[    0.015074] ACPI: INT_SRC_OVR (bus 0 bus_irq 0 global_irq 2 dfl dfl)
[    0.015075] ACPI: INT_SRC_OVR (bus 0 bus_irq 5 global_irq 5 high level)
[    0.015078] ACPI: INT_SRC_OVR (bus 0 bus_irq 9 global_irq 9 high level)
[    0.015081] ACPI: INT_SRC_OVR (bus 0 bus_irq 10 global_irq 10 high level)
[    0.015081] ACPI: INT_SRC_OVR (bus 0 bus_irq 11 global_irq 11 high level)
[    0.015085] ACPI: Using ACPI (MADT) for SMP configuration information
[    0.015086] ACPI: HPET id: 0x8086a201 base: 0xfed00000
[    0.015091] TSC deadline timer available
[    0.015095] smpboot: Allowing 4 CPUs, 0 hotplug CPUs
[    0.015133] kvm-guest: KVM setup pv remote TLB flush
[    0.015136] kvm-guest: setup PV sched yield
[    0.015170] PM: hibernation: Registered nosave memory: [mem 0x00000000-0x00000fff]
[    0.015172] PM: hibernation: Registered nosave memory: [mem 0x0009f000-0x0009ffff]
[    0.015173] PM: hibernation: Registered nosave memory: [mem 0x000a0000-0x000effff]
[    0.015173] PM: hibernation: Registered nosave memory: [mem 0x000f0000-0x000fffff]
[    0.015174] PM: hibernation: Registered nosave memory: [mem 0x7ffde000-0x7fffffff]
[    0.015174] PM: hibernation: Registered nosave memory: [mem 0x80000000-0xafffffff]
[    0.015174] PM: hibernation: Registered nosave memory: [mem 0xb0000000-0xbfffffff]
[    0.015175] PM: hibernation: Registered nosave memory: [mem 0xc0000000-0xfed1bfff]
[    0.015175] PM: hibernation: Registered nosave memory: [mem 0xfed1c000-0xfed1ffff]
[    0.015176] PM: hibernation: Registered nosave memory: [mem 0xfed20000-0xfeffbfff]
[    0.015176] PM: hibernation: Registered nosave memory: [mem 0xfeffc000-0xfeffffff]
[    0.015176] PM: hibernation: Registered nosave memory: [mem 0xff000000-0xfffbffff]
[    0.015177] PM: hibernation: Registered nosave memory: [mem 0xfffc0000-0xffffffff]
[    0.015177] [mem 0xc0000000-0xfed1bfff] available for PCI devices
[    0.015179] Booting paravirtualized kernel on KVM
[    0.015187] clocksource: refined-jiffies: mask: 0xffffffff max_cycles: 0xffffffff, max_idle_ns: 1910969940391419 ns
[    0.018922] setup_percpu: NR_CPUS:64 nr_cpumask_bits:4 nr_cpu_ids:4 nr_node_ids:1
[    0.019871] percpu: Embedded 54 pages/cpu s182568 r8192 d30424 u524288
[    0.019878] pcpu-alloc: s182568 r8192 d30424 u524288 alloc=1*2097152
[    0.019882] pcpu-alloc: [0] 0 1 2 3 
[    0.019905] kvm-guest: PV spinlocks enabled
[    0.019907] PV qspinlock hash table entries: 256 (order: 0, 4096 bytes, linear)
[    0.019914] Kernel command line: BOOT_IMAGE=/vmlinuz-6.4.0-thor_kernel-rgilles-gd4bbada4767e root=PARTUUID=242f11bc-02 ro nomodeset vga=789
[    0.020070] Booted with the nomodeset parameter. Only the system framebuffer will be available
[    0.020079] Unknown kernel command line parameters "BOOT_IMAGE=/vmlinuz-6.4.0-thor_kernel-rgilles-gd4bbada4767e vga=789", will be passed to user space.
[    0.020111] random: crng init done
[    0.020590] Dentry cache hash table entries: 524288 (order: 10, 4194304 bytes, linear)
[    0.020808] Inode-cache hash table entries: 262144 (order: 9, 2097152 bytes, linear)
[    0.020883] Fallback order for Node 0: 0 
[    0.020889] Built 1 zonelists, mobility grouping on.  Total pages: 1031902
[    0.020891] Policy zone: Normal
[    0.020892] mem auto-init: stack:all(zero), heap alloc:off, heap free:off
[    0.020908] software IO TLB: area num 4.
[    0.079725] Memory: 4019048K/4193776K available (16384K kernel code, 2728K rwdata, 5508K rodata, 2612K init, 2124K bss, 174468K reserved, 0K cma-reserved)
[    0.079771] SLUB: HWalign=64, Order=0-3, MinObjects=0, CPUs=4, Nodes=1
[    0.081467] Dynamic Preempt: voluntary
[    0.081505] rcu: Preemptible hierarchical RCU implementation.
[    0.081506] rcu: 	RCU event tracing is enabled.
[    0.081507] rcu: 	RCU restricting CPUs from NR_CPUS=64 to nr_cpu_ids=4.
[    0.081508] 	Trampoline variant of Tasks RCU enabled.
[    0.081509] rcu: RCU calculated value of scheduler-enlistment delay is 100 jiffies.
[    0.081510] rcu: Adjusting geometry for rcu_fanout_leaf=16, nr_cpu_ids=4
[    0.082763] NR_IRQS: 4352, nr_irqs: 456, preallocated irqs: 16
[    0.082950] rcu: srcu_init: Setting srcu_struct sizes based on contention.
[    0.083013] Console: colour dummy device 80x25
[    0.083016] printk: console [tty0] enabled
[    0.083115] ACPI: Core revision 20230331
[    0.083215] clocksource: hpet: mask: 0xffffffff max_cycles: 0xffffffff, max_idle_ns: 19112604467 ns
[    0.083281] APIC: Switch to symmetric I/O mode setup
[    0.083393] x2apic enabled
[    0.083517] Switched APIC routing to physical x2apic.
[    0.083520] kvm-guest: setup PV IPIs
[    0.084104] ..TIMER: vector=0x30 apic1=0 pin1=2 apic2=-1 pin2=-1
[    0.084118] clocksource: tsc-early: mask: 0xffffffffffffffff max_cycles: 0x1e71785e5dd, max_idle_ns: 440795244814 ns
[    0.084126] Calibrating delay loop (skipped) preset value.. 4224.00 BogoMIPS (lpj=2112000)
[    0.085187] x86/cpu: User Mode Instruction Prevention (UMIP) activated
[    0.085405] Last level iTLB entries: 4KB 0, 2MB 0, 4MB 0
[    0.085434] Last level dTLB entries: 4KB 0, 2MB 0, 4MB 0, 1GB 0
[    0.085454] Spectre V1 : Mitigation: usercopy/swapgs barriers and __user pointer sanitization
[    0.085459] Spectre V2 : Mitigation: Enhanced / Automatic IBRS
[    0.085461] Spectre V2 : Spectre v2 / SpectreRSB mitigation: Filling RSB on context switch
[    0.085462] Spectre V2 : Spectre v2 / PBRSB-eIBRS: Retire a single CALL on VMEXIT
[    0.085465] Spectre V2 : mitigation: Enabling conditional Indirect Branch Prediction Barrier
[    0.085467] Speculative Store Bypass: Mitigation: Speculative Store Bypass disabled via prctl
[    0.085484] x86/fpu: Supporting XSAVE feature 0x001: 'x87 floating point registers'
[    0.085487] x86/fpu: Supporting XSAVE feature 0x002: 'SSE registers'
[    0.085488] x86/fpu: Supporting XSAVE feature 0x004: 'AVX registers'
[    0.085490] x86/fpu: Supporting XSAVE feature 0x200: 'Protection Keys User registers'
[    0.085491] x86/fpu: xstate_offset[2]:  576, xstate_sizes[2]:  256
[    0.085493] x86/fpu: xstate_offset[9]:  832, xstate_sizes[9]:    8
[    0.085494] x86/fpu: Enabled xstate features 0x207, context size is 840 bytes, using 'compacted' format.
[    0.097674] Freeing SMP alternatives memory: 44K
[    0.097683] pid_max: default: 32768 minimum: 301
[    0.097736] LSM: initializing lsm=capability,integrity
[    0.097805] Mount-cache hash table entries: 8192 (order: 4, 65536 bytes, linear)
[    0.097841] Mountpoint-cache hash table entries: 8192 (order: 4, 65536 bytes, linear)
[    0.098184] smpboot: CPU0: 12th Gen Intel(R) Core(TM) i7-12700 (family: 0x6, model: 0x97, stepping: 0x2)
[    0.098350] RCU Tasks: Setting shift to 2 and lim to 1 rcu_task_cb_adjust=1.
[    0.098375] Performance Events: Alderlake Hybrid events, full-width counters, Intel PMU driver.
[    0.098549] core: cpu_core PMU driver: 
[    0.098550] ... version:                2
[    0.098551] ... bit width:              48
[    0.098552] ... generic registers:      6
[    0.098553] ... value mask:             0000ffffffffffff
[    0.098554] ... max period:             00007fffffffffff
[    0.098555] ... fixed-purpose events:   3
[    0.098556] ... event mask:             0001000f0000003f
[    0.098613] signal: max sigframe size: 3632
[    0.098645] rcu: Hierarchical SRCU implementation.
[    0.098646] rcu: 	Max phase no-delay instances is 400.
[    0.098941] smp: Bringing up secondary CPUs ...
[    0.099034] smpboot: x86: Booting SMP configuration:
[    0.099035] .... node  #0, CPUs:      #1 #2 #3
[    0.100248] smp: Brought up 1 node, 4 CPUs
[    0.100252] smpboot: Max logical packages: 1
[    0.100253] smpboot: Total of 4 processors activated (16896.00 BogoMIPS)
[    0.101122] devtmpfs: initialized
[    0.101334] clocksource: jiffies: mask: 0xffffffff max_cycles: 0xffffffff, max_idle_ns: 1911260446275000 ns
[    0.101334] futex hash table entries: 1024 (order: 4, 65536 bytes, linear)
[    0.101334] PM: RTC time: 12:34:08, date: 2023-07-01
[    0.101402] NET: Registered PF_NETLINK/PF_ROUTE protocol family
[    0.101490] thermal_sys: Registered thermal governor 'step_wise'
[    0.101490] thermal_sys: Registered thermal governor 'user_space'
[    0.101496] cpuidle: using governor menu
[    0.101580] PCI: MMCONFIG for domain 0000 [bus 00-ff] at [mem 0xb0000000-0xbfffffff] (base 0xb0000000)
[    0.101584] PCI: MMCONFIG at [mem 0xb0000000-0xbfffffff] reserved as E820 entry
[    0.101589] PCI: Using configuration type 1 for base access
[    0.101694] kprobes: kprobe jump-optimization is enabled. All kprobes are optimized if possible.
[    0.102133] HugeTLB: registered 2.00 MiB page size, pre-allocated 0 pages
[    0.102133] HugeTLB: 28 KiB vmemmap can be freed for a 2.00 MiB page
[    0.102174] ACPI: Added _OSI(Module Device)
[    0.102174] ACPI: Added _OSI(Processor Device)
[    0.102174] ACPI: Added _OSI(3.0 _SCP Extensions)
[    0.102174] ACPI: Added _OSI(Processor Aggregator Device)
[    0.102559] ACPI: 1 ACPI AML tables successfully acquired and loaded
[    0.102858] ACPI: Interpreter enabled
[    0.102867] ACPI: PM: (supports S0 S3 S4 S5)
[    0.102868] ACPI: Using IOAPIC for interrupt routing
[    0.102877] PCI: Using host bridge windows from ACPI; if necessary, use "pci=nocrs" and report a bug
[    0.102879] PCI: Using E820 reservations for host bridge windows
[    0.102913] ACPI: Enabled 2 GPEs in block 00 to 3F
[    0.103756] ACPI: PCI Root Bridge [PCI0] (domain 0000 [bus 00-ff])
[    0.103760] acpi PNP0A08:00: _OSC: OS supports [ExtendedConfig ASPM ClockPM Segments MSI HPX-Type3]
[    0.103777] acpi PNP0A08:00: _OSC: platform does not support [LTR]
[    0.103796] acpi PNP0A08:00: _OSC: OS now controls [PME PCIeCapability]
[    0.103823] PCI host bridge to bus 0000:00
[    0.103824] pci_bus 0000:00: root bus resource [io  0x0000-0x0cf7 window]
[    0.103827] pci_bus 0000:00: root bus resource [io  0x0d00-0xffff window]
[    0.103828] pci_bus 0000:00: root bus resource [mem 0x000a0000-0x000bffff window]
[    0.103829] pci_bus 0000:00: root bus resource [mem 0x80000000-0xafffffff window]
[    0.103831] pci_bus 0000:00: root bus resource [mem 0xc0000000-0xfebfffff window]
[    0.103832] pci_bus 0000:00: root bus resource [mem 0x180000000-0x97fffffff window]
[    0.103833] pci_bus 0000:00: root bus resource [bus 00-ff]
[    0.103857] pci 0000:00:00.0: [8086:29c0] type 00 class 0x060000
[    0.104034] pci 0000:00:01.0: [1234:1111] type 00 class 0x030000
[    0.104389] pci 0000:00:01.0: reg 0x10: [mem 0xfd000000-0xfdffffff pref]
[    0.105969] pci 0000:00:01.0: reg 0x18: [mem 0xfeb90000-0xfeb90fff]
[    0.108047] pci 0000:00:01.0: reg 0x30: [mem 0xfeb80000-0xfeb8ffff pref]
[    0.108207] pci 0000:00:01.0: Video device with shadowed ROM at [mem 0x000c0000-0x000dffff]
[    0.108483] pci 0000:00:02.0: [8086:2922] type 00 class 0x010601
[    0.110732] pci 0000:00:02.0: reg 0x20: [io  0xc040-0xc05f]
[    0.111122] pci 0000:00:02.0: reg 0x24: [mem 0xfeb91000-0xfeb91fff]
[    0.112182] pci 0000:00:03.0: [1af4:1000] type 00 class 0x020000
[    0.112574] pci 0000:00:03.0: reg 0x10: [io  0xc060-0xc07f]
[    0.112950] pci 0000:00:03.0: reg 0x14: [mem 0xfeb92000-0xfeb92fff]
[    0.114122] pci 0000:00:03.0: reg 0x20: [mem 0xfe000000-0xfe003fff 64bit pref]
[    0.114571] pci 0000:00:03.0: reg 0x30: [mem 0xfeb00000-0xfeb7ffff pref]
[    0.114845] pci 0000:00:04.0: [1af4:1005] type 00 class 0x00ff00
[    0.115122] pci 0000:00:04.0: reg 0x10: [io  0xc080-0xc09f]
[    0.116286] pci 0000:00:04.0: reg 0x20: [mem 0xfe004000-0xfe007fff 64bit pref]
[    0.116984] pci 0000:00:1d.0: [8086:2934] type 00 class 0x0c0300
[    0.118123] pci 0000:00:1d.0: reg 0x20: [io  0xc0a0-0xc0bf]
[    0.119730] pci 0000:00:1d.1: [8086:2935] type 00 class 0x0c0300
[    0.120800] pci 0000:00:1d.1: reg 0x20: [io  0xc0c0-0xc0df]
[    0.121345] pci 0000:00:1d.2: [8086:2936] type 00 class 0x0c0300
[    0.122715] pci 0000:00:1d.2: reg 0x20: [io  0xc0e0-0xc0ff]
[    0.123064] pci 0000:00:1d.7: [8086:293a] type 00 class 0x0c0320
[    0.123192] pci 0000:00:1d.7: reg 0x10: [mem 0xfeb93000-0xfeb93fff]
[    0.124098] pci 0000:00:1f.0: [8086:2918] type 00 class 0x060100
[    0.124285] pci 0000:00:1f.0: quirk: [io  0x0600-0x067f] claimed by ICH6 ACPI/GPIO/TCO
[    0.124408] pci 0000:00:1f.2: [8086:2922] type 00 class 0x010601
[    0.125793] pci 0000:00:1f.2: reg 0x20: [io  0xc100-0xc11f]
[    0.126043] pci 0000:00:1f.2: reg 0x24: [mem 0xfeb94000-0xfeb94fff]
[    0.126404] pci 0000:00:1f.3: [8086:2930] type 00 class 0x0c0500
[    0.127123] pci 0000:00:1f.3: reg 0x20: [io  0x0700-0x073f]
[    0.127721] ACPI: PCI: Interrupt link LNKA configured for IRQ 10
[    0.127750] ACPI: PCI: Interrupt link LNKB configured for IRQ 10
[    0.127777] ACPI: PCI: Interrupt link LNKC configured for IRQ 11
[    0.127801] ACPI: PCI: Interrupt link LNKD configured for IRQ 11
[    0.127827] ACPI: PCI: Interrupt link LNKE configured for IRQ 10
[    0.127852] ACPI: PCI: Interrupt link LNKF configured for IRQ 10
[    0.127877] ACPI: PCI: Interrupt link LNKG configured for IRQ 11
[    0.127903] ACPI: PCI: Interrupt link LNKH configured for IRQ 11
[    0.127915] ACPI: PCI: Interrupt link GSIA configured for IRQ 16
[    0.127919] ACPI: PCI: Interrupt link GSIB configured for IRQ 17
[    0.127922] ACPI: PCI: Interrupt link GSIC configured for IRQ 18
[    0.127926] ACPI: PCI: Interrupt link GSID configured for IRQ 19
[    0.127929] ACPI: PCI: Interrupt link GSIE configured for IRQ 20
[    0.127938] ACPI: PCI: Interrupt link GSIF configured for IRQ 21
[    0.127941] ACPI: PCI: Interrupt link GSIG configured for IRQ 22
[    0.127945] ACPI: PCI: Interrupt link GSIH configured for IRQ 23
[    0.128184] iommu: Default domain type: Translated
[    0.128188] iommu: DMA domain TLB invalidation policy: lazy mode
[    0.128290] SCSI subsystem initialized
[    0.128328] libata version 3.00 loaded.
[    0.128328] ACPI: bus type USB registered
[    0.128328] usbcore: registered new interface driver usbfs
[    0.128328] usbcore: registered new interface driver hub
[    0.128328] usbcore: registered new device driver usb
[    0.128328] pps_core: LinuxPPS API ver. 1 registered
[    0.128328] pps_core: Software ver. 5.3.6 - Copyright 2005-2007 Rodolfo Giometti <giometti@linux.it>
[    0.128328] Advanced Linux Sound Architecture Driver Initialized.
[    0.128387] Bluetooth: Core ver 2.22
[    0.128395] NET: Registered PF_BLUETOOTH protocol family
[    0.128396] Bluetooth: HCI device and connection manager initialized
[    0.128401] Bluetooth: HCI socket layer initialized
[    0.128403] Bluetooth: L2CAP socket layer initialized
[    0.128407] Bluetooth: SCO socket layer initialized
[    0.128420] NetLabel: Initializing
[    0.128422] NetLabel:  domain hash size = 128
[    0.128424] NetLabel:  protocols = UNLABELED CIPSOv4 CALIPSO
[    0.128437] NetLabel:  unlabeled traffic allowed by default
[    0.129129] PCI: Using ACPI for IRQ routing
[    0.152969] PCI: pci_cache_line_size set to 64 bytes
[    0.153052] e820: reserve RAM buffer [mem 0x0009fc00-0x0009ffff]
[    0.153055] e820: reserve RAM buffer [mem 0x7ffde000-0x7fffffff]
[    0.153138] pci 0000:00:01.0: vgaarb: setting as boot VGA device
[    0.153141] pci 0000:00:01.0: vgaarb: bridge control possible
[    0.153142] pci 0000:00:01.0: vgaarb: VGA device added: decodes=io+mem,owns=io+mem,locks=none
[    0.153145] vgaarb: loaded
[    0.153256] hpet0: at MMIO 0xfed00000, IRQs 2, 8, 0
[    0.153261] hpet0: 3 comparators, 64-bit 100.000000 MHz counter
[    0.156236] clocksource: Switched to clocksource kvm-clock
[    0.156459] pnp: PnP ACPI init
[    0.156562] system 00:05: [mem 0xb0000000-0xbfffffff window] has been reserved
[    0.156671] pnp: PnP ACPI: found 6 devices
[    0.162142] clocksource: acpi_pm: mask: 0xffffff max_cycles: 0xffffff, max_idle_ns: 2085701024 ns
[    0.162172] NET: Registered PF_INET protocol family
[    0.162714] IP idents hash table entries: 65536 (order: 7, 524288 bytes, linear)
[    0.163243] tcp_listen_portaddr_hash hash table entries: 2048 (order: 3, 32768 bytes, linear)
[    0.163254] Table-perturb hash table entries: 65536 (order: 6, 262144 bytes, linear)
[    0.163257] TCP established hash table entries: 32768 (order: 6, 262144 bytes, linear)
[    0.163472] TCP bind hash table entries: 32768 (order: 8, 1048576 bytes, linear)
[    0.163812] TCP: Hash tables configured (established 32768 bind 32768)
[    0.163861] UDP hash table entries: 2048 (order: 4, 65536 bytes, linear)
[    0.163880] UDP-Lite hash table entries: 2048 (order: 4, 65536 bytes, linear)
[    0.163949] NET: Registered PF_UNIX/PF_LOCAL protocol family
[    0.164106] RPC: Registered named UNIX socket transport module.
[    0.164107] RPC: Registered udp transport module.
[    0.164108] RPC: Registered tcp transport module.
[    0.164108] RPC: Registered tcp NFSv4.1 backchannel transport module.
[    0.164305] pci_bus 0000:00: resource 4 [io  0x0000-0x0cf7 window]
[    0.164308] pci_bus 0000:00: resource 5 [io  0x0d00-0xffff window]
[    0.164309] pci_bus 0000:00: resource 6 [mem 0x000a0000-0x000bffff window]
[    0.164310] pci_bus 0000:00: resource 7 [mem 0x80000000-0xafffffff window]
[    0.164311] pci_bus 0000:00: resource 8 [mem 0xc0000000-0xfebfffff window]
[    0.164312] pci_bus 0000:00: resource 9 [mem 0x180000000-0x97fffffff window]
[    0.164691] ACPI: \_SB_.GSIA: Enabled at IRQ 16
[    0.165088] ACPI: \_SB_.GSIB: Enabled at IRQ 17
[    0.165427] ACPI: \_SB_.GSIC: Enabled at IRQ 18
[    0.165748] ACPI: \_SB_.GSID: Enabled at IRQ 19
[    0.165993] PCI: CLS 0 bytes, default 64
[    0.166002] PCI-DMA: Using software bounce buffering for IO (SWIOTLB)
[    0.166004] software IO TLB: mapped [mem 0x000000007bfde000-0x000000007ffde000] (64MB)
[    0.166145] RAPL PMU: API unit is 2^-32 Joules, 0 fixed counters, 10737418240 ms ovfl timer
[    0.166157] clocksource: tsc: mask: 0xffffffffffffffff max_cycles: 0x1e71785e5dd, max_idle_ns: 440795244814 ns
[    0.166700] Initialise system trusted keyrings
[    0.166733] workingset: timestamp_bits=40 max_order=20 bucket_order=0
[    0.166827] NFS: Registering the id_resolver key type
[    0.166830] Key type id_resolver registered
[    0.166831] Key type id_legacy registered
[    0.166855] 9p: Installing v9fs 9p2000 file system support
[    0.169969] NET: Registered PF_ALG protocol family
[    0.169972] Key type asymmetric registered
[    0.169974] Asymmetric key parser 'x509' registered
[    0.169984] Block layer SCSI generic (bsg) driver version 0.4 loaded (major 252)
[    0.169998] io scheduler mq-deadline registered
[    0.169999] io scheduler kyber registered
[    0.170118] vesafb: mode is 800x600x24, linelength=2400, pages=0
[    0.170120] vesafb: scrolling: redraw
[    0.170121] vesafb: Truecolor: size=0:8:8:8, shift=0:16:8:0
[    0.170129] vesafb: framebuffer at 0xfd000000, mapped to 0x00000000b6543dd5, using 1408k, total 1408k
[    0.170943] Console: switching to colour frame buffer device 100x37
[    0.171381] fb0: VESA VGA frame buffer device
[    0.171445] input: Power Button as /devices/LNXSYSTM:00/LNXPWRBN:00/input/input0
[    0.171521] ACPI: button: Power Button [PWRF]
[    0.171778] Serial: 8250/16550 driver, 4 ports, IRQ sharing enabled
[    0.171850] 00:03: ttyS0 at I/O 0x3f8 (irq = 4, base_baud = 115200) is a 16550A
[    0.172066] Non-volatile memory driver v1.3
[    0.172077] Linux agpgart interface v0.103
[    0.174125] loop: module loaded
[    0.174666] ahci 0000:00:02.0: version 3.0
[    0.174806] ACPI: \_SB_.GSIG: Enabled at IRQ 22
[    0.175403] ahci 0000:00:02.0: AHCI 0001.0000 32 slots 6 ports 1.5 Gbps 0x3f impl SATA mode
[    0.175631] ahci 0000:00:02.0: flags: 64bit ncq only 
[    0.176704] scsi host0: ahci
[    0.177091] scsi host1: ahci
[    0.177510] scsi host2: ahci
[    0.177837] scsi host3: ahci
[    0.178114] scsi host4: ahci
[    0.178487] scsi host5: ahci
[    0.178732] ata1: SATA max UDMA/133 abar m4096@0xfeb91000 port 0xfeb91100 irq 24
[    0.178977] ata2: SATA max UDMA/133 abar m4096@0xfeb91000 port 0xfeb91180 irq 24
[    0.179179] ata3: SATA max UDMA/133 abar m4096@0xfeb91000 port 0xfeb91200 irq 24
[    0.179371] ata4: SATA max UDMA/133 abar m4096@0xfeb91000 port 0xfeb91280 irq 24
[    0.179556] ata5: SATA max UDMA/133 abar m4096@0xfeb91000 port 0xfeb91300 irq 24
[    0.179732] ata6: SATA max UDMA/133 abar m4096@0xfeb91000 port 0xfeb91380 irq 24
[    0.181550] ahci 0000:00:1f.2: AHCI 0001.0000 32 slots 6 ports 1.5 Gbps 0x3f impl SATA mode
[    0.181947] ahci 0000:00:1f.2: flags: 64bit ncq only 
[    0.183204] scsi host6: ahci
[    0.183657] scsi host7: ahci
[    0.184020] scsi host8: ahci
[    0.184481] scsi host9: ahci
[    0.185086] scsi host10: ahci
[    0.185489] scsi host11: ahci
[    0.185768] ata7: SATA max UDMA/133 abar m4096@0xfeb94000 port 0xfeb94100 irq 25
[    0.185922] ata8: SATA max UDMA/133 abar m4096@0xfeb94000 port 0xfeb94180 irq 25
[    0.186065] ata9: SATA max UDMA/133 abar m4096@0xfeb94000 port 0xfeb94200 irq 25
[    0.186218] ata10: SATA max UDMA/133 abar m4096@0xfeb94000 port 0xfeb94280 irq 25
[    0.186355] ata11: SATA max UDMA/133 abar m4096@0xfeb94000 port 0xfeb94300 irq 25
[    0.186494] ata12: SATA max UDMA/133 abar m4096@0xfeb94000 port 0xfeb94380 irq 25
[    0.186804] e100: Intel(R) PRO/100 Network Driver
[    0.186940] e100: Copyright(c) 1999-2006 Intel Corporation
[    0.187092] e1000: Intel(R) PRO/1000 Network Driver
[    0.187241] e1000: Copyright (c) 1999-2006 Intel Corporation.
[    0.187365] sky2: driver version 1.30
[    0.188006] uhci_hcd 0000:00:1d.0: UHCI Host Controller
[    0.188171] uhci_hcd 0000:00:1d.0: new USB bus registered, assigned bus number 1
[    0.188366] uhci_hcd 0000:00:1d.0: irq 16, io port 0x0000c0a0
[    0.188552] usb usb1: New USB device found, idVendor=1d6b, idProduct=0001, bcdDevice= 6.04
[    0.188697] usb usb1: New USB device strings: Mfr=3, Product=2, SerialNumber=1
[    0.188846] usb usb1: Product: UHCI Host Controller
[    0.188994] usb usb1: Manufacturer: Linux 6.4.0-thor_kernel-rgilles-gd4bbada4767e uhci_hcd
[    0.189152] usb usb1: SerialNumber: 0000:00:1d.0
[    0.189443] hub 1-0:1.0: USB hub found
[    0.189608] hub 1-0:1.0: 2 ports detected
[    0.189936] ehci-pci 0000:00:1d.7: EHCI Host Controller
[    0.190160] ehci-pci 0000:00:1d.7: new USB bus registered, assigned bus number 2
[    0.190506] ehci-pci 0000:00:1d.7: irq 19, io mem 0xfeb93000
[    0.197227] ehci-pci 0000:00:1d.7: USB 2.0 started, EHCI 1.00
[    0.197619] usb usb2: New USB device found, idVendor=1d6b, idProduct=0002, bcdDevice= 6.04
[    0.197798] usb usb2: New USB device strings: Mfr=3, Product=2, SerialNumber=1
[    0.197983] usb usb2: Product: EHCI Host Controller
[    0.198186] usb usb2: Manufacturer: Linux 6.4.0-thor_kernel-rgilles-gd4bbada4767e ehci_hcd
[    0.198382] usb usb2: SerialNumber: 0000:00:1d.7
[    0.198669] hub 2-0:1.0: USB hub found
[    0.198876] hub 2-0:1.0: 6 ports detected
[    0.221289] hub 1-0:1.0: USB hub found
[    0.221720] hub 1-0:1.0: 2 ports detected
[    0.222017] uhci_hcd 0000:00:1d.1: UHCI Host Controller
[    0.222380] uhci_hcd 0000:00:1d.1: new USB bus registered, assigned bus number 3
[    0.222657] uhci_hcd 0000:00:1d.1: irq 17, io port 0x0000c0c0
[    0.222904] usb usb3: New USB device found, idVendor=1d6b, idProduct=0001, bcdDevice= 6.04
[    0.223125] usb usb3: New USB device strings: Mfr=3, Product=2, SerialNumber=1
[    0.223419] usb usb3: Product: UHCI Host Controller
[    0.223630] usb usb3: Manufacturer: Linux 6.4.0-thor_kernel-rgilles-gd4bbada4767e uhci_hcd
[    0.223842] usb usb3: SerialNumber: 0000:00:1d.1
[    0.224141] hub 3-0:1.0: USB hub found
[    0.224444] hub 3-0:1.0: 2 ports detected
[    0.225003] uhci_hcd 0000:00:1d.2: UHCI Host Controller
[    0.225283] uhci_hcd 0000:00:1d.2: new USB bus registered, assigned bus number 4
[    0.225550] uhci_hcd 0000:00:1d.2: irq 18, io port 0x0000c0e0
[    0.225791] usb usb4: New USB device found, idVendor=1d6b, idProduct=0001, bcdDevice= 6.04
[    0.226005] usb usb4: New USB device strings: Mfr=3, Product=2, SerialNumber=1
[    0.226244] usb usb4: Product: UHCI Host Controller
[    0.226451] usb usb4: Manufacturer: Linux 6.4.0-thor_kernel-rgilles-gd4bbada4767e uhci_hcd
[    0.226661] usb usb4: SerialNumber: 0000:00:1d.2
[    0.226940] hub 4-0:1.0: USB hub found
[    0.227154] hub 4-0:1.0: 2 ports detected
[    0.227548] usbcore: registered new interface driver usblp
[    0.227768] usbcore: registered new interface driver usb-storage
[    0.228005] i8042: PNP: PS/2 Controller [PNP0303:KBD,PNP0f13:MOU] at 0x60,0x64 irq 1,12
[    0.229421] serio: i8042 KBD port at 0x60,0x64 irq 1
[    0.229831] serio: i8042 AUX port at 0x60,0x64 irq 12
[    0.230132] mousedev: PS/2 mouse device common for all mice
[    0.230585] input: AT Translated Set 2 keyboard as /devices/platform/i8042/serio0/input/input1
[    0.230833] usbcore: registered new interface driver appletouch
[    0.231179] usbcore: registered new interface driver synaptics_usb
[    0.231562] rtc_cmos 00:04: RTC can wake from S4
[    0.232083] input: VirtualPS/2 VMware VMMouse as /devices/platform/i8042/serio1/input/input4
[    0.232574] input: VirtualPS/2 VMware VMMouse as /devices/platform/i8042/serio1/input/input3
[    0.232846] rtc_cmos 00:04: registered as rtc0
[    0.233094] rtc_cmos 00:04: alarms up to one day, y3k, 242 bytes nvram, hpet irqs
[    0.233405] i2c_dev: i2c /dev entries driver
[    0.233693] device-mapper: ioctl: 4.48.0-ioctl (2023-03-01) initialised: dm-devel@redhat.com
[    0.233928] intel_pstate: CPU model not supported
[    0.234161] hid: raw HID events driver (C) Jiri Kosina
[    0.234557] usbcore: registered new interface driver usbhid
[    0.234775] usbhid: USB HID core driver
[    0.235543] Initializing XFRM netlink socket
[    0.235878] NET: Registered PF_INET6 protocol family
[    0.236394] Segment Routing with IPv6
[    0.236628] In-situ OAM (IOAM) with IPv6
[    0.236885] sit: IPv6, IPv4 and MPLS over IPv4 tunneling driver
[    0.237176] NET: Registered PF_PACKET protocol family
[    0.237442] Bluetooth: RFCOMM TTY layer initialized
[    0.237658] Bluetooth: RFCOMM socket layer initialized
[    0.237868] Bluetooth: RFCOMM ver 1.11
[    0.238071] Bluetooth: BNEP (Ethernet Emulation) ver 1.3
[    0.238347] Bluetooth: BNEP filters: protocol multicast
[    0.238563] Bluetooth: BNEP socket layer initialized
[    0.238775] Bluetooth: HIDP (Human Interface Emulation) ver 1.2
[    0.238993] Bluetooth: HIDP socket layer initialized
[    0.239232] 9pnet: Installing 9P2000 support
[    0.239438] Key type dns_resolver registered
[    0.239907] IPI shorthand broadcast: enabled
[    0.240860] sched_clock: Marking stable (240001228, 165623)->(246895930, -6729079)
[    0.241156] registered taskstats version 1
[    0.241449] Loading compiled-in X.509 certificates
[    0.242683] PM:   Magic number: 15:381:581
[    0.242900] sound seq: hash matches
[    0.243120] printk: console [netcon0] enabled
[    0.243390] netconsole: network logging started
[    0.243617] cfg80211: Loading compiled-in X.509 certificates for regulatory database
[    0.244042] kworker/u8:12 (97) used greatest stack depth: 14736 bytes left
[    0.244330] Loaded X.509 cert 'sforshee: 00b28ddf47aef9cea7'
[    0.244651] ALSA device list:
[    0.244940]   No soundcards found.
[    0.245311] platform regulatory.0: Direct firmware load for regulatory.db failed with error -2
[    0.245529] cfg80211: failed to load regulatory.db
[    0.488223] ata6: SATA link down (SStatus 0 SControl 300)
[    0.488681] ata2: SATA link down (SStatus 0 SControl 300)
[    0.488959] ata3: SATA link down (SStatus 0 SControl 300)
[    0.489249] ata4: SATA link down (SStatus 0 SControl 300)
[    0.489544] ata5: SATA link down (SStatus 0 SControl 300)
[    0.489781] ata1: SATA link up 1.5 Gbps (SStatus 113 SControl 300)
[    0.490012] ata1.00: ATA-7: QEMU HARDDISK, 2.5+, max UDMA/100
[    0.490209] ata1.00: 104857600 sectors, multi 16: LBA48 NCQ (depth 32)
[    0.490389] ata1.00: applying bridge limits
[    0.490643] ata1.00: configured for UDMA/100
[    0.490940] scsi 0:0:0:0: Direct-Access     ATA      QEMU HARDDISK    2.5+ PQ: 0 ANSI: 5
[    0.491425] sd 0:0:0:0: [sda] 104857600 512-byte logical blocks: (53.7 GB/50.0 GiB)
[    0.491623] sd 0:0:0:0: [sda] Write Protect is off
[    0.491835] sd 0:0:0:0: [sda] Mode Sense: 00 3a 00 00
[    0.491840] sd 0:0:0:0: [sda] Write cache: enabled, read cache: enabled, doesn't support DPO or FUA
[    0.492295] sd 0:0:0:0: [sda] Preferred minimum I/O size 512 bytes
[    0.492937]  sda: sda1 sda2 sda3 sda4
[    0.493293] sd 0:0:0:0: [sda] Attached SCSI disk
[    0.496305] ata10: SATA link down (SStatus 0 SControl 300)
[    0.496565] ata12: SATA link down (SStatus 0 SControl 300)
[    0.496820] ata11: SATA link down (SStatus 0 SControl 300)
[    0.497070] ata9: SATA link down (SStatus 0 SControl 300)
[    0.497423] ata8: SATA link down (SStatus 0 SControl 300)
[    0.497666] ata7: SATA link down (SStatus 0 SControl 300)
[    0.497909] md: Waiting for all devices to be available before autodetect
[    0.498123] md: If you don't use raid, use raid=noautodetect
[    0.498371] md: Autodetecting RAID arrays.
[    0.498546] md: autorun ...
[    0.498716] md: ... autorun DONE.
[    0.500336] EXT4-fs (sda2): mounted filesystem 9a96d539-a0a1-43a4-9d69-6279b585dcee ro with ordered data mode. Quota mode: disabled.
[    0.500901] VFS: Mounted root (ext4 filesystem) readonly on device 8:2.
[    0.502215] devtmpfs: mounted
[    0.503293] Freeing unused kernel image (initmem) memory: 2612K
[    0.505376] Write protecting the kernel read-only data: 22528k
[    0.505880] Freeing unused kernel image (rodata/data gap) memory: 636K
[    0.506105] Run /sbin/init as init process
[    0.506391]   with arguments:
[    0.506392]     /sbin/init
[    0.506392]   with environment:
[    0.506394]     HOME=/
[    0.506394]     TERM=linux
[    0.506395]     BOOT_IMAGE=/vmlinuz-6.4.0-thor_kernel-rgilles-gd4bbada4767e
[    0.506395]     vga=789
[    0.834181] systemd[1]: systemd 251 running in system mode (+PAM -AUDIT -SELINUX -APPARMOR +IMA +SMACK -SECCOMP -GCRYPT +GNUTLS +OPENSSL +ACL +BLKID +CURL -ELFUTILS -FIDO2 -IDN2 -IDN -IPTC +KMOD -LIBCRYPTSETUP +LIBFDISK -PCRE2 -PWQUALITY +P11KIT -QRENCODE -TPM2 +BZIP2 -LZ4 +XZ +ZLIB +ZSTD -BPF_FRAMEWORK -XKBCOMMON +UTMP +SYSVINIT default-hierarchy=unified)
[    0.835324] systemd[1]: Detected virtualization kvm.
[    0.835564] systemd[1]: Detected architecture x86-64.
[    0.840621] systemd[1]: Hostname set to <rgilles>.
[    0.883483] systemd-getty-g (107) used greatest stack depth: 13376 bytes left
[    1.083554] systemd[1]: /usr/lib/systemd/system/cups.socket:6: ListenStream= references a path below legacy directory /var/run/, updating /var/run/cups/cups.sock â†’ /run/cups/cups.sock; please update the unit file accordingly.
[    1.122093] systemd[1]: Queued start job for default target Graphical Interface.
[    1.133489] systemd[1]: Created slice Slice /system/getty.
[    1.134443] systemd[1]: Created slice Slice /system/modprobe.
[    1.135100] systemd[1]: Created slice Slice /system/systemd-fsck.
[    1.135841] systemd[1]: Created slice User and Session Slice.
[    1.136467] systemd[1]: Started Dispatch Password Requests to Console Directory Watch.
[    1.137084] systemd[1]: Started Forward Password Requests to Wall Directory Watch.
[    1.137851] systemd[1]: Set up automount Arbitrary Executable File Formats File System Automount Point.
[    1.138921] systemd[1]: Reached target User and Group Name Lookups.
[    1.139595] systemd[1]: Reached target Remote File Systems.
[    1.140207] systemd[1]: Reached target Slice Units.
[    1.142172] systemd[1]: Listening on Process Core Dump Socket.
[    1.142867] systemd[1]: Listening on initctl Compatibility Named Pipe.
[    1.148343] modprobe (114) used greatest stack depth: 12952 bytes left
[    1.148376] systemd[1]: Journal Audit Socket was skipped because of a failed condition check (ConditionSecurity=audit).
[    1.149435] systemd[1]: Listening on Journal Socket (/dev/log).
[    1.150108] systemd[1]: Listening on Journal Socket.
[    1.150899] systemd[1]: Listening on Network Service Netlink Socket.
[    1.151564] systemd[1]: Listening on Userspace Out-Of-Memory (OOM) Killer Socket.
[    1.152390] systemd[1]: Listening on udev Control Socket.
[    1.153069] systemd[1]: Listening on udev Kernel Socket.
[    1.167274] systemd[1]: Mounting Huge Pages File System...
[    1.168529] systemd[1]: Mounting POSIX Message Queue File System...
[    1.169560] systemd[1]: Mounting Kernel Debug File System...
[    1.170592] systemd[1]: Mounting Kernel Trace File System...
[    1.171567] systemd[1]: Starting Create List of Static Device Nodes...
[    1.172564] systemd[1]: Starting Load Kernel Module configfs...
[    1.174269] systemd[1]: Starting Load Kernel Module drm...
[    1.175331] systemd[1]: Starting Load Kernel Module fuse...
[    1.176681] systemd[1]: Starting File System Check on Root Device...
[    1.177311] fuse: init (API version 7.38)
[    1.177824] systemd[1]: systemd-journald.service: unit configures an IP firewall, but the local system does not support BPF/cgroup firewalling.
[    1.178601] systemd[1]: (This warning is only shown for the first unit using IP firewalling.)
[    1.179262] ACPI: bus type drm_connector registered
[    1.179355] systemd[1]: Starting Journal Service...
[    1.189797] systemd[1]: Load Kernel Modules was skipped because all trigger condition checks failed.
[    1.200307] systemd[1]: Starting Generate network units from Kernel command line...
[    1.200941] systemd[1]: Repartition Root Disk was skipped because all trigger condition checks failed.
[    1.202090] systemd[1]: Starting Apply Kernel Variables...
[    1.203295] systemd[1]: Starting Coldplug All udev Devices...
[    1.204717] systemd[1]: Mounted Huge Pages File System.
[    1.205738] systemd[1]: Mounted POSIX Message Queue File System.
[    1.206572] systemd[1]: Mounted Kernel Debug File System.
[    1.207247] systemd[1]: Started Journal Service.
[    1.265007] EXT4-fs (sda2): re-mounted 9a96d539-a0a1-43a4-9d69-6279b585dcee r/w. Quota mode: disabled.
[    1.298537] systemd-journald[124]: Received client request to flush runtime journal.
[    1.804966] ACPI: \_SB_.GSIH: Enabled at IRQ 23
[    1.806656] ACPI: \_SB_.GSIE: Enabled at IRQ 20
[    1.830400] virtio_net virtio0 enp0s3: renamed from eth0
[    1.847442] lpc_ich 0000:00:1f.0: I/O space for GPIO uninitialized
[    1.848112] i801_smbus 0000:00:1f.3: SMBus using PCI interrupt
[    1.848499] i2c i2c-0: 1/1 memory slots populated (from DMI)
[    1.848719] i2c i2c-0: Memory type 0x07 not supported yet, not instantiating SPD
[    2.038873] Adding 4194300k swap on /dev/sda4.  Priority:1 extents:1 across:4194300k 
[    2.144436] EXT4-fs (sda1): mounted filesystem e10690b9-d798-45ee-b464-2a0b3375d38e r/w with ordered data mode. Quota mode: disabled.
[    2.184120] EXT4-fs (sda3): mounted filesystem 542587c5-56bd-4ef5-b9cd-8b23fcb4885f r/w with ordered data mode. Quota mode: disabled.
