[    0.000000] Linux version 6.2.0-thor_kernel-rgilles_torvalds-gee3f96b16468-dirty (root@rgilles) (gcc (GCC) 12.2.0, GNU ld (GNU Binutils) 2.39) #1 SMP PREEMPT_DYNAMIC Sun Mar  5 18:00:26 CET 2023
[    0.000000] Command line: BOOT_IMAGE=/vmlinuz-6.2.0-rgilles_torvalds-gee3f96b16468 root=PARTUUID=242f11bc-02 ro nomodeset vga=789
[    0.000000] KERNEL supported cpus:
[    0.000000]   Intel GenuineIntel
[    0.000000]   AMD AuthenticAMD
[    0.000000]   Hygon HygonGenuine
[    0.000000]   Centaur CentaurHauls
[    0.000000]   zhaoxin   Shanghai  
[    0.000000] x86/fpu: Supporting XSAVE feature 0x001: 'x87 floating point registers'
[    0.000000] x86/fpu: Supporting XSAVE feature 0x002: 'SSE registers'
[    0.000000] x86/fpu: Supporting XSAVE feature 0x004: 'AVX registers'
[    0.000000] x86/fpu: xstate_offset[2]:  576, xstate_sizes[2]:  256
[    0.000000] x86/fpu: Enabled xstate features 0x7, context size is 832 bytes, using 'standard' format.
[    0.000000] signal: max sigframe size: 1776
[    0.000000] BIOS-provided physical RAM map:
[    0.000000] BIOS-e820: [mem 0x0000000000000000-0x000000000009fbff] usable
[    0.000000] BIOS-e820: [mem 0x000000000009fc00-0x000000000009ffff] reserved
[    0.000000] BIOS-e820: [mem 0x00000000000f0000-0x00000000000fffff] reserved
[    0.000000] BIOS-e820: [mem 0x0000000000100000-0x00000000dffeffff] usable
[    0.000000] BIOS-e820: [mem 0x00000000dfff0000-0x00000000dfffffff] ACPI data
[    0.000000] BIOS-e820: [mem 0x00000000fec00000-0x00000000fec00fff] reserved
[    0.000000] BIOS-e820: [mem 0x00000000fee00000-0x00000000fee00fff] reserved
[    0.000000] BIOS-e820: [mem 0x00000000fffc0000-0x00000000ffffffff] reserved
[    0.000000] BIOS-e820: [mem 0x0000000100000000-0x000000019fffffff] usable
[    0.000000] NX (Execute Disable) protection: active
[    0.000000] SMBIOS 2.5 present.
[    0.000000] DMI: innotek GmbH VirtualBox/VirtualBox, BIOS VirtualBox 12/01/2006
[    0.000000] Hypervisor detected: KVM
[    0.000000] kvm-clock: Using msrs 4b564d01 and 4b564d00
[    0.000001] kvm-clock: using sched offset of 9576290900 cycles
[    0.000004] clocksource: kvm-clock: mask: 0xffffffffffffffff max_cycles: 0x1cd42e4dffb, max_idle_ns: 881590591483 ns
[    0.000007] tsc: Detected 2712.002 MHz processor
[    0.000834] e820: update [mem 0x00000000-0x00000fff] usable ==> reserved
[    0.000839] e820: remove [mem 0x000a0000-0x000fffff] usable
[    0.000844] last_pfn = 0x1a0000 max_arch_pfn = 0x400000000
[    0.000854] MTRRs disabled by BIOS
[    0.000857] x86/PAT: Configuration [0-7]: WB  WC  UC- UC  WB  WP  UC- WT  
[    0.000893] last_pfn = 0xdfff0 max_arch_pfn = 0x400000000
[    0.000955] found SMP MP-table at [mem 0x0009fff0-0x0009ffff]
[    0.001000] ACPI: Early table checksum verification disabled
[    0.001000] ACPI: RSDP 0x00000000000E0000 000024 (v02 VBOX  )
[    0.001000] ACPI: XSDT 0x00000000DFFF0030 00003C (v01 VBOX   VBOXXSDT 00000001 ASL  00000061)
[    0.001000] ACPI: FACP 0x00000000DFFF00F0 0000F4 (v04 VBOX   VBOXFACP 00000001 ASL  00000061)
[    0.001000] ACPI: DSDT 0x00000000DFFF0620 002353 (v02 VBOX   VBOXBIOS 00000002 INTL 20200925)
[    0.001000] ACPI: FACS 0x00000000DFFF0200 000040
[    0.001000] ACPI: FACS 0x00000000DFFF0200 000040
[    0.001000] ACPI: APIC 0x00000000DFFF0240 00006C (v02 VBOX   VBOXAPIC 00000001 ASL  00000061)
[    0.001000] ACPI: SSDT 0x00000000DFFF02B0 00036C (v01 VBOX   VBOXCPUT 00000002 INTL 20200925)
[    0.001000] ACPI: Reserving FACP table memory at [mem 0xdfff00f0-0xdfff01e3]
[    0.001000] ACPI: Reserving DSDT table memory at [mem 0xdfff0620-0xdfff2972]
[    0.001000] ACPI: Reserving FACS table memory at [mem 0xdfff0200-0xdfff023f]
[    0.001000] ACPI: Reserving FACS table memory at [mem 0xdfff0200-0xdfff023f]
[    0.001000] ACPI: Reserving APIC table memory at [mem 0xdfff0240-0xdfff02ab]
[    0.001000] ACPI: Reserving SSDT table memory at [mem 0xdfff02b0-0xdfff061b]
[    0.001000] No NUMA configuration found
[    0.001000] Faking a node at [mem 0x0000000000000000-0x000000019fffffff]
[    0.001000] NODE_DATA(0) allocated [mem 0x19fff8000-0x19fffbfff]
[    0.001000] Zone ranges:
[    0.001000]   DMA      [mem 0x0000000000001000-0x0000000000ffffff]
[    0.001000]   DMA32    [mem 0x0000000001000000-0x00000000ffffffff]
[    0.001000]   Normal   [mem 0x0000000100000000-0x000000019fffffff]
[    0.001000] Movable zone start for each node
[    0.001000] Early memory node ranges
[    0.001000]   node   0: [mem 0x0000000000001000-0x000000000009efff]
[    0.001000]   node   0: [mem 0x0000000000100000-0x00000000dffeffff]
[    0.001000]   node   0: [mem 0x0000000100000000-0x000000019fffffff]
[    0.001000] Initmem setup node 0 [mem 0x0000000000001000-0x000000019fffffff]
[    0.001000] On node 0, zone DMA: 1 pages in unavailable ranges
[    0.001000] On node 0, zone DMA: 97 pages in unavailable ranges
[    0.001000] On node 0, zone Normal: 16 pages in unavailable ranges
[    0.001000] ACPI: PM-Timer IO Port: 0x4008
[    0.001000] IOAPIC[0]: apic_id 4, version 32, address 0xfec00000, GSI 0-23
[    0.001000] ACPI: INT_SRC_OVR (bus 0 bus_irq 0 global_irq 2 dfl dfl)
[    0.001000] ACPI: INT_SRC_OVR (bus 0 bus_irq 9 global_irq 9 low level)
[    0.001000] ACPI: Using ACPI (MADT) for SMP configuration information
[    0.001000] smpboot: Allowing 4 CPUs, 0 hotplug CPUs
[    0.001000] PM: hibernation: Registered nosave memory: [mem 0x00000000-0x00000fff]
[    0.001000] PM: hibernation: Registered nosave memory: [mem 0x0009f000-0x0009ffff]
[    0.001000] PM: hibernation: Registered nosave memory: [mem 0x000a0000-0x000effff]
[    0.001000] PM: hibernation: Registered nosave memory: [mem 0x000f0000-0x000fffff]
[    0.001000] PM: hibernation: Registered nosave memory: [mem 0xdfff0000-0xdfffffff]
[    0.001000] PM: hibernation: Registered nosave memory: [mem 0xe0000000-0xfebfffff]
[    0.001000] PM: hibernation: Registered nosave memory: [mem 0xfec00000-0xfec00fff]
[    0.001000] PM: hibernation: Registered nosave memory: [mem 0xfec01000-0xfedfffff]
[    0.001000] PM: hibernation: Registered nosave memory: [mem 0xfee00000-0xfee00fff]
[    0.001000] PM: hibernation: Registered nosave memory: [mem 0xfee01000-0xfffbffff]
[    0.001000] PM: hibernation: Registered nosave memory: [mem 0xfffc0000-0xffffffff]
[    0.001000] [mem 0xe0000000-0xfebfffff] available for PCI devices
[    0.001000] Booting paravirtualized kernel on KVM
[    0.001000] clocksource: refined-jiffies: mask: 0xffffffff max_cycles: 0xffffffff, max_idle_ns: 1910969940391419 ns
[    0.001000] setup_percpu: NR_CPUS:64 nr_cpumask_bits:4 nr_cpu_ids:4 nr_node_ids:1
[    0.001000] percpu: Embedded 54 pages/cpu s182440 r8192 d30552 u524288
[    0.001000] pcpu-alloc: s182440 r8192 d30552 u524288 alloc=1*2097152
[    0.001000] pcpu-alloc: [0] 0 1 2 3 
[    0.001000] kvm-guest: PV spinlocks enabled
[    0.001000] PV qspinlock hash table entries: 256 (order: 0, 4096 bytes, linear)
[    0.001000] Fallback order for Node 0: 0 
[    0.001000] Built 1 zonelists, mobility grouping on.  Total pages: 1548016
[    0.001000] Policy zone: Normal
[    0.001000] Kernel command line: BOOT_IMAGE=/vmlinuz-6.2.0-rgilles_torvalds-gee3f96b16468 root=PARTUUID=242f11bc-02 ro nomodeset vga=789
[    0.001000] Booted with the nomodeset parameter. Only the system framebuffer will be available
[    0.001000] Unknown kernel command line parameters "BOOT_IMAGE=/vmlinuz-6.2.0-rgilles_torvalds-gee3f96b16468 vga=789", will be passed to user space.
[    0.001000] random: crng init done
[    0.001000] Dentry cache hash table entries: 1048576 (order: 11, 8388608 bytes, linear)
[    0.001000] Inode-cache hash table entries: 524288 (order: 10, 4194304 bytes, linear)
[    0.001000] mem auto-init: stack:all(zero), heap alloc:off, heap free:off
[    0.001000] software IO TLB: area num 4.
[    0.001000] Memory: 6077352K/6291000K available (16384K kernel code, 2711K rwdata, 5376K rodata, 2572K init, 2196K bss, 213388K reserved, 0K cma-reserved)
[    0.001000] SLUB: HWalign=64, Order=0-3, MinObjects=0, CPUs=4, Nodes=1
[    0.001000] Kernel/User page tables isolation: enabled
[    0.001000] Dynamic Preempt: voluntary
[    0.001000] rcu: Preemptible hierarchical RCU implementation.
[    0.001000] rcu: 	RCU event tracing is enabled.
[    0.001000] rcu: 	RCU restricting CPUs from NR_CPUS=64 to nr_cpu_ids=4.
[    0.001000] 	Trampoline variant of Tasks RCU enabled.
[    0.001000] rcu: RCU calculated value of scheduler-enlistment delay is 100 jiffies.
[    0.001000] rcu: Adjusting geometry for rcu_fanout_leaf=16, nr_cpu_ids=4
[    0.001000] NR_IRQS: 4352, nr_irqs: 456, preallocated irqs: 16
[    0.001000] rcu: srcu_init: Setting srcu_struct sizes based on contention.
[    0.001000] Console: colour dummy device 80x25
[    0.001000] printk: console [tty0] enabled
[    0.001000] ACPI: Core revision 20221020
[    0.001000] APIC: Switch to symmetric I/O mode setup
[    0.001000] x2apic enabled
[    0.001000] Switched APIC routing to physical x2apic.
[    0.001000] ..TIMER: vector=0x30 apic1=0 pin1=2 apic2=-1 pin2=-1
[    0.001000] clocksource: tsc-early: mask: 0xffffffffffffffff max_cycles: 0x2717880cafa, max_idle_ns: 440795252614 ns
[    0.233260] Calibrating delay loop (skipped) preset value.. 5424.00 BogoMIPS (lpj=2712002)
[    0.233265] pid_max: default: 32768 minimum: 301
[    0.233285] LSM: initializing lsm=capability,integrity
[    0.233316] Mount-cache hash table entries: 16384 (order: 5, 131072 bytes, linear)
[    0.233333] Mountpoint-cache hash table entries: 16384 (order: 5, 131072 bytes, linear)
[    0.234256] Last level iTLB entries: 4KB 64, 2MB 8, 4MB 8
[    0.234256] Last level dTLB entries: 4KB 64, 2MB 0, 4MB 0, 1GB 4
[    0.234256] Spectre V1 : Mitigation: usercopy/swapgs barriers and __user pointer sanitization
[    0.234256] Spectre V2 : Mitigation: Retpolines
[    0.234256] Spectre V2 : Spectre v2 / SpectreRSB mitigation: Filling RSB on context switch
[    0.234256] Spectre V2 : Spectre v2 / SpectreRSB : Filling RSB on VMEXIT
[    0.234256] RETBleed: WARNING: Spectre v2 mitigation leaves CPU vulnerable to RETBleed attacks, data leaks possible!
[    0.234256] RETBleed: Vulnerable
[    0.234256] Speculative Store Bypass: Vulnerable
[    0.234256] MDS: Mitigation: Clear CPU buffers
[    0.234256] MMIO Stale Data: Mitigation: Clear CPU buffers
[    0.234256] SRBDS: Unknown: Dependent on hypervisor status
[    0.234256] Freeing SMP alternatives memory: 44K
[    0.337905] APIC calibration not consistent with PM-Timer: 117ms instead of 100ms
[    0.337916] APIC delta adjusted to PM-Timer: 6355996 (7478240)
[    0.338184] smpboot: CPU0: Intel(R) Core(TM) i7-6820HQ CPU @ 2.70GHz (family: 0x6, model: 0x5e, stepping: 0x3)
[    0.338256] cblist_init_generic: Setting adjustable number of callback queues.
[    0.338256] cblist_init_generic: Setting shift to 2 and lim to 1.
[    0.338256] Performance Events: unsupported p6 CPU model 94 no PMU driver, software events only.
[    0.338256] rcu: Hierarchical SRCU implementation.
[    0.338256] rcu: 	Max phase no-delay instances is 400.
[    0.338256] smp: Bringing up secondary CPUs ...
[    0.338256] x86: Booting SMP configuration:
[    0.338256] .... node  #0, CPUs:      #1 #2 #3
[    0.343396] smp: Brought up 1 node, 4 CPUs
[    0.343405] smpboot: Max logical packages: 1
[    0.343408] smpboot: Total of 4 processors activated (21696.01 BogoMIPS)
[    0.343875] devtmpfs: initialized
[    0.344482] clocksource: jiffies: mask: 0xffffffff max_cycles: 0xffffffff, max_idle_ns: 1911260446275000 ns
[    0.344482] futex hash table entries: 1024 (order: 4, 65536 bytes, linear)
[    0.345367] PM: RTC time: 17:20:11, date: 2023-03-05
[    0.345580] NET: Registered PF_NETLINK/PF_ROUTE protocol family
[    0.345740] thermal_sys: Registered thermal governor 'step_wise'
[    0.345741] thermal_sys: Registered thermal governor 'user_space'
[    0.345788] cpuidle: using governor menu
[    0.346386] PCI: Using configuration type 1 for base access
[    0.346560] kprobes: kprobe jump-optimization is enabled. All kprobes are optimized if possible.
[    0.347340] HugeTLB: registered 2.00 MiB page size, pre-allocated 0 pages
[    0.347340] HugeTLB: 28 KiB vmemmap can be freed for a 2.00 MiB page
[    0.347667] ACPI: Added _OSI(Module Device)
[    0.347667] ACPI: Added _OSI(Processor Device)
[    0.347667] ACPI: Added _OSI(3.0 _SCP Extensions)
[    0.347667] ACPI: Added _OSI(Processor Aggregator Device)
[    0.349777] ACPI: 2 ACPI AML tables successfully acquired and loaded
[    0.453493] ACPI: Interpreter enabled
[    0.453524] ACPI: PM: (supports S0 S5)
[    0.453527] ACPI: Using IOAPIC for interrupt routing
[    0.453791] PCI: Using host bridge windows from ACPI; if necessary, use "pci=nocrs" and report a bug
[    0.453796] PCI: Using E820 reservations for host bridge windows
[    0.453896] ACPI: Enabled 2 GPEs in block 00 to 07
[    0.457447] ACPI: PCI Root Bridge [PCI0] (domain 0000 [bus 00-ff])
[    0.457456] acpi PNP0A03:00: _OSC: OS supports [ASPM ClockPM Segments MSI HPX-Type3]
[    0.457461] acpi PNP0A03:00: _OSC: not requesting OS control; OS requires [ExtendedConfig ASPM ClockPM MSI]
[    0.457821] acpi PNP0A03:00: fail to add MMCONFIG information, can't access extended configuration space under this bridge
[    0.457936] PCI host bridge to bus 0000:00
[    0.457940] pci_bus 0000:00: root bus resource [io  0x0000-0x0cf7 window]
[    0.457944] pci_bus 0000:00: root bus resource [io  0x0d00-0xffff window]
[    0.457948] pci_bus 0000:00: root bus resource [mem 0x000a0000-0x000bffff window]
[    0.457952] pci_bus 0000:00: root bus resource [mem 0xe0000000-0xfdffffff window]
[    0.457956] pci_bus 0000:00: root bus resource [bus 00-ff]
[    0.458155] pci 0000:00:01.0: [8086:7000] type 00 class 0x060100
[    0.458867] pci 0000:00:02.0: [15ad:0405] type 00 class 0x030000
[    0.460276] pci 0000:00:02.0: reg 0x10: [io  0xd000-0xd00f]
[    0.466275] pci 0000:00:02.0: reg 0x14: [mem 0xe0000000-0xe7ffffff pref]
[    0.474269] pci 0000:00:02.0: reg 0x18: [mem 0xf0000000-0xf01fffff]
[    0.497345] pci 0000:00:02.0: Video device with shadowed ROM at [mem 0x000c0000-0x000dffff]
[    0.498420] pci 0000:00:03.0: [8086:100e] type 00 class 0x020000
[    0.502304] pci 0000:00:03.0: reg 0x10: [mem 0xf0200000-0xf021ffff]
[    0.511370] pci 0000:00:03.0: reg 0x18: [io  0xd010-0xd017]
[    0.530634] pci 0000:00:04.0: [80ee:cafe] type 00 class 0x088000
[    0.534330] pci 0000:00:04.0: reg 0x10: [io  0xd020-0xd03f]
[    0.537354] pci 0000:00:04.0: reg 0x14: [mem 0xf0400000-0xf07fffff]
[    0.538376] pci 0000:00:04.0: reg 0x18: [mem 0xf0800000-0xf0803fff pref]
[    0.556360] pci 0000:00:05.0: [8086:2668] type 00 class 0x040300
[    0.558449] pci 0000:00:05.0: reg 0x10: [mem 0xf0804000-0xf0807fff]
[    0.584264] pci 0000:00:07.0: [8086:7113] type 00 class 0x068000
[    0.584743] pci 0000:00:07.0: quirk: [io  0x4000-0x403f] claimed by PIIX4 ACPI
[    0.584760] pci 0000:00:07.0: quirk: [io  0x4100-0x410f] claimed by PIIX4 SMB
[    0.585428] pci 0000:00:0c.0: [8086:1e31] type 00 class 0x0c0330
[    0.590277] pci 0000:00:0c.0: reg 0x10: [mem 0xf0810000-0xf081ffff]
[    0.610428] pci 0000:00:0d.0: [8086:2829] type 00 class 0x010601
[    0.613323] pci 0000:00:0d.0: reg 0x10: [io  0xd040-0xd047]
[    0.622273] pci 0000:00:0d.0: reg 0x14: [io  0xd048-0xd04b]
[    0.628341] pci 0000:00:0d.0: reg 0x18: [io  0xd050-0xd057]
[    0.633375] pci 0000:00:0d.0: reg 0x1c: [io  0xd058-0xd05b]
[    0.636411] pci 0000:00:0d.0: reg 0x20: [io  0xd060-0xd06f]
[    0.640392] pci 0000:00:0d.0: reg 0x24: [mem 0xf0820000-0xf0821fff]
[    0.648672] ACPI: PCI: Interrupt link LNKA configured for IRQ 11
[    0.648986] ACPI: PCI: Interrupt link LNKB configured for IRQ 10
[    0.649088] ACPI: PCI: Interrupt link LNKC configured for IRQ 9
[    0.649273] ACPI: PCI: Interrupt link LNKD configured for IRQ 11
[    0.649532] iommu: Default domain type: Translated 
[    0.649537] iommu: DMA domain TLB invalidation policy: lazy mode 
[    0.649698] SCSI subsystem initialized
[    0.650306] libata version 3.00 loaded.
[    0.650386] ACPI: bus type USB registered
[    0.650426] usbcore: registered new interface driver usbfs
[    0.650437] usbcore: registered new interface driver hub
[    0.650448] usbcore: registered new device driver usb
[    0.650472] pps_core: LinuxPPS API ver. 1 registered
[    0.650488] pps_core: Software ver. 5.3.6 - Copyright 2005-2007 Rodolfo Giometti <giometti@linux.it>
[    0.650535] Advanced Linux Sound Architecture Driver Initialized.
[    0.650535] Bluetooth: Core ver 2.22
[    0.650535] NET: Registered PF_BLUETOOTH protocol family
[    0.650535] Bluetooth: HCI device and connection manager initialized
[    0.650535] Bluetooth: HCI socket layer initialized
[    0.650535] Bluetooth: L2CAP socket layer initialized
[    0.650535] Bluetooth: SCO socket layer initialized
[    0.650535] NetLabel: Initializing
[    0.650538] NetLabel:  domain hash size = 128
[    0.650541] NetLabel:  protocols = UNLABELED CIPSOv4 CALIPSO
[    0.650571] NetLabel:  unlabeled traffic allowed by default
[    0.651300] PCI: Using ACPI for IRQ routing
[    0.651300] PCI: pci_cache_line_size set to 64 bytes
[    0.651452] e820: reserve RAM buffer [mem 0x0009fc00-0x0009ffff]
[    0.651457] e820: reserve RAM buffer [mem 0xdfff0000-0xdfffffff]
[    0.651484] pci 0000:00:02.0: vgaarb: setting as boot VGA device
[    0.651484] pci 0000:00:02.0: vgaarb: bridge control possible
[    0.651484] pci 0000:00:02.0: vgaarb: VGA device added: decodes=io+mem,owns=io+mem,locks=none
[    0.651484] vgaarb: loaded
[    0.651484] clocksource: Switched to clocksource kvm-clock
[    0.681357] pnp: PnP ACPI init
[    0.682145] pnp: PnP ACPI: found 2 devices
[    0.694102] clocksource: acpi_pm: mask: 0xffffff max_cycles: 0xffffff, max_idle_ns: 2085701024 ns
[    0.694159] NET: Registered PF_INET protocol family
[    0.694296] IP idents hash table entries: 131072 (order: 8, 1048576 bytes, linear)
[    0.694353] tcp_listen_portaddr_hash hash table entries: 4096 (order: 4, 65536 bytes, linear)
[    0.694353] Table-perturb hash table entries: 65536 (order: 6, 262144 bytes, linear)
[    0.694353] TCP established hash table entries: 65536 (order: 7, 524288 bytes, linear)
[    0.694353] TCP bind hash table entries: 65536 (order: 9, 2097152 bytes, linear)
[    0.694353] TCP: Hash tables configured (established 65536 bind 65536)
[    0.694353] UDP hash table entries: 4096 (order: 5, 131072 bytes, linear)
[    0.694353] UDP-Lite hash table entries: 4096 (order: 5, 131072 bytes, linear)
[    0.694353] NET: Registered PF_UNIX/PF_LOCAL protocol family
[    0.704445] RPC: Registered named UNIX socket transport module.
[    0.704451] RPC: Registered udp transport module.
[    0.704454] RPC: Registered tcp transport module.
[    0.704456] RPC: Registered tcp NFSv4.1 backchannel transport module.
[    0.704991] pci_bus 0000:00: resource 4 [io  0x0000-0x0cf7 window]
[    0.704999] pci_bus 0000:00: resource 5 [io  0x0d00-0xffff window]
[    0.705004] pci_bus 0000:00: resource 6 [mem 0x000a0000-0x000bffff window]
[    0.705009] pci_bus 0000:00: resource 7 [mem 0xe0000000-0xfdffffff window]
[    0.706545] PCI: CLS 0 bytes, default 64
[    0.706560] PCI-DMA: Using software bounce buffering for IO (SWIOTLB)
[    0.706564] software IO TLB: mapped [mem 0x00000000dbff0000-0x00000000dfff0000] (64MB)
[    0.706799] RAPL PMU: API unit is 2^-32 Joules, 0 fixed counters, 10737418240 ms ovfl timer
[    0.706816] clocksource: tsc: mask: 0xffffffffffffffff max_cycles: 0x2717880cafa, max_idle_ns: 440795252614 ns
[    0.706952] clocksource: Switched to clocksource tsc
[    0.706989] platform rtc_cmos: registered platform RTC device (no PNP device found)
[    0.708299] Initialise system trusted keyrings
[    0.708400] workingset: timestamp_bits=40 max_order=21 bucket_order=0
[    0.708597] NFS: Registering the id_resolver key type
[    0.708605] Key type id_resolver registered
[    0.708608] Key type id_legacy registered
[    0.708681] 9p: Installing v9fs 9p2000 file system support
[    0.710492] NET: Registered PF_ALG protocol family
[    0.710492] Key type asymmetric registered
[    0.710492] Asymmetric key parser 'x509' registered
[    0.710492] Block layer SCSI generic (bsg) driver version 0.4 loaded (major 252)
[    0.710492] io scheduler mq-deadline registered
[    0.710492] io scheduler kyber registered
[    0.716755] ACPI: AC: AC Adapter [AC] (on-line)
[    0.716808] input: Power Button as /devices/LNXSYSTM:00/LNXPWRBN:00/input/input0
[    0.716910] ACPI: button: Power Button [PWRF]
[    0.716990] input: Sleep Button as /devices/LNXSYSTM:00/LNXSLPBN:00/input/input1
[    0.717008] ACPI: button: Sleep Button [SLPF]
[    0.718122] ACPI: battery: Slot [BAT0] (battery present)
[    0.718187] Serial: 8250/16550 driver, 4 ports, IRQ sharing enabled
[    0.718925] Non-volatile memory driver v1.3
[    0.718929] Linux agpgart interface v0.103
[    0.725580] loop: module loaded
[    0.726035] ahci 0000:00:0d.0: version 3.0
[    0.726711] ahci 0000:00:0d.0: SSS flag set, parallel bus scan disabled
[    0.727151] ahci 0000:00:0d.0: AHCI 0001.0100 32 slots 2 ports 3 Gbps 0x3 impl SATA mode
[    0.727158] ahci 0000:00:0d.0: flags: 64bit ncq stag only ccc 
[    0.731945] scsi host0: ahci
[    0.732473] scsi host1: ahci
[    0.732575] ata1: SATA max UDMA/133 abar m8192@0xf0820000 port 0xf0820100 irq 21
[    0.732585] ata2: SATA max UDMA/133 abar m8192@0xf0820000 port 0xf0820180 irq 21
[    0.733037] e100: Intel(R) PRO/100 Network Driver
[    0.733041] e100: Copyright(c) 1999-2006 Intel Corporation
[    0.733102] e1000: Intel(R) PRO/1000 Network Driver
[    0.733105] e1000: Copyright (c) 1999-2006 Intel Corporation.
[    1.043528] ata1: SATA link up 3.0 Gbps (SStatus 123 SControl 300)
[    1.043979] ata1.00: ATA-6: VBOX HARDDISK, 1.0, max UDMA/133
[    1.043985] ata1.00: 104857600 sectors, multi 128: LBA48 NCQ (depth 32)
[    1.044247] ata1.00: configured for UDMA/133
[    1.044433] scsi 0:0:0:0: Direct-Access     ATA      VBOX HARDDISK    1.0  PQ: 0 ANSI: 5
[    1.044690] scsi 0:0:0:0: Attached scsi generic sg0 type 0
[    1.044886] sd 0:0:0:0: [sda] 104857600 512-byte logical blocks: (53.7 GB/50.0 GiB)
[    1.044897] sd 0:0:0:0: [sda] Write Protect is off
[    1.044901] sd 0:0:0:0: [sda] Mode Sense: 00 3a 00 00
[    1.044916] sd 0:0:0:0: [sda] Write cache: enabled, read cache: enabled, doesn't support DPO or FUA
[    1.044934] sd 0:0:0:0: [sda] Preferred minimum I/O size 512 bytes
[    1.045894]  sda: sda1 sda2 sda3 sda4
[    1.046051] sd 0:0:0:0: [sda] Attached SCSI disk
[    1.096614] e1000 0000:00:03.0 eth0: (PCI:33MHz:32-bit) 08:00:27:b7:84:8a
[    1.096614] e1000 0000:00:03.0 eth0: Intel(R) PRO/1000 Network Connection
[    1.096614] sky2: driver version 1.30
[    1.097051] usbcore: registered new interface driver usblp
[    1.097069] usbcore: registered new interface driver usb-storage
[    1.097161] i8042: PNP: PS/2 Controller [PNP0303:PS2K,PNP0f03:PS2M] at 0x60,0x64 irq 1,12
[    1.097850] serio: i8042 KBD port at 0x60,0x64 irq 1
[    1.097857] serio: i8042 AUX port at 0x60,0x64 irq 12
[    1.097858] xhci_hcd 0000:00:0c.0: xHCI Host Controller
[    1.097898] xhci_hcd 0000:00:0c.0: new USB bus registered, assigned bus number 1
[    1.098810] mousedev: PS/2 mouse device common for all mice
[    1.098958] usbcore: registered new interface driver appletouch
[    1.099066] usbcore: registered new interface driver synaptics_usb
[    1.099544] input: AT Translated Set 2 keyboard as /devices/platform/i8042/serio0/input/input2
[    1.099783] xhci_hcd 0000:00:0c.0: hcc params 0x04000000 hci version 0x100 quirks 0x000000000000b930
[    1.100051] xhci_hcd 0000:00:0c.0: xHCI Host Controller
[    1.100238] xhci_hcd 0000:00:0c.0: new USB bus registered, assigned bus number 2
[    1.100247] xhci_hcd 0000:00:0c.0: Host supports USB 3.0 SuperSpeed
[    1.100522] usb usb1: New USB device found, idVendor=1d6b, idProduct=0002, bcdDevice= 6.02
[    1.100529] usb usb1: New USB device strings: Mfr=3, Product=2, SerialNumber=1
[    1.100533] usb usb1: Product: xHCI Host Controller
[    1.100536] usb usb1: Manufacturer: Linux 6.2.0-thor_kernel-rgilles_torvalds-gee3f96b16468-dirty xhci-hcd
[    1.100540] usb usb1: SerialNumber: 0000:00:0c.0
[    1.100789] hub 1-0:1.0: USB hub found
[    1.100828] rtc_cmos rtc_cmos: registered as rtc0
[    1.100861] hub 1-0:1.0: 8 ports detected
[    1.100925] rtc_cmos rtc_cmos: alarms up to one day, 114 bytes nvram
[    1.100938] i2c_dev: i2c /dev entries driver
[    1.100986] device-mapper: ioctl: 4.47.0-ioctl (2022-07-28) initialised: dm-devel@redhat.com
[    1.100995] intel_pstate: CPU model not supported
[    1.101022] vesafb: mode is 800x600x24, linelength=2400, pages=0
[    1.101026] vesafb: scrolling: redraw
[    1.101028] vesafb: Truecolor: size=0:8:8:8, shift=0:16:8:0
[    1.101040] vesafb: framebuffer at 0xe0000000, mapped to 0x00000000d6dd5d62, using 1408k, total 1408k
[    1.101353] usb usb2: New USB device found, idVendor=1d6b, idProduct=0003, bcdDevice= 6.02
[    1.101355] usb usb2: New USB device strings: Mfr=3, Product=2, SerialNumber=1
[    1.101359] usb usb2: Product: xHCI Host Controller
[    1.101360] usb usb2: Manufacturer: Linux 6.2.0-thor_kernel-rgilles_torvalds-gee3f96b16468-dirty xhci-hcd
[    1.101363] usb usb2: SerialNumber: 0000:00:0c.0
[    1.102286] Console: switching to colour frame buffer device 100x37
[    1.103295] hub 2-0:1.0: USB hub found
[    1.103327] hub 2-0:1.0: 6 ports detected
[    1.104263] fb0: VESA VGA frame buffer device
[    1.104263] hid: raw HID events driver (C) Jiri Kosina
[    1.104263] usbcore: registered new interface driver usbhid
[    1.104263] usbhid: USB HID core driver
[    1.118746] Initializing XFRM netlink socket
[    1.120669] NET: Registered PF_INET6 protocol family
[    1.121952] Segment Routing with IPv6
[    1.122684] In-situ OAM (IOAM) with IPv6
[    1.123175] sit: IPv6, IPv4 and MPLS over IPv4 tunneling driver
[    1.123646] NET: Registered PF_PACKET protocol family
[    1.124400] Bluetooth: RFCOMM TTY layer initialized
[    1.124834] Bluetooth: RFCOMM socket layer initialized
[    1.125352] Bluetooth: RFCOMM ver 1.11
[    1.125378] Bluetooth: BNEP (Ethernet Emulation) ver 1.3
[    1.125378] Bluetooth: BNEP filters: protocol multicast
[    1.125378] Bluetooth: BNEP socket layer initialized
[    1.125378] Bluetooth: HIDP (Human Interface Emulation) ver 1.2
[    1.125378] Bluetooth: HIDP socket layer initialized
[    1.125378] 9pnet: Installing 9P2000 support
[    1.125378] Key type dns_resolver registered
[    1.129680] IPI shorthand broadcast: enabled
[    1.130631] sched_clock: Marking stable (897375074, 232256464)->(1193688534, -64056996)
[    1.133842] registered taskstats version 1
[    1.135121] Loading compiled-in X.509 certificates
[    1.138462] PM:   Magic number: 15:430:339
[    1.139012] printk: console [netcon0] enabled
[    1.139374] netconsole: network logging started
[    1.140050] cfg80211: Loading compiled-in X.509 certificates for regulatory database
[    1.144501] kworker/u8:0 (68) used greatest stack depth: 14744 bytes left
[    1.145430] Loaded X.509 cert 'sforshee: 00b28ddf47aef9cea7'
[    1.145996] platform regulatory.0: Direct firmware load for regulatory.db failed with error -2
[    1.146574] cfg80211: failed to load regulatory.db
[    1.147086] ALSA device list:
[    1.147531]   No soundcards found.
[    1.313467] input: ImExPS/2 Generic Explorer Mouse as /devices/platform/i8042/serio1/input/input4
[    1.512424] usb 1-1: new full-speed USB device number 2 using xhci_hcd
[    1.512437] ata2: SATA link up 3.0 Gbps (SStatus 123 SControl 300)
[    1.515179] ata2.00: ATAPI: VBOX CD-ROM, 1.0, max UDMA/133
[    1.515918] ata2.00: applying bridge limits
[    1.516606] ata2.00: configured for UDMA/100
[    1.517672] scsi 1:0:0:0: CD-ROM            VBOX     CD-ROM           1.0  PQ: 0 ANSI: 5
[    1.566140] sr 1:0:0:0: [sr0] scsi-1 drive
[    1.567234] cdrom: Uniform CD-ROM driver Revision: 3.20
[    1.576807] sr 1:0:0:0: Attached scsi CD-ROM sr0
[    1.576987] sr 1:0:0:0: Attached scsi generic sg1 type 5
[    1.578571] md: Waiting for all devices to be available before autodetect
[    1.579168] md: If you don't use raid, use raid=noautodetect
[    1.579748] md: Autodetecting RAID arrays.
[    1.580432] md: autorun ...
[    1.581033] md: ... autorun DONE.
[    1.587893] EXT4-fs (sda2): mounted filesystem 9a96d539-a0a1-43a4-9d69-6279b585dcee with ordered data mode. Quota mode: disabled.
[    1.588897] VFS: Mounted root (ext4 filesystem) readonly on device 8:2.
[    1.594890] devtmpfs: mounted
[    1.597059] Freeing unused kernel image (initmem) memory: 2572K
[    1.599078] Write protecting the kernel read-only data: 22528k
[    1.600549] Freeing unused kernel image (rodata/data gap) memory: 768K
[    1.601350] Run /sbin/init as init process
[    1.601891]   with arguments:
[    1.601892]     /sbin/init
[    1.601892]   with environment:
[    1.601893]     HOME=/
[    1.601894]     TERM=linux
[    1.601895]     BOOT_IMAGE=/vmlinuz-6.2.0-rgilles_torvalds-gee3f96b16468
[    1.601896]     vga=789
[    1.652231] usb 1-1: New USB device found, idVendor=80ee, idProduct=0021, bcdDevice= 1.00
[    1.652903] usb 1-1: New USB device strings: Mfr=1, Product=3, SerialNumber=0
[    1.653537] usb 1-1: Product: USB Tablet
[    1.654801] usb 1-1: Manufacturer: VirtualBox
[    1.662476] input: VirtualBox USB Tablet as /devices/pci0000:00/0000:00:0c.0/usb1/1-1/1-1:1.0/0003:80EE:0021.0001/input/input5
[    1.664171] hid-generic 0003:80EE:0021.0001: input,hidraw0: USB HID v1.10 Mouse [VirtualBox USB Tablet] on usb-0000:00:0c.0-1/input0
[    1.990389] systemd[1]: systemd 251 running in system mode (+PAM -AUDIT -SELINUX -APPARMOR +IMA +SMACK -SECCOMP -GCRYPT +GNUTLS +OPENSSL +ACL +BLKID +CURL -ELFUTILS -FIDO2 -IDN2 -IDN -IPTC +KMOD -LIBCRYPTSETUP +LIBFDISK -PCRE2 -PWQUALITY +P11KIT -QRENCODE -TPM2 +BZIP2 -LZ4 +XZ +ZLIB +ZSTD -BPF_FRAMEWORK -XKBCOMMON +UTMP +SYSVINIT default-hierarchy=unified)
[    1.993590] systemd[1]: Detected virtualization oracle.
[    1.994206] systemd[1]: Detected architecture x86-64.
[    2.000373] systemd[1]: Hostname set to <rgilles>.
[    2.065916] systemd-getty-g (79) used greatest stack depth: 13384 bytes left
[    2.088390] systemd-gpt-aut (80) used greatest stack depth: 13360 bytes left
[    2.335873] systemd[1]: /usr/lib/systemd/system/cups.socket:6: ListenStream= references a path below legacy directory /var/run/, updating /var/run/cups/cups.sock â†’ /run/cups/cups.sock; please update the unit file accordingly.
[    2.424555] systemd[1]: Queued start job for default target Graphical Interface.
[    2.616473] systemd[1]: Created slice Slice /system/getty.
[    2.619438] systemd[1]: Created slice Slice /system/modprobe.
[    2.622497] systemd[1]: Created slice Slice /system/systemd-fsck.
[    2.624547] systemd[1]: Created slice User and Session Slice.
[    2.626268] systemd[1]: Started Dispatch Password Requests to Console Directory Watch.
[    2.627705] systemd[1]: Started Forward Password Requests to Wall Directory Watch.
[    2.629432] systemd[1]: Set up automount Arbitrary Executable File Formats File System Automount Point.
[    2.631633] systemd[1]: Reached target User and Group Name Lookups.
[    2.633050] systemd[1]: Reached target Remote File Systems.
[    2.634747] systemd[1]: Reached target Slice Units.
[    2.635936] systemd[1]: Reached target System Time Set.
[    2.640164] systemd[1]: Listening on Process Core Dump Socket.
[    2.641683] systemd[1]: Listening on initctl Compatibility Named Pipe.
[    2.660842] modprobe (86) used greatest stack depth: 12936 bytes left
[    2.661032] systemd[1]: Journal Audit Socket was skipped because of a failed condition check (ConditionSecurity=audit).
[    2.665029] systemd[1]: Listening on Journal Socket (/dev/log).
[    2.666741] systemd[1]: Listening on Journal Socket.
[    2.668942] systemd[1]: Listening on Network Service Netlink Socket.
[    2.671412] systemd[1]: Listening on Userspace Out-Of-Memory (OOM) Killer Socket.
[    2.674512] systemd[1]: Listening on udev Control Socket.
[    2.675951] systemd[1]: Listening on udev Kernel Socket.
[    2.686601] systemd[1]: Mounting Huge Pages File System...
[    2.690934] systemd[1]: Mounting POSIX Message Queue File System...
[    2.694034] systemd[1]: Mounting Kernel Debug File System...
[    2.696617] systemd[1]: Mounting Kernel Trace File System...
[    2.699583] systemd[1]: Starting Create List of Static Device Nodes...
[    2.703069] systemd[1]: Starting Load Kernel Module configfs...
[    2.707723] systemd[1]: Starting Load Kernel Module drm...
[    2.710838] systemd[1]: Starting Load Kernel Module fuse...
[    2.714119] systemd[1]: Starting File System Check on Root Device...
[    2.716101] systemd[1]: systemd-journald.service: unit configures an IP firewall, but the local system does not support BPF/cgroup firewalling.
[    2.717407] systemd[1]: (This warning is only shown for the first unit using IP firewalling.)
[    2.719159] systemd[1]: Starting Journal Service...
[    2.725893] systemd[1]: Load Kernel Modules was skipped because all trigger condition checks failed.
[    2.738179] fuse: init (API version 7.38)
[    2.740591] systemd[1]: Starting Generate network units from Kernel command line...
[    2.742371] systemd[1]: Repartition Root Disk was skipped because all trigger condition checks failed.
[    2.744478] ACPI: bus type drm_connector registered
[    2.747667] systemd[1]: Starting Apply Kernel Variables...
[    2.752055] systemd[1]: Starting Coldplug All udev Devices...
[    2.756167] systemd[1]: Mounted Huge Pages File System.
[    2.757964] systemd[1]: Mounted POSIX Message Queue File System.
[    2.759622] systemd[1]: Mounted Kernel Debug File System.
[    2.761112] systemd[1]: Mounted Kernel Trace File System.
[    2.763468] systemd[1]: Finished Create List of Static Device Nodes.
[    2.765214] systemd[1]: modprobe@configfs.service: Deactivated successfully.
[    2.767728] systemd[1]: Finished Load Kernel Module configfs.
[    2.769645] systemd[1]: modprobe@drm.service: Deactivated successfully.
[    2.770995] systemd[1]: Finished Load Kernel Module drm.
[    2.772838] systemd[1]: modprobe@fuse.service: Deactivated successfully.
[    2.773937] systemd[1]: Finished Load Kernel Module fuse.
[    2.775680] systemd[1]: Started Journal Service.
[    2.865943] EXT4-fs (sda2): re-mounted 9a96d539-a0a1-43a4-9d69-6279b585dcee. Quota mode: disabled.
[    2.894310] systemd-journald[96]: Received client request to flush runtime journal.
[    3.681014] journal-offline (114) used greatest stack depth: 12536 bytes left
[    3.833894] piix4_smbus 0000:00:07.0: SMBus Host Controller at 0x4100, revision 0
[    3.848746] vboxguest: host-version: 7.0.6r155176 0x8000000f
[    3.864196] vbg_heartbeat_init: Setting up heartbeat to trigger every 2000 milliseconds
[    3.866357] input: VirtualBox mouse integration as /devices/pci0000:00/0000:00:04.0/input/input6
[    3.929830] e1000: eth0 NIC Link is Up 1000 Mbps Full Duplex, Flow Control: RX
[    3.932091] IPv6: ADDRCONF(NETDEV_CHANGE): eth0: link becomes ready
[    3.992963] snd_hda_codec_idt hdaudioC0D0: autoconfig for STAC9221 A1: line_outs=3 (0xc/0xf/0xb/0x0/0x0) type:speaker
[    3.995252] snd_hda_codec_idt hdaudioC0D0:    speaker_outs=0 (0x0/0x0/0x0/0x0/0x0)
[    3.995935] snd_hda_codec_idt hdaudioC0D0:    hp_outs=1 (0xa/0x0/0x0/0x0/0x0)
[    3.996642] snd_hda_codec_idt hdaudioC0D0:    mono: mono_out=0x0
[    3.997396] snd_hda_codec_idt hdaudioC0D0:    dig-out=0x10/0x0
[    3.998124] snd_hda_codec_idt hdaudioC0D0:    inputs:
[    3.998861] snd_hda_codec_idt hdaudioC0D0:      Mic=0xd
[    3.999432] snd_hda_codec_idt hdaudioC0D0:      Line=0xe
[    4.000846] snd_hda_codec_idt hdaudioC0D0:      CD=0x15
[    4.001522] snd_hda_codec_idt hdaudioC0D0:    dig-in=0x11
[    4.019692] input: HDA Intel Mic as /devices/pci0000:00/0000:00:05.0/sound/card0/input7
[    4.022320] input: HDA Intel Line as /devices/pci0000:00/0000:00:05.0/sound/card0/input8
[    4.023519] input: HDA Intel Speaker Front as /devices/pci0000:00/0000:00:05.0/sound/card0/input9
[    4.025173] input: HDA Intel Speaker CLFE as /devices/pci0000:00/0000:00:05.0/sound/card0/input10
[    4.026354] input: HDA Intel Front Headphone as /devices/pci0000:00/0000:00:05.0/sound/card0/input11
[    4.028660] input: HDA Intel SPDIF In as /devices/pci0000:00/0000:00:05.0/sound/card0/input12
[    4.131212] Adding 4194300k swap on /dev/sda4.  Priority:1 extents:1 across:4194300k 
[    4.238882] EXT4-fs (sda1): mounted filesystem e10690b9-d798-45ee-b464-2a0b3375d38e with ordered data mode. Quota mode: disabled.
[    4.256745] EXT4-fs (sda3): mounted filesystem 542587c5-56bd-4ef5-b9cd-8b23fcb4885f with ordered data mode. Quota mode: disabled.
[   14.010002] 17:20:34.854364 main     VBoxService 7.0.4 r154605 (verbosity: 0) linux.amd64 (Nov 16 2022 17:25:52) release log
               17:20:34.85436
[   14.010544] 17:20:34.855527 main     OS Product: Linux
[   14.011503] 17:20:34.856341 main     OS Release: 6.2.0-thor_kernel-rgilles_torvalds-gee3f96b16468-dirty
[   14.012332] 17:20:34.857116 main     OS Version: #1 SMP PREEMPT_DYNAMIC Sun Mar  5 18:00:26 CET 2023
[   14.013519] 17:20:34.857998 main     Executable: /opt/VBoxGuestAdditions-7.0.4/sbin/VBoxService
               17:20:34.857999 main     Process ID: 687
               17
[   14.019088] 17:20:34.863284 main     7.0.4 r154605 started. Verbose level = 0
[   14.023368] 17:20:34.866524 main     vbglR3GuestCtrlDetectPeekGetCancelSupport: Supported (#1)
[   14.030351] 17:20:34.874849 main     VBoxClient 7.0.4 r154605 (verbosity: 0) linux.amd64 (Nov 16 2022 17:25:59) release log
               17:20:34.874852
[   14.030988] 17:20:34.876042 main     OS Product: Linux
[   14.032077] 17:20:34.876815 main     OS Release: 6.2.0-thor_kernel-rgilles_torvalds-gee3f96b16468-dirty
[   14.033020] 17:20:34.877728 main     OS Version: #1 SMP PREEMPT_DYNAMIC Sun Mar  5 18:00:26 CET 2023
[   14.034261] 17:20:34.878680 main     Executable: /opt/VBoxGuestAdditions-7.0.4/bin/VBoxDRMClient
               17:20:34.878682 main     Process ID: 691
               1
[   14.035186] 17:20:34.880151 main     VBoxDRMClient: Error: unable to find DRM device
